
*** Running vivado
    with args -log esp32_wrapper.vdi -applog -m64 -product Vivado -messageDb vivado.pb -mode batch -source esp32_wrapper.tcl -notrace



****** Vivado v2025.1 (64-bit)
  **** SW Build 6140274 on Thu May 22 00:12:29 MDT 2025
  **** IP Build 6138677 on Thu May 22 03:10:11 MDT 2025
  **** SharedData Build 6139179 on Tue May 20 17:58:58 MDT 2025
  **** Start of session at: Sun Jan  4 02:30:15 2026
    ** Copyright 1986-2022 Xilinx, Inc. All Rights Reserved.
    ** Copyright 2022-2025 Advanced Micro Devices, Inc. All Rights Reserved.

source esp32_wrapper.tcl -notrace
create_project: Time (s): cpu = 00:00:10 ; elapsed = 00:00:06 . Memory (MB): peak = 529.145 ; gain = 245.957
INFO: [IP_Flow 19-234] Refreshing IP repositories
INFO: [IP_Flow 19-1700] Loaded user IP repository 'f:/vivado-library'.
INFO: [IP_Flow 19-2313] Loaded Vivado IP repository 'D:/Xilinx/2025.1/Vivado/data/ip'.
Command: link_design -top esp32_wrapper -part xc7a100tcsg324-1
Design is defaulting to srcset: sources_1
Design is defaulting to constrset: constrs_1
INFO: [Device 21-403] Loading part xc7a100tcsg324-1
INFO: [Project 1-5699] Read binary netlist with skipMacroContent - 1
INFO: [Project 1-454] Reading design checkpoint 'f:/esp32/esp32/ip/esp32_PmodESP32_0_1/esp32_PmodESP32_0_1.dcp' for cell 'esp32_i/PmodESP32_0'
INFO: [Project 1-454] Reading design checkpoint 'f:/esp32/esp32/ip/esp32_axi_intc_0_0/esp32_axi_intc_0_0.dcp' for cell 'esp32_i/axi_intc_0'
INFO: [Project 1-454] Reading design checkpoint 'f:/esp32/esp32/ip/esp32_axi_smc_0/esp32_axi_smc_0.dcp' for cell 'esp32_i/axi_smc'
INFO: [Project 1-454] Reading design checkpoint 'f:/esp32/esp32/ip/esp32_axi_uartlite_1_0/esp32_axi_uartlite_1_0.dcp' for cell 'esp32_i/axi_uartlite_1'
INFO: [Project 1-454] Reading design checkpoint 'f:/esp32/esp32/ip/esp32_clk_wiz_1_0/esp32_clk_wiz_1_0.dcp' for cell 'esp32_i/clk_wiz_1'
INFO: [Project 1-454] Reading design checkpoint 'f:/esp32/esp32/ip/esp32_mdm_1_0/esp32_mdm_1_0.dcp' for cell 'esp32_i/mdm_1'
INFO: [Project 1-454] Reading design checkpoint 'f:/esp32/esp32/ip/esp32_microblaze_0_0/esp32_microblaze_0_0.dcp' for cell 'esp32_i/microblaze_0'
INFO: [Project 1-454] Reading design checkpoint 'f:/esp32/esp32/ip/esp32_reset_inv_0_0/esp32_reset_inv_0_0.dcp' for cell 'esp32_i/reset_inv_0'
INFO: [Project 1-454] Reading design checkpoint 'f:/esp32/esp32/ip/esp32_rst_clk_wiz_1_100M_0/esp32_rst_clk_wiz_1_100M_0.dcp' for cell 'esp32_i/rst_clk_wiz_1_100M'
INFO: [Project 1-454] Reading design checkpoint 'f:/esp32/esp32/ip/esp32_dlmb_bram_if_cntlr_0/esp32_dlmb_bram_if_cntlr_0.dcp' for cell 'esp32_i/microblaze_0_local_memory/dlmb_bram_if_cntlr'
INFO: [Project 1-454] Reading design checkpoint 'f:/esp32/esp32/ip/esp32_dlmb_v10_0/esp32_dlmb_v10_0.dcp' for cell 'esp32_i/microblaze_0_local_memory/dlmb_v10'
INFO: [Project 1-454] Reading design checkpoint 'f:/esp32/esp32/ip/esp32_ilmb_bram_if_cntlr_0/esp32_ilmb_bram_if_cntlr_0.dcp' for cell 'esp32_i/microblaze_0_local_memory/ilmb_bram_if_cntlr'
INFO: [Project 1-454] Reading design checkpoint 'f:/esp32/esp32/ip/esp32_ilmb_v10_0/esp32_ilmb_v10_0.dcp' for cell 'esp32_i/microblaze_0_local_memory/ilmb_v10'
INFO: [Project 1-454] Reading design checkpoint 'f:/esp32/esp32/ip/esp32_lmb_bram_0/esp32_lmb_bram_0.dcp' for cell 'esp32_i/microblaze_0_local_memory/lmb_bram'
Netlist sorting complete. Time (s): cpu = 00:00:01 ; elapsed = 00:00:00.246 . Memory (MB): peak = 882.730 ; gain = 0.000
INFO: [Netlist 29-17] Analyzing 269 Unisim elements for replacement
INFO: [Netlist 29-28] Unisim Transformation completed in 0 CPU seconds
INFO: [Project 1-479] Netlist was created with Vivado 2025.1
INFO: [Project 1-570] Preparing netlist for logic optimization
Parsing XDC File [f:/esp32/esp32/ip/esp32_microblaze_0_0/esp32_microblaze_0_0.xdc] for cell 'esp32_i/microblaze_0/U0'
WARNING: [Vivado_Tcl 4-921] Waiver ID 'CDC-26' -to list should not be empty. [f:/esp32/esp32/ip/esp32_microblaze_0_0/esp32_microblaze_0_0.xdc:3]
WARNING: [Vivado_Tcl 4-921] Waiver ID 'CDC-1' -to list should not be empty. [f:/esp32/esp32/ip/esp32_microblaze_0_0/esp32_microblaze_0_0.xdc:27]
WARNING: [Vivado_Tcl 4-921] Waiver ID 'CDC-1' -to list should not be empty. [f:/esp32/esp32/ip/esp32_microblaze_0_0/esp32_microblaze_0_0.xdc:37]
WARNING: [Vivado_Tcl 4-921] Waiver ID 'CDC-1' -to list should not be empty. [f:/esp32/esp32/ip/esp32_microblaze_0_0/esp32_microblaze_0_0.xdc:61]
WARNING: [Vivado_Tcl 4-921] Waiver ID 'CDC-1' -to list should not be empty. [f:/esp32/esp32/ip/esp32_microblaze_0_0/esp32_microblaze_0_0.xdc:69]
WARNING: [Vivado_Tcl 4-921] Waiver ID 'CDC-1' -to list should not be empty. [f:/esp32/esp32/ip/esp32_microblaze_0_0/esp32_microblaze_0_0.xdc:77]
WARNING: [Vivado_Tcl 4-921] Waiver ID 'CDC-7' -to list should not be empty. [f:/esp32/esp32/ip/esp32_microblaze_0_0/esp32_microblaze_0_0.xdc:95]
WARNING: [Vivado_Tcl 4-919] Waiver ID 'CDC-11' -from list should not be empty. [f:/esp32/esp32/ip/esp32_microblaze_0_0/esp32_microblaze_0_0.xdc:103]
WARNING: [Vivado_Tcl 4-921] Waiver ID 'CDC-15' -to list should not be empty. [f:/esp32/esp32/ip/esp32_microblaze_0_0/esp32_microblaze_0_0.xdc:113]
WARNING: [Vivado_Tcl 4-921] Waiver ID 'CDC-15' -to list should not be empty. [f:/esp32/esp32/ip/esp32_microblaze_0_0/esp32_microblaze_0_0.xdc:138]
WARNING: [Vivado_Tcl 4-921] Waiver ID 'CDC-15' -to list should not be empty. [f:/esp32/esp32/ip/esp32_microblaze_0_0/esp32_microblaze_0_0.xdc:140]
WARNING: [Vivado_Tcl 4-919] Waiver ID 'CDC-1' -from list should not be empty. [f:/esp32/esp32/ip/esp32_microblaze_0_0/esp32_microblaze_0_0.xdc:146]
Finished Parsing XDC File [f:/esp32/esp32/ip/esp32_microblaze_0_0/esp32_microblaze_0_0.xdc] for cell 'esp32_i/microblaze_0/U0'
Parsing XDC File [f:/esp32/esp32/ip/esp32_clk_wiz_1_0/esp32_clk_wiz_1_0_board.xdc] for cell 'esp32_i/clk_wiz_1/inst'
Finished Parsing XDC File [f:/esp32/esp32/ip/esp32_clk_wiz_1_0/esp32_clk_wiz_1_0_board.xdc] for cell 'esp32_i/clk_wiz_1/inst'
Parsing XDC File [f:/esp32/esp32/ip/esp32_clk_wiz_1_0/esp32_clk_wiz_1_0.xdc] for cell 'esp32_i/clk_wiz_1/inst'
INFO: [Timing 38-35] Done setting XDC timing constraints. [f:/esp32/esp32/ip/esp32_clk_wiz_1_0/esp32_clk_wiz_1_0.xdc:54]
INFO: [Timing 38-2] Deriving generated clocks [f:/esp32/esp32/ip/esp32_clk_wiz_1_0/esp32_clk_wiz_1_0.xdc:54]
get_clocks: Time (s): cpu = 00:00:06 ; elapsed = 00:00:07 . Memory (MB): peak = 1623.527 ; gain = 583.664
Finished Parsing XDC File [f:/esp32/esp32/ip/esp32_clk_wiz_1_0/esp32_clk_wiz_1_0.xdc] for cell 'esp32_i/clk_wiz_1/inst'
Parsing XDC File [f:/esp32/esp32/ip/esp32_rst_clk_wiz_1_100M_0/esp32_rst_clk_wiz_1_100M_0_board.xdc] for cell 'esp32_i/rst_clk_wiz_1_100M/U0'
Finished Parsing XDC File [f:/esp32/esp32/ip/esp32_rst_clk_wiz_1_100M_0/esp32_rst_clk_wiz_1_100M_0_board.xdc] for cell 'esp32_i/rst_clk_wiz_1_100M/U0'
Parsing XDC File [f:/esp32/esp32/ip/esp32_axi_uartlite_1_0/esp32_axi_uartlite_1_0_board.xdc] for cell 'esp32_i/axi_uartlite_1/U0'
Finished Parsing XDC File [f:/esp32/esp32/ip/esp32_axi_uartlite_1_0/esp32_axi_uartlite_1_0_board.xdc] for cell 'esp32_i/axi_uartlite_1/U0'
Parsing XDC File [f:/esp32/esp32/ip/esp32_axi_smc_0/bd_0/ip/ip_1/bd_016d_psr_aclk_0_board.xdc] for cell 'esp32_i/axi_smc/inst/clk_map/psr_aclk/U0'
Finished Parsing XDC File [f:/esp32/esp32/ip/esp32_axi_smc_0/bd_0/ip/ip_1/bd_016d_psr_aclk_0_board.xdc] for cell 'esp32_i/axi_smc/inst/clk_map/psr_aclk/U0'
Parsing XDC File [f:/esp32/esp32/ip/esp32_axi_smc_0/smartconnect.xdc] for cell 'esp32_i/axi_smc/inst'
Finished Parsing XDC File [f:/esp32/esp32/ip/esp32_axi_smc_0/smartconnect.xdc] for cell 'esp32_i/axi_smc/inst'
Parsing XDC File [f:/esp32/esp32/ip/esp32_axi_intc_0_0/esp32_axi_intc_0_0.xdc] for cell 'esp32_i/axi_intc_0/U0'
Finished Parsing XDC File [f:/esp32/esp32/ip/esp32_axi_intc_0_0/esp32_axi_intc_0_0.xdc] for cell 'esp32_i/axi_intc_0/U0'
Parsing XDC File [f:/esp32/esp32/ip/esp32_PmodESP32_0_1/src/PmodESP32_axi_gpio_0_0/PmodESP32_axi_gpio_0_0_board.xdc] for cell 'esp32_i/PmodESP32_0/inst/axi_gpio_0/U0'
Finished Parsing XDC File [f:/esp32/esp32/ip/esp32_PmodESP32_0_1/src/PmodESP32_axi_gpio_0_0/PmodESP32_axi_gpio_0_0_board.xdc] for cell 'esp32_i/PmodESP32_0/inst/axi_gpio_0/U0'
Parsing XDC File [f:/esp32/esp32/ip/esp32_PmodESP32_0_1/src/PmodESP32_axi_uartlite_0_0/PmodESP32_axi_uartlite_0_0_board.xdc] for cell 'esp32_i/PmodESP32_0/inst/axi_uartlite_0/U0'
Finished Parsing XDC File [f:/esp32/esp32/ip/esp32_PmodESP32_0_1/src/PmodESP32_axi_uartlite_0_0/PmodESP32_axi_uartlite_0_0_board.xdc] for cell 'esp32_i/PmodESP32_0/inst/axi_uartlite_0/U0'
Parsing XDC File [f:/esp32/esp32/ip/esp32_PmodESP32_0_1/src/PmodESP32_pmod_bridge_0_0/PmodESP32_pmod_bridge_0_0_board.xdc] for cell 'esp32_i/PmodESP32_0/inst/pmod_bridge_0/inst'
Finished Parsing XDC File [f:/esp32/esp32/ip/esp32_PmodESP32_0_1/src/PmodESP32_pmod_bridge_0_0/PmodESP32_pmod_bridge_0_0_board.xdc] for cell 'esp32_i/PmodESP32_0/inst/pmod_bridge_0/inst'
Parsing XDC File [f:/esp32/esp32/ip/esp32_PmodESP32_0_1/esp32_PmodESP32_0_1_board.xdc] for cell 'esp32_i/PmodESP32_0/inst'
Finished Parsing XDC File [f:/esp32/esp32/ip/esp32_PmodESP32_0_1/esp32_PmodESP32_0_1_board.xdc] for cell 'esp32_i/PmodESP32_0/inst'
Parsing XDC File [F:/esp32/pins.xdc]
Finished Parsing XDC File [F:/esp32/pins.xdc]
Parsing XDC File [f:/esp32/esp32/ip/esp32_mdm_1_0/esp32_mdm_1_0.xdc] for cell 'esp32_i/mdm_1/U0'
INFO: [Timing 38-2] Deriving generated clocks [f:/esp32/esp32/ip/esp32_mdm_1_0/esp32_mdm_1_0.xdc:4]
WARNING: [Vivado_Tcl 4-921] Waiver ID 'CDC-1' -to list should not be empty. [f:/esp32/esp32/ip/esp32_mdm_1_0/esp32_mdm_1_0.xdc:26]
WARNING: [Vivado_Tcl 4-921] Waiver ID 'CDC-1' -to list should not be empty. [f:/esp32/esp32/ip/esp32_mdm_1_0/esp32_mdm_1_0.xdc:36]
WARNING: [Vivado_Tcl 4-921] Waiver ID 'CDC-1' -to list should not be empty. [f:/esp32/esp32/ip/esp32_mdm_1_0/esp32_mdm_1_0.xdc:62]
WARNING: [Vivado_Tcl 4-921] Waiver ID 'CDC-1' -to list should not be empty. [f:/esp32/esp32/ip/esp32_mdm_1_0/esp32_mdm_1_0.xdc:64]
WARNING: [Vivado_Tcl 4-935] Waiver ID 'CDC-1' is a duplicate and will not be added again. [f:/esp32/esp32/ip/esp32_mdm_1_0/esp32_mdm_1_0.xdc:68]
WARNING: [Vivado_Tcl 4-921] Waiver ID 'CDC-1' -to list should not be empty. [f:/esp32/esp32/ip/esp32_mdm_1_0/esp32_mdm_1_0.xdc:82]
WARNING: [Vivado_Tcl 4-921] Waiver ID 'CDC-7' -to list should not be empty. [f:/esp32/esp32/ip/esp32_mdm_1_0/esp32_mdm_1_0.xdc:98]
WARNING: [Vivado_Tcl 4-919] Waiver ID 'CDC-13' -from list should not be empty. [f:/esp32/esp32/ip/esp32_mdm_1_0/esp32_mdm_1_0.xdc:116]
WARNING: [Vivado_Tcl 4-921] Waiver ID 'CDC-15' -to list should not be empty. [f:/esp32/esp32/ip/esp32_mdm_1_0/esp32_mdm_1_0.xdc:130]
WARNING: [Vivado_Tcl 4-921] Waiver ID 'CDC-15' -to list should not be empty. [f:/esp32/esp32/ip/esp32_mdm_1_0/esp32_mdm_1_0.xdc:132]
WARNING: [Vivado_Tcl 4-921] Waiver ID 'CDC-15' -to list should not be empty. [f:/esp32/esp32/ip/esp32_mdm_1_0/esp32_mdm_1_0.xdc:138]
Finished Parsing XDC File [f:/esp32/esp32/ip/esp32_mdm_1_0/esp32_mdm_1_0.xdc] for cell 'esp32_i/mdm_1/U0'
Parsing XDC File [f:/esp32/esp32/ip/esp32_axi_intc_0_0/esp32_axi_intc_0_0_clocks.xdc] for cell 'esp32_i/axi_intc_0/U0'
Finished Parsing XDC File [f:/esp32/esp32/ip/esp32_axi_intc_0_0/esp32_axi_intc_0_0_clocks.xdc] for cell 'esp32_i/axi_intc_0/U0'
INFO: [Project 1-1714] 75 XPM XDC files have been applied to the design.
INFO: [Opt 31-138] Pushed 0 inverter(s) to 0 load pin(s).
Generating merged BMM file for the design top 'esp32_wrapper'...
INFO: [Memdata 28-144] Successfully populated the BRAM INIT strings from the following elf files: f:/esp32/esp32/ip/esp32_microblaze_0_0/data/mb_bootloop_le.elf 
Netlist sorting complete. Time (s): cpu = 00:00:00 ; elapsed = 00:00:00.005 . Memory (MB): peak = 1623.527 ; gain = 0.000
INFO: [Project 1-111] Unisim Transformation Summary:
  A total of 104 instances were transformed.
  IOBUF => IOBUF (IBUF, OBUFT): 8 instances
  LUT6_2 => LUT6_2 (LUT5, LUT6): 80 instances
  RAM32M => RAM32M (RAMD32(x6), RAMS32(x2)): 16 instances

30 Infos, 23 Warnings, 0 Critical Warnings and 0 Errors encountered.
link_design completed successfully
link_design: Time (s): cpu = 00:00:13 ; elapsed = 00:00:14 . Memory (MB): peak = 1623.527 ; gain = 1010.848
Command: opt_design
Attempting to get a license for feature 'Implementation' and/or device 'xc7a100t'
INFO: [Common 17-349] Got license for feature 'Implementation' and/or device 'xc7a100t'
Running DRC as a precondition to command opt_design

Starting DRC Task
INFO: [DRC 23-27] Running DRC with 2 threads
INFO: [Project 1-461] DRC finished with 0 Errors
INFO: [Project 1-462] Please refer to the DRC report (report_drc) for more information.

Time (s): cpu = 00:00:02 ; elapsed = 00:00:01 . Memory (MB): peak = 1623.527 ; gain = 0.000

Starting Cache Timing Information Task
INFO: [Timing 38-35] Done setting XDC timing constraints.
Ending Cache Timing Information Task | Checksum: 1d0ed1215

Time (s): cpu = 00:00:00 ; elapsed = 00:00:00.305 . Memory (MB): peak = 1623.527 ; gain = 0.000

Starting Logic Optimization Task

Phase 1 Initialization

Phase 1.1 Core Generation And Design Setup
Phase 1.1 Core Generation And Design Setup | Checksum: 1d0ed1215

Time (s): cpu = 00:00:00 ; elapsed = 00:00:00.014 . Memory (MB): peak = 2029.949 ; gain = 0.000

Phase 1.2 Setup Constraints And Sort Netlist
Phase 1.2 Setup Constraints And Sort Netlist | Checksum: 1d0ed1215

Time (s): cpu = 00:00:00 ; elapsed = 00:00:00.030 . Memory (MB): peak = 2029.949 ; gain = 0.000
Phase 1 Initialization | Checksum: 1d0ed1215

Time (s): cpu = 00:00:00 ; elapsed = 00:00:00.032 . Memory (MB): peak = 2029.949 ; gain = 0.000

Phase 2 Timer Update And Timing Data Collection

Phase 2.1 Timer Update
Phase 2.1 Timer Update | Checksum: 1d0ed1215

Time (s): cpu = 00:00:00 ; elapsed = 00:00:00.221 . Memory (MB): peak = 2029.949 ; gain = 0.000

Phase 2.2 Timing Data Collection
Phase 2.2 Timing Data Collection | Checksum: 1d0ed1215

Time (s): cpu = 00:00:00 ; elapsed = 00:00:00.259 . Memory (MB): peak = 2029.949 ; gain = 0.000
Phase 2 Timer Update And Timing Data Collection | Checksum: 1d0ed1215

Time (s): cpu = 00:00:00 ; elapsed = 00:00:00.261 . Memory (MB): peak = 2029.949 ; gain = 0.000

Phase 3 Retarget
INFO: [Opt 31-1851] Number of loadless carry chains removed were: 0
INFO: [Opt 31-1834] Total Chains To Be Transformed Were: 0 AND Number of Transformed insts Created are: 0
INFO: [Opt 31-1566] Pulled 1 inverters resulting in an inversion of 14 pins
INFO: [Opt 31-138] Pushed 9 inverter(s) to 15 load pin(s).
INFO: [Opt 31-49] Retargeted 0 cell(s).
Phase 3 Retarget | Checksum: 201b1d70d

Time (s): cpu = 00:00:01 ; elapsed = 00:00:00.444 . Memory (MB): peak = 2029.949 ; gain = 0.000
Retarget | Checksum: 201b1d70d
INFO: [Opt 31-389] Phase Retarget created 59 cells and removed 90 cells
INFO: [Opt 31-1021] In phase Retarget, 130 netlist objects are constrained preventing optimization. Please run opt_design with -debug_log to get more detail. 

Phase 4 Constant propagation
INFO: [Opt 31-138] Pushed 0 inverter(s) to 0 load pin(s).
Phase 4 Constant propagation | Checksum: 2b1e92de6

Time (s): cpu = 00:00:01 ; elapsed = 00:00:00.490 . Memory (MB): peak = 2029.949 ; gain = 0.000
Constant propagation | Checksum: 2b1e92de6
INFO: [Opt 31-389] Phase Constant propagation created 7 cells and removed 55 cells
INFO: [Opt 31-1021] In phase Constant propagation, 121 netlist objects are constrained preventing optimization. Please run opt_design with -debug_log to get more detail. 

Phase 5 Sweep
INFO: [Constraints 18-11670] Building netlist checker database with flags, 0x8
Done building netlist checker database: Time (s): cpu = 00:00:00 ; elapsed = 00:00:00.006 . Memory (MB): peak = 2029.949 ; gain = 0.000
INFO: [Constraints 18-11670] Building netlist checker database with flags, 0x8
Done building netlist checker database: Time (s): cpu = 00:00:00 ; elapsed = 00:00:00.004 . Memory (MB): peak = 2029.949 ; gain = 0.000
Phase 5 Sweep | Checksum: 2250725d5

Time (s): cpu = 00:00:01 ; elapsed = 00:00:01 . Memory (MB): peak = 2029.949 ; gain = 0.000
Sweep | Checksum: 2250725d5
INFO: [Opt 31-389] Phase Sweep created 0 cells and removed 291 cells
INFO: [Opt 31-1021] In phase Sweep, 151 netlist objects are constrained preventing optimization. Please run opt_design with -debug_log to get more detail. 

Phase 6 BUFG optimization
INFO: [Opt 31-194] Inserted BUFG esp32_i/mdm_1/U0/Use_E2.BSCAN_I/Dbg_Update_0_BUFG_inst to drive 40 load(s) on clock net esp32_i/mdm_1/U0/Use_E2.BSCAN_I/Dbg_Update_0_BUFG
INFO: [Opt 31-193] Inserted 1 BUFG(s) on clock nets
Phase 6 BUFG optimization | Checksum: 20534a33b

Time (s): cpu = 00:00:02 ; elapsed = 00:00:01 . Memory (MB): peak = 2029.949 ; gain = 0.000
BUFG optimization | Checksum: 20534a33b
INFO: [Opt 31-662] Phase BUFG optimization created 1 cells of which 1 are BUFGs and removed 0 cells.

Phase 7 Shift Register Optimization
INFO: [Opt 31-1064] SRL Remap converted 0 SRLs to 0 registers and converted 0 registers of register chains to 0 SRLs
Phase 7 Shift Register Optimization | Checksum: 20534a33b

Time (s): cpu = 00:00:02 ; elapsed = 00:00:01 . Memory (MB): peak = 2029.949 ; gain = 0.000
Shift Register Optimization | Checksum: 20534a33b
INFO: [Opt 31-389] Phase Shift Register Optimization created 0 cells and removed 0 cells

Phase 8 Post Processing Netlist
Phase 8 Post Processing Netlist | Checksum: 20534a33b

Time (s): cpu = 00:00:02 ; elapsed = 00:00:02 . Memory (MB): peak = 2029.949 ; gain = 0.000
Post Processing Netlist | Checksum: 20534a33b
INFO: [Opt 31-389] Phase Post Processing Netlist created 0 cells and removed 0 cells
INFO: [Opt 31-1021] In phase Post Processing Netlist, 146 netlist objects are constrained preventing optimization. Please run opt_design with -debug_log to get more detail. 

Phase 9 Finalization

Phase 9.1 Finalizing Design Cores and Updating Shapes
Phase 9.1 Finalizing Design Cores and Updating Shapes | Checksum: 19ee17842

Time (s): cpu = 00:00:02 ; elapsed = 00:00:02 . Memory (MB): peak = 2029.949 ; gain = 0.000

Phase 9.2 Verifying Netlist Connectivity

Starting Connectivity Check Task

Time (s): cpu = 00:00:00 ; elapsed = 00:00:00.015 . Memory (MB): peak = 2029.949 ; gain = 0.000
Phase 9.2 Verifying Netlist Connectivity | Checksum: 19ee17842

Time (s): cpu = 00:00:02 ; elapsed = 00:00:02 . Memory (MB): peak = 2029.949 ; gain = 0.000
Phase 9 Finalization | Checksum: 19ee17842

Time (s): cpu = 00:00:02 ; elapsed = 00:00:02 . Memory (MB): peak = 2029.949 ; gain = 0.000
Opt_design Change Summary
=========================


-------------------------------------------------------------------------------------------------------------------------
|  Phase                        |  #Cells created  |  #Cells Removed  |  #Constrained objects preventing optimizations  |
-------------------------------------------------------------------------------------------------------------------------
|  Retarget                     |              59  |              90  |                                            130  |
|  Constant propagation         |               7  |              55  |                                            121  |
|  Sweep                        |               0  |             291  |                                            151  |
|  BUFG optimization            |               1  |               0  |                                              0  |
|  Shift Register Optimization  |               0  |               0  |                                              0  |
|  Post Processing Netlist      |               0  |               0  |                                            146  |
-------------------------------------------------------------------------------------------------------------------------


Ending Logic Optimization Task | Checksum: 19ee17842

Time (s): cpu = 00:00:02 ; elapsed = 00:00:02 . Memory (MB): peak = 2029.949 ; gain = 0.000

Starting Power Optimization Task
INFO: [Pwropt 34-132] Skipping clock gating for clocks with a period < 2.00 ns.
INFO: [Timing 38-35] Done setting XDC timing constraints.
INFO: [Pwropt 34-9] Applying IDT optimizations ...
INFO: [Pwropt 34-10] Applying ODC optimizations ...
Running Vector-less Activity Propagation...

Finished Running Vector-less Activity Propagation


Starting PowerOpt Patch Enables Task
INFO: [Pwropt 34-162] WRITE_MODE attribute of 0 BRAM(s) out of a total of 16 has been updated to save power. Run report_power_opt to get a complete listing of the BRAMs updated.
INFO: [Pwropt 34-201] Structural ODC has moved 0 WE to EN ports
Number of BRAM Ports augmented: 0 newly gated: 0 Total Ports: 32
Ending PowerOpt Patch Enables Task | Checksum: 19ee17842

Time (s): cpu = 00:00:00 ; elapsed = 00:00:00.067 . Memory (MB): peak = 2161.570 ; gain = 0.000
Ending Power Optimization Task | Checksum: 19ee17842

Time (s): cpu = 00:00:03 ; elapsed = 00:00:02 . Memory (MB): peak = 2161.570 ; gain = 131.621

Starting Final Cleanup Task
Ending Final Cleanup Task | Checksum: 19ee17842

Time (s): cpu = 00:00:00 ; elapsed = 00:00:00.001 . Memory (MB): peak = 2161.570 ; gain = 0.000

Starting Netlist Obfuscation Task
Netlist sorting complete. Time (s): cpu = 00:00:00 ; elapsed = 00:00:00.005 . Memory (MB): peak = 2161.570 ; gain = 0.000
Ending Netlist Obfuscation Task | Checksum: 19ee17842

Time (s): cpu = 00:00:00 ; elapsed = 00:00:00.007 . Memory (MB): peak = 2161.570 ; gain = 0.000
INFO: [Common 17-83] Releasing license: Implementation
63 Infos, 23 Warnings, 0 Critical Warnings and 0 Errors encountered.
opt_design completed successfully
opt_design: Time (s): cpu = 00:00:10 ; elapsed = 00:00:08 . Memory (MB): peak = 2161.570 ; gain = 538.043
INFO: [Vivado 12-24828] Executing command : report_drc -file esp32_wrapper_drc_opted.rpt -pb esp32_wrapper_drc_opted.pb -rpx esp32_wrapper_drc_opted.rpx
Command: report_drc -file esp32_wrapper_drc_opted.rpt -pb esp32_wrapper_drc_opted.pb -rpx esp32_wrapper_drc_opted.rpx
INFO: [IP_Flow 19-1839] IP Catalog is up to date.
INFO: [DRC 23-27] Running DRC with 2 threads
INFO: [Vivado_Tcl 2-168] The results of DRC are in file F:/esp32/esp32.runs/impl_1/esp32_wrapper_drc_opted.rpt.
report_drc completed successfully
INFO: [Timing 38-35] Done setting XDC timing constraints.
INFO: [Timing 38-480] Writing timing data to binary archive.
Wrote PlaceDB: Time (s): cpu = 00:00:00 ; elapsed = 00:00:00.004 . Memory (MB): peak = 2161.570 ; gain = 0.000
Write ShapeDB Complete: Time (s): cpu = 00:00:00 ; elapsed = 00:00:00.022 . Memory (MB): peak = 2161.570 ; gain = 0.000
Wrote PulsedLatchDB: Time (s): cpu = 00:00:00 ; elapsed = 00:00:00.005 . Memory (MB): peak = 2161.570 ; gain = 0.000
Writing XDEF routing.
Writing XDEF routing logical nets.
Writing XDEF routing special nets.
Wrote RouteStorage: Time (s): cpu = 00:00:00 ; elapsed = 00:00:00.037 . Memory (MB): peak = 2161.570 ; gain = 0.000
Wrote Netlist Cache: Time (s): cpu = 00:00:00 ; elapsed = 00:00:00 . Memory (MB): peak = 2161.570 ; gain = 0.000
Wrote Device Cache: Time (s): cpu = 00:00:00 ; elapsed = 00:00:00.009 . Memory (MB): peak = 2161.570 ; gain = 0.000
Write Physdb Complete: Time (s): cpu = 00:00:00 ; elapsed = 00:00:00.076 . Memory (MB): peak = 2161.570 ; gain = 0.000
INFO: [Common 17-1381] The checkpoint 'F:/esp32/esp32.runs/impl_1/esp32_wrapper_opt.dcp' has been generated.
Command: place_design
Attempting to get a license for feature 'Implementation' and/or device 'xc7a100t'
INFO: [Common 17-349] Got license for feature 'Implementation' and/or device 'xc7a100t'
INFO: [Common 17-83] Releasing license: Implementation
INFO: [DRC 23-27] Running DRC with 2 threads
INFO: [Vivado_Tcl 4-198] DRC finished with 0 Errors
INFO: [Vivado_Tcl 4-199] Please refer to the DRC report (report_drc) for more information.
Running DRC as a precondition to command place_design
INFO: [DRC 23-27] Running DRC with 2 threads
INFO: [Vivado_Tcl 4-198] DRC finished with 0 Errors
INFO: [Vivado_Tcl 4-199] Please refer to the DRC report (report_drc) for more information.
INFO: [Place 30-611] Multithreading enabled for place_design using a maximum of 2 CPUs

Starting Placer Task

Phase 1 Placer Initialization

Phase 1.1 Placer Initialization Netlist Sorting
Netlist sorting complete. Time (s): cpu = 00:00:00 ; elapsed = 00:00:00.006 . Memory (MB): peak = 2161.570 ; gain = 0.000
Phase 1.1 Placer Initialization Netlist Sorting | Checksum: 1144c0ed4

Time (s): cpu = 00:00:00 ; elapsed = 00:00:00.016 . Memory (MB): peak = 2161.570 ; gain = 0.000
Netlist sorting complete. Time (s): cpu = 00:00:00 ; elapsed = 00:00:00.008 . Memory (MB): peak = 2161.570 ; gain = 0.000

Phase 1.2 IO Placement/ Clock Placement/ Build Placer Device
Phase 1.2 IO Placement/ Clock Placement/ Build Placer Device | Checksum: 129959a37

Time (s): cpu = 00:00:01 ; elapsed = 00:00:00.784 . Memory (MB): peak = 2161.570 ; gain = 0.000

Phase 1.3 Build Placer Netlist Model
Phase 1.3 Build Placer Netlist Model | Checksum: 2c1a869d9

Time (s): cpu = 00:00:02 ; elapsed = 00:00:02 . Memory (MB): peak = 2161.570 ; gain = 0.000

Phase 1.4 Constrain Clocks/Macros
Phase 1.4 Constrain Clocks/Macros | Checksum: 2c1a869d9

Time (s): cpu = 00:00:02 ; elapsed = 00:00:02 . Memory (MB): peak = 2161.570 ; gain = 0.000
Phase 1 Placer Initialization | Checksum: 2c1a869d9

Time (s): cpu = 00:00:02 ; elapsed = 00:00:02 . Memory (MB): peak = 2161.570 ; gain = 0.000

Phase 2 Global Placement

Phase 2.1 Floorplanning
Phase 2.1 Floorplanning | Checksum: 29bc79a1f

Time (s): cpu = 00:00:02 ; elapsed = 00:00:02 . Memory (MB): peak = 2161.570 ; gain = 0.000

Phase 2.2 Update Timing before SLR Path Opt
Phase 2.2 Update Timing before SLR Path Opt | Checksum: 2131e254d

Time (s): cpu = 00:00:03 ; elapsed = 00:00:02 . Memory (MB): peak = 2161.570 ; gain = 0.000

Phase 2.3 Post-Processing in Floorplanning
Phase 2.3 Post-Processing in Floorplanning | Checksum: 2131e254d

Time (s): cpu = 00:00:03 ; elapsed = 00:00:02 . Memory (MB): peak = 2161.570 ; gain = 0.000

Phase 2.4 Global Place Phase1
Phase 2.4 Global Place Phase1 | Checksum: 2728811ea

Time (s): cpu = 00:00:05 ; elapsed = 00:00:04 . Memory (MB): peak = 2161.570 ; gain = 0.000

Phase 2.5 Global Place Phase2

Phase 2.5.1 UpdateTiming Before Physical Synthesis
Phase 2.5.1 UpdateTiming Before Physical Synthesis | Checksum: 2728811ea

Time (s): cpu = 00:00:06 ; elapsed = 00:00:04 . Memory (MB): peak = 2161.570 ; gain = 0.000

Phase 2.5.2 Physical Synthesis In Placer
INFO: [Physopt 32-1035] Found 0 LUTNM shape to break, 182 LUT instances to create LUTNM shape
INFO: [Physopt 32-1044] Break lutnm for timing: one critical 0, two critical 0, total 0, new lutff created 0
INFO: [Physopt 32-1138] End 1 Pass. Optimized 82 nets or LUTs. Breaked 0 LUT, combined 82 existing LUTs and moved 0 existing LUT
INFO: [Physopt 32-65] No nets found for high-fanout optimization.
INFO: [Physopt 32-232] Optimized 0 net. Created 0 new instance.
INFO: [Physopt 32-775] End 1 Pass. Optimized 0 net or cell. Created 0 new cell, deleted 0 existing cell and moved 0 existing cell
INFO: [Physopt 32-670] No setup violation found.  DSP Register Optimization was not performed.
INFO: [Physopt 32-670] No setup violation found.  Shift Register to Pipeline Optimization was not performed.
INFO: [Physopt 32-670] No setup violation found.  Shift Register Optimization was not performed.
INFO: [Physopt 32-670] No setup violation found.  BRAM Register Optimization was not performed.
INFO: [Physopt 32-670] No setup violation found.  URAM Register Optimization was not performed.
INFO: [Physopt 32-949] No candidate nets found for dynamic/static region interface net replication
INFO: [Physopt 32-775] End 1 Pass. Optimized 0 net or cell. Created 0 new cell, deleted 0 existing cell and moved 0 existing cell
Netlist sorting complete. Time (s): cpu = 00:00:00 ; elapsed = 00:00:00.005 . Memory (MB): peak = 2161.570 ; gain = 0.000

Summary of Physical Synthesis Optimizations
============================================


-----------------------------------------------------------------------------------------------------------------------------------------------------------
|  Optimization                                     |  Added Cells  |  Removed Cells  |  Optimized Cells/Nets  |  Dont Touch  |  Iterations  |  Elapsed   |
-----------------------------------------------------------------------------------------------------------------------------------------------------------
|  LUT Combining                                    |            0  |             82  |                    82  |           0  |           1  |  00:00:00  |
|  Retime                                           |            0  |              0  |                     0  |           0  |           1  |  00:00:00  |
|  Very High Fanout                                 |            0  |              0  |                     0  |           0  |           1  |  00:00:00  |
|  DSP Register                                     |            0  |              0  |                     0  |           0  |           0  |  00:00:00  |
|  Shift Register to Pipeline                       |            0  |              0  |                     0  |           0  |           0  |  00:00:00  |
|  Shift Register                                   |            0  |              0  |                     0  |           0  |           0  |  00:00:00  |
|  BRAM Register                                    |            0  |              0  |                     0  |           0  |           0  |  00:00:00  |
|  URAM Register                                    |            0  |              0  |                     0  |           0  |           0  |  00:00:00  |
|  Dynamic/Static Region Interface Net Replication  |            0  |              0  |                     0  |           0  |           1  |  00:00:00  |
|  Total                                            |            0  |             82  |                    82  |           0  |           4  |  00:00:00  |
-----------------------------------------------------------------------------------------------------------------------------------------------------------


Phase 2.5.2 Physical Synthesis In Placer | Checksum: 1fd83bb0b

Time (s): cpu = 00:00:07 ; elapsed = 00:00:05 . Memory (MB): peak = 2161.570 ; gain = 0.000
Phase 2.5 Global Place Phase2 | Checksum: 1b5f4cd0d

Time (s): cpu = 00:00:07 ; elapsed = 00:00:05 . Memory (MB): peak = 2161.570 ; gain = 0.000
Phase 2 Global Placement | Checksum: 1b5f4cd0d

Time (s): cpu = 00:00:07 ; elapsed = 00:00:05 . Memory (MB): peak = 2161.570 ; gain = 0.000

Phase 3 Detail Placement

Phase 3.1 Commit Multi Column Macros
Phase 3.1 Commit Multi Column Macros | Checksum: 27d0cf014

Time (s): cpu = 00:00:07 ; elapsed = 00:00:05 . Memory (MB): peak = 2161.570 ; gain = 0.000

Phase 3.2 Commit Most Macros & LUTRAMs
Phase 3.2 Commit Most Macros & LUTRAMs | Checksum: 22969ee41

Time (s): cpu = 00:00:08 ; elapsed = 00:00:06 . Memory (MB): peak = 2161.570 ; gain = 0.000

Phase 3.3 Area Swap Optimization
Phase 3.3 Area Swap Optimization | Checksum: 1b48b731d

Time (s): cpu = 00:00:08 ; elapsed = 00:00:06 . Memory (MB): peak = 2161.570 ; gain = 0.000

Phase 3.4 Pipeline Register Optimization
Phase 3.4 Pipeline Register Optimization | Checksum: 1ab549304

Time (s): cpu = 00:00:08 ; elapsed = 00:00:06 . Memory (MB): peak = 2161.570 ; gain = 0.000

Phase 3.5 Small Shape Detail Placement
Phase 3.5 Small Shape Detail Placement | Checksum: 25fe4f807

Time (s): cpu = 00:00:09 ; elapsed = 00:00:07 . Memory (MB): peak = 2161.570 ; gain = 0.000

Phase 3.6 Re-assign LUT pins
Phase 3.6 Re-assign LUT pins | Checksum: 1d2e8bfd3

Time (s): cpu = 00:00:10 ; elapsed = 00:00:07 . Memory (MB): peak = 2161.570 ; gain = 0.000

Phase 3.7 Pipeline Register Optimization
Phase 3.7 Pipeline Register Optimization | Checksum: 2184f413b

Time (s): cpu = 00:00:10 ; elapsed = 00:00:07 . Memory (MB): peak = 2161.570 ; gain = 0.000
Phase 3 Detail Placement | Checksum: 2184f413b

Time (s): cpu = 00:00:10 ; elapsed = 00:00:07 . Memory (MB): peak = 2161.570 ; gain = 0.000

Phase 4 Post Placement Optimization and Clean-Up

Phase 4.1 Post Commit Optimization
INFO: [Timing 38-35] Done setting XDC timing constraints.

Phase 4.1.1 Post Placement Optimization
Post Placement Optimization Initialization | Checksum: 21c4bc0ab

Phase 4.1.1.1 BUFG Insertion

Starting Physical Synthesis Task

Phase 1 Physical Synthesis Initialization
INFO: [Physopt 32-721] Multithreading enabled for phys_opt_design using a maximum of 2 CPUs
INFO: [Physopt 32-619] Estimated Timing Summary | WNS=2.754 | TNS=0.000 |
Phase 1 Physical Synthesis Initialization | Checksum: 1ba5671aa

Time (s): cpu = 00:00:00 ; elapsed = 00:00:00.151 . Memory (MB): peak = 2161.570 ; gain = 0.000
INFO: [Place 46-56] BUFG insertion identified 0 candidate nets. Inserted BUFG: 0, Replicated BUFG Driver: 0, Skipped due to Placement/Routing Conflicts: 0, Skipped due to Timing Degradation: 0, Skipped due to netlist editing failed: 0.
Ending Physical Synthesis Task | Checksum: 1b5276bd4

Time (s): cpu = 00:00:00 ; elapsed = 00:00:00.177 . Memory (MB): peak = 2161.570 ; gain = 0.000
Phase 4.1.1.1 BUFG Insertion | Checksum: 21c4bc0ab

Time (s): cpu = 00:00:11 ; elapsed = 00:00:08 . Memory (MB): peak = 2161.570 ; gain = 0.000

Phase 4.1.1.2 Post Placement Timing Optimization
INFO: [Place 30-746] Post Placement Timing Summary WNS=2.754. For the most accurate timing information please run report_timing.
Phase 4.1.1.2 Post Placement Timing Optimization | Checksum: 14c3827c0

Time (s): cpu = 00:00:11 ; elapsed = 00:00:08 . Memory (MB): peak = 2161.570 ; gain = 0.000

Time (s): cpu = 00:00:11 ; elapsed = 00:00:08 . Memory (MB): peak = 2161.570 ; gain = 0.000
Phase 4.1 Post Commit Optimization | Checksum: 14c3827c0

Time (s): cpu = 00:00:11 ; elapsed = 00:00:08 . Memory (MB): peak = 2161.570 ; gain = 0.000

Phase 4.2 Post Placement Cleanup
Phase 4.2 Post Placement Cleanup | Checksum: 14c3827c0

Time (s): cpu = 00:00:11 ; elapsed = 00:00:08 . Memory (MB): peak = 2161.570 ; gain = 0.000

Phase 4.3 Placer Reporting

Phase 4.3.1 Print Estimated Congestion
INFO: [Place 30-612] Post-Placement Estimated Congestion 
 ____________________________________________________
|           | Global Congestion | Short Congestion  |
| Direction | Region Size       | Region Size       |
|___________|___________________|___________________|
|      North|                1x1|                2x2|
|___________|___________________|___________________|
|      South|                1x1|                1x1|
|___________|___________________|___________________|
|       East|                1x1|                1x1|
|___________|___________________|___________________|
|       West|                1x1|                1x1|
|___________|___________________|___________________|

Phase 4.3.1 Print Estimated Congestion | Checksum: 14c3827c0

Time (s): cpu = 00:00:12 ; elapsed = 00:00:08 . Memory (MB): peak = 2161.570 ; gain = 0.000
Phase 4.3 Placer Reporting | Checksum: 14c3827c0

Time (s): cpu = 00:00:12 ; elapsed = 00:00:08 . Memory (MB): peak = 2161.570 ; gain = 0.000

Phase 4.4 Final Placement Cleanup
Netlist sorting complete. Time (s): cpu = 00:00:00 ; elapsed = 00:00:00.005 . Memory (MB): peak = 2161.570 ; gain = 0.000

Time (s): cpu = 00:00:12 ; elapsed = 00:00:08 . Memory (MB): peak = 2161.570 ; gain = 0.000
Phase 4 Post Placement Optimization and Clean-Up | Checksum: 1780f387a

Time (s): cpu = 00:00:12 ; elapsed = 00:00:09 . Memory (MB): peak = 2161.570 ; gain = 0.000
Ending Placer Task | Checksum: 156691320

Time (s): cpu = 00:00:12 ; elapsed = 00:00:09 . Memory (MB): peak = 2161.570 ; gain = 0.000
98 Infos, 23 Warnings, 0 Critical Warnings and 0 Errors encountered.
place_design completed successfully
place_design: Time (s): cpu = 00:00:15 ; elapsed = 00:00:11 . Memory (MB): peak = 2161.570 ; gain = 0.000
INFO: [Vivado 12-24838] Running report commands "report_control_sets, report_io, report_utilization" in parallel.
Running report generation with 2 threads.
INFO: [Vivado 12-24828] Executing command : report_io -file esp32_wrapper_io_placed.rpt
report_io: Time (s): cpu = 00:00:00 ; elapsed = 00:00:00.055 . Memory (MB): peak = 2161.570 ; gain = 0.000
INFO: [Vivado 12-24828] Executing command : report_utilization -file esp32_wrapper_utilization_placed.rpt -pb esp32_wrapper_utilization_placed.pb
INFO: [Vivado 12-24828] Executing command : report_control_sets -verbose -file esp32_wrapper_control_sets_placed.rpt
report_control_sets: Time (s): cpu = 00:00:00 ; elapsed = 00:00:00.022 . Memory (MB): peak = 2161.570 ; gain = 0.000
INFO: [Timing 38-480] Writing timing data to binary archive.
Write ShapeDB Complete: Time (s): cpu = 00:00:00 ; elapsed = 00:00:00.021 . Memory (MB): peak = 2161.570 ; gain = 0.000
Wrote PlaceDB: Time (s): cpu = 00:00:01 ; elapsed = 00:00:00.406 . Memory (MB): peak = 2161.570 ; gain = 0.000
Wrote PulsedLatchDB: Time (s): cpu = 00:00:00 ; elapsed = 00:00:00 . Memory (MB): peak = 2161.570 ; gain = 0.000
Writing XDEF routing.
Writing XDEF routing logical nets.
Writing XDEF routing special nets.
Wrote RouteStorage: Time (s): cpu = 00:00:00 ; elapsed = 00:00:00.026 . Memory (MB): peak = 2161.570 ; gain = 0.000
Wrote Netlist Cache: Time (s): cpu = 00:00:00 ; elapsed = 00:00:00.006 . Memory (MB): peak = 2161.570 ; gain = 0.000
Wrote Device Cache: Time (s): cpu = 00:00:00 ; elapsed = 00:00:00.006 . Memory (MB): peak = 2161.570 ; gain = 0.000
Write Physdb Complete: Time (s): cpu = 00:00:01 ; elapsed = 00:00:00.450 . Memory (MB): peak = 2161.570 ; gain = 0.000
INFO: [Common 17-1381] The checkpoint 'F:/esp32/esp32.runs/impl_1/esp32_wrapper_placed.dcp' has been generated.
Command: phys_opt_design
Attempting to get a license for feature 'Implementation' and/or device 'xc7a100t'
INFO: [Common 17-349] Got license for feature 'Implementation' and/or device 'xc7a100t'

Starting Initial Update Timing Task

Time (s): cpu = 00:00:01 ; elapsed = 00:00:00.533 . Memory (MB): peak = 2161.570 ; gain = 0.000
INFO: [Vivado_Tcl 4-2279] Estimated Timing Summary | WNS= 2.754 | TNS= 0.000 | 
INFO: [Vivado_Tcl 4-383] Design worst setup slack (WNS) is greater than or equal to 0.000 ns. All physical synthesis setup optimizations will be skipped.
INFO: [Vivado_Tcl 4-232] No setup violation found. The netlist was not modified.
INFO: [Common 17-83] Releasing license: Implementation
109 Infos, 23 Warnings, 0 Critical Warnings and 0 Errors encountered.
phys_opt_design completed successfully
INFO: [Timing 38-480] Writing timing data to binary archive.
Write ShapeDB Complete: Time (s): cpu = 00:00:00 ; elapsed = 00:00:00.016 . Memory (MB): peak = 2161.570 ; gain = 0.000
Wrote PlaceDB: Time (s): cpu = 00:00:01 ; elapsed = 00:00:00.355 . Memory (MB): peak = 2161.570 ; gain = 0.000
Wrote PulsedLatchDB: Time (s): cpu = 00:00:00 ; elapsed = 00:00:00 . Memory (MB): peak = 2161.570 ; gain = 0.000
Writing XDEF routing.
Writing XDEF routing logical nets.
Writing XDEF routing special nets.
Wrote RouteStorage: Time (s): cpu = 00:00:00 ; elapsed = 00:00:00.021 . Memory (MB): peak = 2161.570 ; gain = 0.000
Wrote Netlist Cache: Time (s): cpu = 00:00:00 ; elapsed = 00:00:00.005 . Memory (MB): peak = 2161.570 ; gain = 0.000
Wrote Device Cache: Time (s): cpu = 00:00:00 ; elapsed = 00:00:00.007 . Memory (MB): peak = 2161.570 ; gain = 0.000
Write Physdb Complete: Time (s): cpu = 00:00:01 ; elapsed = 00:00:00.395 . Memory (MB): peak = 2161.570 ; gain = 0.000
INFO: [Common 17-1381] The checkpoint 'F:/esp32/esp32.runs/impl_1/esp32_wrapper_physopt.dcp' has been generated.
Command: route_design
Attempting to get a license for feature 'Implementation' and/or device 'xc7a100t'
INFO: [Common 17-349] Got license for feature 'Implementation' and/or device 'xc7a100t'


Starting Routing Task
INFO: [Route 35-254] Multithreading enabled for route_design using a maximum of 2 CPUs

Phase 1 Build RT Design
Checksum: PlaceDB: 3ab858d9 ConstDB: 0 ShapeSum: 69de5ab1 RouteDB: b1d25f96
Post Restoration Checksum: NetGraph: 7368f922 | NumContArr: 514b89a6 | Constraints: c2a8fa9d | Timing: c2a8fa9d
Phase 1 Build RT Design | Checksum: 24a067802

Time (s): cpu = 00:00:32 ; elapsed = 00:00:30 . Memory (MB): peak = 2230.625 ; gain = 69.055

Phase 2 Router Initialization

Phase 2.1 Fix Topology Constraints
Phase 2.1 Fix Topology Constraints | Checksum: 24a067802

Time (s): cpu = 00:00:32 ; elapsed = 00:00:30 . Memory (MB): peak = 2230.625 ; gain = 69.055

Phase 2.2 Pre Route Cleanup
Phase 2.2 Pre Route Cleanup | Checksum: 24a067802

Time (s): cpu = 00:00:32 ; elapsed = 00:00:30 . Memory (MB): peak = 2230.625 ; gain = 69.055
 Number of Nodes with overlaps = 0

Phase 2.3 Update Timing
Phase 2.3 Update Timing | Checksum: 1ef469468

Time (s): cpu = 00:00:34 ; elapsed = 00:00:31 . Memory (MB): peak = 2271.355 ; gain = 109.785
INFO: [Route 35-416] Intermediate Timing Summary | WNS=2.935  | TNS=0.000  | WHS=-0.222 | THS=-123.706|


Phase 2.4 Soft Constraint Pins - Fast Budgeting
Phase 2.4 Soft Constraint Pins - Fast Budgeting | Checksum: 2302ec8a9

Time (s): cpu = 00:00:34 ; elapsed = 00:00:31 . Memory (MB): peak = 2295.379 ; gain = 133.809

Router Utilization Summary
  Global Vertical Routing Utilization    = 0.00182791 %
  Global Horizontal Routing Utilization  = 0.00206024 %
  Routable Net Status*
  *Does not include unroutable nets such as driverless and loadless.
  Run report_route_status for detailed report.
  Number of Failed Nets               = 3500
    (Failed Nets is the sum of unrouted and partially routed nets)
  Number of Unrouted Nets             = 3500
  Number of Partially Routed Nets     = 0
  Number of Node Overlaps             = 0

Phase 2 Router Initialization | Checksum: 1ac4b970a

Time (s): cpu = 00:00:35 ; elapsed = 00:00:32 . Memory (MB): peak = 2295.379 ; gain = 133.809

Phase 3 Global Routing
Phase 3 Global Routing | Checksum: 1ac4b970a

Time (s): cpu = 00:00:35 ; elapsed = 00:00:32 . Memory (MB): peak = 2295.379 ; gain = 133.809

Phase 4 Initial Routing

Phase 4.1 Initial Net Routing Pass
Phase 4.1 Initial Net Routing Pass | Checksum: 1b39eb421

Time (s): cpu = 00:00:36 ; elapsed = 00:00:33 . Memory (MB): peak = 2295.379 ; gain = 133.809
Phase 4 Initial Routing | Checksum: 1b39eb421

Time (s): cpu = 00:00:36 ; elapsed = 00:00:33 . Memory (MB): peak = 2295.379 ; gain = 133.809

Phase 5 Rip-up And Reroute

Phase 5.1 Global Iteration 0
 Number of Nodes with overlaps = 333
 Number of Nodes with overlaps = 22
 Number of Nodes with overlaps = 1
 Number of Nodes with overlaps = 0
INFO: [Route 35-416] Intermediate Timing Summary | WNS=2.600  | TNS=0.000  | WHS=N/A    | THS=N/A    |

Phase 5.1 Global Iteration 0 | Checksum: 123213cff

Time (s): cpu = 00:00:39 ; elapsed = 00:00:34 . Memory (MB): peak = 2295.379 ; gain = 133.809

Phase 5.2 Global Iteration 1
 Number of Nodes with overlaps = 0
INFO: [Route 35-416] Intermediate Timing Summary | WNS=2.600  | TNS=0.000  | WHS=N/A    | THS=N/A    |

Phase 5.2 Global Iteration 1 | Checksum: 272a995e7

Time (s): cpu = 00:00:39 ; elapsed = 00:00:34 . Memory (MB): peak = 2295.379 ; gain = 133.809
Phase 5 Rip-up And Reroute | Checksum: 272a995e7

Time (s): cpu = 00:00:39 ; elapsed = 00:00:34 . Memory (MB): peak = 2295.379 ; gain = 133.809

Phase 6 Delay and Skew Optimization

Phase 6.1 Delay CleanUp
Phase 6.1 Delay CleanUp | Checksum: 272a995e7

Time (s): cpu = 00:00:39 ; elapsed = 00:00:34 . Memory (MB): peak = 2295.379 ; gain = 133.809

Phase 6.2 Clock Skew Optimization
Phase 6.2 Clock Skew Optimization | Checksum: 272a995e7

Time (s): cpu = 00:00:39 ; elapsed = 00:00:34 . Memory (MB): peak = 2295.379 ; gain = 133.809
Phase 6 Delay and Skew Optimization | Checksum: 272a995e7

Time (s): cpu = 00:00:39 ; elapsed = 00:00:34 . Memory (MB): peak = 2295.379 ; gain = 133.809

Phase 7 Post Hold Fix

Phase 7.1 Hold Fix Iter
INFO: [Route 35-416] Intermediate Timing Summary | WNS=2.600  | TNS=0.000  | WHS=0.030  | THS=0.000  |

Phase 7.1 Hold Fix Iter | Checksum: 1e4d84257

Time (s): cpu = 00:00:40 ; elapsed = 00:00:35 . Memory (MB): peak = 2295.379 ; gain = 133.809
Phase 7 Post Hold Fix | Checksum: 1e4d84257

Time (s): cpu = 00:00:40 ; elapsed = 00:00:35 . Memory (MB): peak = 2295.379 ; gain = 133.809

Phase 8 Route finalize

Router Utilization Summary
  Global Vertical Routing Utilization    = 0.601036 %
  Global Horizontal Routing Utilization  = 0.781614 %
  Routable Net Status*
  *Does not include unroutable nets such as driverless and loadless.
  Run report_route_status for detailed report.
  Number of Failed Nets               = 0
    (Failed Nets is the sum of unrouted and partially routed nets)
  Number of Unrouted Nets             = 0
  Number of Partially Routed Nets     = 0
  Number of Node Overlaps             = 0

Phase 8 Route finalize | Checksum: 1e4d84257

Time (s): cpu = 00:00:40 ; elapsed = 00:00:35 . Memory (MB): peak = 2295.379 ; gain = 133.809

Phase 9 Verifying routed nets

 Verification completed successfully
Phase 9 Verifying routed nets | Checksum: 1e4d84257

Time (s): cpu = 00:00:40 ; elapsed = 00:00:35 . Memory (MB): peak = 2295.379 ; gain = 133.809

Phase 10 Depositing Routes
Phase 10 Depositing Routes | Checksum: 251e14249

Time (s): cpu = 00:00:40 ; elapsed = 00:00:35 . Memory (MB): peak = 2295.379 ; gain = 133.809

Phase 11 Post Process Routing
Phase 11 Post Process Routing | Checksum: 251e14249

Time (s): cpu = 00:00:40 ; elapsed = 00:00:35 . Memory (MB): peak = 2295.379 ; gain = 133.809

Phase 12 Post Router Timing
INFO: [Route 35-57] Estimated Timing Summary | WNS=2.600  | TNS=0.000  | WHS=0.030  | THS=0.000  |

INFO: [Route 35-327] The final timing numbers are based on the router estimated timing analysis. For a complete and accurate timing signoff, please run report_timing_summary.
Phase 12 Post Router Timing | Checksum: 251e14249

Time (s): cpu = 00:00:40 ; elapsed = 00:00:35 . Memory (MB): peak = 2295.379 ; gain = 133.809
Total Elapsed time in route_design: 34.932 secs

Phase 13 Post-Route Event Processing
Phase 13 Post-Route Event Processing | Checksum: 19e12218e

Time (s): cpu = 00:00:40 ; elapsed = 00:00:35 . Memory (MB): peak = 2295.379 ; gain = 133.809
INFO: [Route 35-16] Router Completed Successfully
Ending Routing Task | Checksum: 19e12218e

Time (s): cpu = 00:00:40 ; elapsed = 00:00:35 . Memory (MB): peak = 2295.379 ; gain = 133.809

Routing Is Done.
INFO: [Common 17-83] Releasing license: Implementation
121 Infos, 23 Warnings, 0 Critical Warnings and 0 Errors encountered.
route_design completed successfully
route_design: Time (s): cpu = 00:00:41 ; elapsed = 00:00:35 . Memory (MB): peak = 2295.379 ; gain = 133.809
INFO: [Vivado 12-24828] Executing command : report_drc -file esp32_wrapper_drc_routed.rpt -pb esp32_wrapper_drc_routed.pb -rpx esp32_wrapper_drc_routed.rpx
Command: report_drc -file esp32_wrapper_drc_routed.rpt -pb esp32_wrapper_drc_routed.pb -rpx esp32_wrapper_drc_routed.rpx
INFO: [IP_Flow 19-1839] IP Catalog is up to date.
INFO: [DRC 23-27] Running DRC with 2 threads
INFO: [Vivado_Tcl 2-168] The results of DRC are in file F:/esp32/esp32.runs/impl_1/esp32_wrapper_drc_routed.rpt.
report_drc completed successfully
INFO: [Vivado 12-24828] Executing command : report_methodology -file esp32_wrapper_methodology_drc_routed.rpt -pb esp32_wrapper_methodology_drc_routed.pb -rpx esp32_wrapper_methodology_drc_routed.rpx
Command: report_methodology -file esp32_wrapper_methodology_drc_routed.rpt -pb esp32_wrapper_methodology_drc_routed.pb -rpx esp32_wrapper_methodology_drc_routed.rpx
INFO: [Timing 38-35] Done setting XDC timing constraints.
INFO: [DRC 23-133] Running Methodology with 2 threads
INFO: [Vivado_Tcl 2-1520] The results of Report Methodology are in file F:/esp32/esp32.runs/impl_1/esp32_wrapper_methodology_drc_routed.rpt.
report_methodology completed successfully
INFO: [Vivado 12-24828] Executing command : report_timing_summary -max_paths 10 -routable_nets -report_unconstrained -file esp32_wrapper_timing_summary_routed.rpt -pb esp32_wrapper_timing_summary_routed.pb -rpx esp32_wrapper_timing_summary_routed.rpx -warn_on_violation 
INFO: [Timing 38-35] Done setting XDC timing constraints.
INFO: [Timing 38-91] UpdateTimingParams: Speed grade: -1, Delay Type: min_max.
INFO: [Timing 38-191] Multithreading enabled for timing update using a maximum of 2 CPUs
INFO: [Vivado 12-24838] Running report commands "report_incremental_reuse, report_route_status" in parallel.
Running report generation with 2 threads.
INFO: [Vivado 12-24828] Executing command : report_incremental_reuse -file esp32_wrapper_incremental_reuse_routed.rpt
INFO: [Vivado_Tcl 4-1062] Incremental flow is disabled. No incremental reuse Info to report.
INFO: [Vivado 12-24828] Executing command : report_route_status -file esp32_wrapper_route_status.rpt -pb esp32_wrapper_route_status.pb
INFO: [Vivado 12-24828] Executing command : report_power -file esp32_wrapper_power_routed.rpt -pb esp32_wrapper_power_summary_routed.pb -rpx esp32_wrapper_power_routed.rpx
Command: report_power -file esp32_wrapper_power_routed.rpt -pb esp32_wrapper_power_summary_routed.pb -rpx esp32_wrapper_power_routed.rpx
Running Vector-less Activity Propagation...

Finished Running Vector-less Activity Propagation
WARNING: [Power 33-332] Found switching activity that implies high-fanout reset nets being asserted for excessive periods of time which may result in inaccurate power analysis.
Resolution: To review and fix problems, please run Power Constraints Advisor in the GUI from Tools > Power Constraints Advisor or run report_power with the -advisory option to generate a text report.
138 Infos, 24 Warnings, 0 Critical Warnings and 0 Errors encountered.
report_power completed successfully
INFO: [Vivado 12-24828] Executing command : report_clock_utilization -file esp32_wrapper_clock_utilization_routed.rpt
INFO: [Vivado 12-24828] Executing command : report_bus_skew -warn_on_violation -file esp32_wrapper_bus_skew_routed.rpt -pb esp32_wrapper_bus_skew_routed.pb -rpx esp32_wrapper_bus_skew_routed.rpx
INFO: [Timing 38-91] UpdateTimingParams: Speed grade: -1, Delay Type: min_max.
INFO: [Timing 38-191] Multithreading enabled for timing update using a maximum of 2 CPUs
generate_parallel_reports: Time (s): cpu = 00:00:17 ; elapsed = 00:00:10 . Memory (MB): peak = 2332.582 ; gain = 37.203
INFO: [Timing 38-480] Writing timing data to binary archive.
Write ShapeDB Complete: Time (s): cpu = 00:00:00 ; elapsed = 00:00:00.018 . Memory (MB): peak = 2337.000 ; gain = 4.418
Wrote PlaceDB: Time (s): cpu = 00:00:01 ; elapsed = 00:00:00.301 . Memory (MB): peak = 2361.582 ; gain = 29.000
Wrote PulsedLatchDB: Time (s): cpu = 00:00:00 ; elapsed = 00:00:00 . Memory (MB): peak = 2361.582 ; gain = 0.000
Writing XDEF routing.
Writing XDEF routing logical nets.
Writing XDEF routing special nets.
Wrote RouteStorage: Time (s): cpu = 00:00:01 ; elapsed = 00:00:00.071 . Memory (MB): peak = 2361.582 ; gain = 0.000
Wrote Netlist Cache: Time (s): cpu = 00:00:00 ; elapsed = 00:00:00.006 . Memory (MB): peak = 2361.582 ; gain = 0.000
Wrote Device Cache: Time (s): cpu = 00:00:00 ; elapsed = 00:00:00.006 . Memory (MB): peak = 2361.582 ; gain = 0.000
Write Physdb Complete: Time (s): cpu = 00:00:02 ; elapsed = 00:00:00.391 . Memory (MB): peak = 2361.582 ; gain = 29.000
INFO: [Common 17-1381] The checkpoint 'F:/esp32/esp32.runs/impl_1/esp32_wrapper_routed.dcp' has been generated.
Command: write_bitstream -force esp32_wrapper.bit
Attempting to get a license for feature 'Implementation' and/or device 'xc7a100t'
INFO: [Common 17-349] Got license for feature 'Implementation' and/or device 'xc7a100t'
Running DRC as a precondition to command write_bitstream
INFO: [IP_Flow 19-1839] IP Catalog is up to date.
INFO: [DRC 23-27] Running DRC with 2 threads
INFO: [Vivado 12-3199] DRC finished with 0 Errors
INFO: [Vivado 12-3200] Please refer to the DRC report (report_drc) for more information.
INFO: [Designutils 20-2272] Running write_bitstream with 2 threads.
Loading data files...
Loading site data...
Loading route data...
Processing options...
Creating bitmap...
Creating bitstream...
Writing bitstream ./esp32_wrapper.bit...
INFO: [Vivado 12-1842] Bitgen Completed Successfully.
INFO: [Project 1-1876] WebTalk data collection is mandatory when using a ULT device. To see the specific WebTalk data collected for your design, open the usage_statistics_webtalk.html or usage_statistics_webtalk.xml file in the implementation directory.
INFO: [Common 17-83] Releasing license: Implementation
153 Infos, 24 Warnings, 0 Critical Warnings and 0 Errors encountered.
write_bitstream completed successfully
write_bitstream: Time (s): cpu = 00:00:20 ; elapsed = 00:00:15 . Memory (MB): peak = 2846.699 ; gain = 485.117
INFO: [Common 17-206] Exiting Vivado at Sun Jan  4 02:32:14 2026...

*** Running vivado
    with args -log esp32_wrapper.vdi -applog -m64 -product Vivado -messageDb vivado.pb -mode batch -source esp32_wrapper.tcl -notrace



****** Vivado v2025.1 (64-bit)
  **** SW Build 6140274 on Thu May 22 00:12:29 MDT 2025
  **** IP Build 6138677 on Thu May 22 03:10:11 MDT 2025
  **** SharedData Build 6139179 on Tue May 20 17:58:58 MDT 2025
  **** Start of session at: Mon Jan  5 00:26:32 2026
    ** Copyright 1986-2022 Xilinx, Inc. All Rights Reserved.
    ** Copyright 2022-2025 Advanced Micro Devices, Inc. All Rights Reserved.

source esp32_wrapper.tcl -notrace
Command: open_checkpoint esp32_wrapper_routed.dcp
INFO: [Device 21-403] Loading part xc7a100tcsg324-1

*** Running vivado
    with args -log esp32_wrapper.vdi -applog -m64 -product Vivado -messageDb vivado.pb -mode batch -source esp32_wrapper.tcl -notrace



****** Vivado v2025.1 (64-bit)
  **** SW Build 6140274 on Thu May 22 00:12:29 MDT 2025
  **** IP Build 6138677 on Thu May 22 03:10:11 MDT 2025
  **** SharedData Build 6139179 on Tue May 20 17:58:58 MDT 2025
  **** Start of session at: Mon Jan  5 00:28:47 2026
    ** Copyright 1986-2022 Xilinx, Inc. All Rights Reserved.
    ** Copyright 2022-2025 Advanced Micro Devices, Inc. All Rights Reserved.

source esp32_wrapper.tcl -notrace
Command: open_checkpoint esp32_wrapper_routed.dcp
INFO: [Device 21-403] Loading part xc7a100tcsg324-1
Netlist sorting complete. Time (s): cpu = 00:00:00 ; elapsed = 00:00:00.218 . Memory (MB): peak = 767.762 ; gain = 0.000
INFO: [Netlist 29-17] Analyzing 268 Unisim elements for replacement
INFO: [Netlist 29-28] Unisim Transformation completed in 1 CPU seconds
INFO: [Project 1-479] Netlist was created with Vivado 2025.1
INFO: [Project 1-570] Preparing netlist for logic optimization
Read ShapeDB Complete: Time (s): cpu = 00:00:00 ; elapsed = 00:00:00.026 . Memory (MB): peak = 907.965 ; gain = 0.914
INFO: [Timing 38-478] Restoring timing data from binary archive.
INFO: [Timing 38-479] Binary timing data restore complete.
INFO: [Project 1-856] Restoring constraints from binary archive.
INFO: [Project 1-853] Binary constraint restore complete.
INFO: [Designutils 20-5722] Start Reading Physical Databases.
Reading placement.
Read Netlist Cache: Time (s): cpu = 00:00:00 ; elapsed = 00:00:00.006 . Memory (MB): peak = 1529.316 ; gain = 0.000
Reading placer database...
Read Device Cache: Time (s): cpu = 00:00:00 ; elapsed = 00:00:00.009 . Memory (MB): peak = 1529.316 ; gain = 0.000
Read PlaceDB: Time (s): cpu = 00:00:00 ; elapsed = 00:00:00.147 . Memory (MB): peak = 1529.316 ; gain = 0.000
Read PulsedLatchDB: Time (s): cpu = 00:00:00 ; elapsed = 00:00:00 . Memory (MB): peak = 1529.316 ; gain = 0.000
Reading routing.
Read RouteStorage: Time (s): cpu = 00:00:00 ; elapsed = 00:00:00.069 . Memory (MB): peak = 1529.316 ; gain = 0.000
Read Physdb Files: Time (s): cpu = 00:00:00 ; elapsed = 00:00:00.258 . Memory (MB): peak = 1529.316 ; gain = 0.000
Restored from archive | CPU: 0.000000 secs | Memory: 0.000000 MB |
Finished XDEF File Restore: Time (s): cpu = 00:00:00 ; elapsed = 00:00:00.308 . Memory (MB): peak = 1529.316 ; gain = 0.000
Netlist sorting complete. Time (s): cpu = 00:00:00 ; elapsed = 00:00:00.004 . Memory (MB): peak = 1529.316 ; gain = 0.000
INFO: [Project 1-111] Unisim Transformation Summary:
  A total of 104 instances were transformed.
  IOBUF => IOBUF (IBUF, OBUFT): 8 instances
  LUT6_2 => LUT6_2 (LUT5, LUT6): 79 instances
  RAM32M => RAM32M (RAMD32(x6), RAMS32(x2)): 16 instances
  SRLC16E => SRL16E: 1 instance 

INFO: [Project 1-604] Checkpoint was created with Vivado v2025.1 (64-bit) build 6140274
WARNING: [Vivado 12-23575] Critical violations of the methodology design rules detected. Critical violations may contribute to timing failures or cause functional issues in hardware. Run report_methodology for more information.
open_checkpoint: Time (s): cpu = 00:00:20 ; elapsed = 00:00:24 . Memory (MB): peak = 1529.316 ; gain = 1248.695
Command: write_bitstream -force esp32_wrapper.bit
Attempting to get a license for feature 'Implementation' and/or device 'xc7a100t'
INFO: [Common 17-349] Got license for feature 'Implementation' and/or device 'xc7a100t'
Running DRC as a precondition to command write_bitstream
INFO: [IP_Flow 19-234] Refreshing IP repositories
INFO: [IP_Flow 19-1704] No user IP repositories specified
INFO: [IP_Flow 19-2313] Loaded Vivado IP repository 'D:/Xilinx/2025.1/Vivado/data/ip'.
INFO: [DRC 23-27] Running DRC with 2 threads
INFO: [Vivado 12-3199] DRC finished with 0 Errors
INFO: [Vivado 12-3200] Please refer to the DRC report (report_drc) for more information.
INFO: [Designutils 20-2272] Running write_bitstream with 2 threads.
Loading data files...
Loading site data...
Loading route data...
Processing options...
Creating bitmap...
Creating bitstream...
Writing bitstream ./esp32_wrapper.bit...
INFO: [Vivado 12-1842] Bitgen Completed Successfully.
INFO: [Project 1-1876] WebTalk data collection is mandatory when using a ULT device. To see the specific WebTalk data collected for your design, open the usage_statistics_webtalk.html or usage_statistics_webtalk.xml file in the implementation directory.
INFO: [Common 17-83] Releasing license: Implementation
23 Infos, 1 Warnings, 0 Critical Warnings and 0 Errors encountered.
write_bitstream completed successfully
write_bitstream: Time (s): cpu = 00:00:20 ; elapsed = 00:00:16 . Memory (MB): peak = 2114.699 ; gain = 585.383
INFO: [Common 17-206] Exiting Vivado at Mon Jan  5 00:29:31 2026...
