
*** Running vivado
    with args -log esp32_PmodESP32_0_1.vds -m64 -product Vivado -mode batch -messageDb vivado.pb -notrace -source esp32_PmodESP32_0_1.tcl



****** Vivado v2025.1 (64-bit)
  **** SW Build 6140274 on Thu May 22 00:12:29 MDT 2025
  **** IP Build 6138677 on Thu May 22 03:10:11 MDT 2025
  **** SharedData Build 6139179 on Tue May 20 17:58:58 MDT 2025
  **** Start of session at: Sat Jan  3 20:09:46 2026
    ** Copyright 1986-2022 Xilinx, Inc. All Rights Reserved.
    ** Copyright 2022-2025 Advanced Micro Devices, Inc. All Rights Reserved.

source esp32_PmodESP32_0_1.tcl -notrace
create_project: Time (s): cpu = 00:00:17 ; elapsed = 00:00:27 . Memory (MB): peak = 529.715 ; gain = 250.609
INFO: [IP_Flow 19-234] Refreshing IP repositories
INFO: [IP_Flow 19-1700] Loaded user IP repository 'f:/vivado-library'.
INFO: [IP_Flow 19-2313] Loaded Vivado IP repository 'D:/Xilinx/2025.1/Vivado/data/ip'.
update_ip_catalog: Time (s): cpu = 00:00:01 ; elapsed = 00:00:08 . Memory (MB): peak = 533.703 ; gain = 3.988
Command: synth_design -top esp32_PmodESP32_0_1 -part xc7a100tcsg324-1 -incremental_mode off -mode out_of_context
Starting synth_design
Attempting to get a license for feature 'Synthesis' and/or device 'xc7a100t'
INFO: [Common 17-349] Got license for feature 'Synthesis' and/or device 'xc7a100t'
INFO: [Device 21-403] Loading part xc7a100tcsg324-1
INFO: [Synth 8-7079] Multithreading enabled for synth_design using a maximum of 2 processes.
INFO: [Synth 8-7078] Launching helper process for spawning children vivado processes
INFO: [Synth 8-7075] Helper process launched with PID 17828
---------------------------------------------------------------------------------
Starting RTL Elaboration : Time (s): cpu = 00:00:11 ; elapsed = 00:00:57 . Memory (MB): peak = 1256.121 ; gain = 494.480
---------------------------------------------------------------------------------
INFO: [Synth 8-6157] synthesizing module 'esp32_PmodESP32_0_1' [f:/esp32/esp32/ip/esp32_PmodESP32_0_1/synth/esp32_PmodESP32_0_1.v:53]
INFO: [Synth 8-6157] synthesizing module 'PmodESP32' [f:/esp32/esp32/ipshared/e695/src/PmodESP32.v:12]
INFO: [Synth 8-638] synthesizing module 'PmodESP32_axi_gpio_0_0' [f:/esp32/esp32/ip/esp32_PmodESP32_0_1/src/PmodESP32_axi_gpio_0_0/synth/PmodESP32_axi_gpio_0_0.vhd:90]
	Parameter C_FAMILY bound to: artix7 - type: string 
	Parameter C_S_AXI_ADDR_WIDTH bound to: 9 - type: integer 
	Parameter C_S_AXI_DATA_WIDTH bound to: 32 - type: integer 
	Parameter C_GPIO_WIDTH bound to: 2 - type: integer 
	Parameter C_GPIO2_WIDTH bound to: 4 - type: integer 
	Parameter C_ALL_INPUTS bound to: 0 - type: integer 
	Parameter C_ALL_INPUTS_2 bound to: 0 - type: integer 
	Parameter C_ALL_OUTPUTS bound to: 0 - type: integer 
	Parameter C_ALL_OUTPUTS_2 bound to: 0 - type: integer 
	Parameter C_INTERRUPT_PRESENT bound to: 1 - type: integer 
	Parameter C_DOUT_DEFAULT bound to: 32'b00000000000000000000000000000000 
	Parameter C_TRI_DEFAULT bound to: 32'b11111111111111111111111111111111 
	Parameter C_IS_DUAL bound to: 1 - type: integer 
	Parameter C_DOUT_DEFAULT_2 bound to: 32'b00000000000000000000000000000000 
	Parameter C_TRI_DEFAULT_2 bound to: 32'b11111111111111111111111111111111 
INFO: [Synth 8-3491] module 'axi_gpio' declared at 'f:/esp32/esp32/ip/esp32_PmodESP32_0_1/ipshared/0271/hdl/axi_gpio_v2_0_vh_rfs.vhd:1255' bound to instance 'U0' of component 'axi_gpio' [f:/esp32/esp32/ip/esp32_PmodESP32_0_1/src/PmodESP32_axi_gpio_0_0/synth/PmodESP32_axi_gpio_0_0.vhd:189]
INFO: [Synth 8-638] synthesizing module 'axi_gpio' [f:/esp32/esp32/ip/esp32_PmodESP32_0_1/ipshared/0271/hdl/axi_gpio_v2_0_vh_rfs.vhd:1341]
INFO: [Synth 8-638] synthesizing module 'axi_lite_ipif' [f:/esp32/esp32/ip/esp32_PmodESP32_0_1/ipshared/66ea/hdl/axi_lite_ipif_v3_0_vh_rfs.vhd:2948]
INFO: [Synth 8-638] synthesizing module 'slave_attachment' [f:/esp32/esp32/ip/esp32_PmodESP32_0_1/ipshared/66ea/hdl/axi_lite_ipif_v3_0_vh_rfs.vhd:2341]
INFO: [Synth 8-638] synthesizing module 'address_decoder' [f:/esp32/esp32/ip/esp32_PmodESP32_0_1/ipshared/66ea/hdl/axi_lite_ipif_v3_0_vh_rfs.vhd:1775]
INFO: [Synth 8-638] synthesizing module 'pselect_f' [f:/esp32/esp32/ip/esp32_PmodESP32_0_1/ipshared/66ea/hdl/axi_lite_ipif_v3_0_vh_rfs.vhd:1534]
INFO: [Synth 8-256] done synthesizing module 'pselect_f' (0#1) [f:/esp32/esp32/ip/esp32_PmodESP32_0_1/ipshared/66ea/hdl/axi_lite_ipif_v3_0_vh_rfs.vhd:1534]
INFO: [Synth 8-638] synthesizing module 'pselect_f__parameterized0' [f:/esp32/esp32/ip/esp32_PmodESP32_0_1/ipshared/66ea/hdl/axi_lite_ipif_v3_0_vh_rfs.vhd:1534]
INFO: [Synth 8-256] done synthesizing module 'pselect_f__parameterized0' (0#1) [f:/esp32/esp32/ip/esp32_PmodESP32_0_1/ipshared/66ea/hdl/axi_lite_ipif_v3_0_vh_rfs.vhd:1534]
INFO: [Synth 8-638] synthesizing module 'pselect_f__parameterized1' [f:/esp32/esp32/ip/esp32_PmodESP32_0_1/ipshared/66ea/hdl/axi_lite_ipif_v3_0_vh_rfs.vhd:1534]
INFO: [Synth 8-256] done synthesizing module 'pselect_f__parameterized1' (0#1) [f:/esp32/esp32/ip/esp32_PmodESP32_0_1/ipshared/66ea/hdl/axi_lite_ipif_v3_0_vh_rfs.vhd:1534]
INFO: [Synth 8-638] synthesizing module 'pselect_f__parameterized2' [f:/esp32/esp32/ip/esp32_PmodESP32_0_1/ipshared/66ea/hdl/axi_lite_ipif_v3_0_vh_rfs.vhd:1534]
INFO: [Synth 8-256] done synthesizing module 'pselect_f__parameterized2' (0#1) [f:/esp32/esp32/ip/esp32_PmodESP32_0_1/ipshared/66ea/hdl/axi_lite_ipif_v3_0_vh_rfs.vhd:1534]
INFO: [Synth 8-638] synthesizing module 'pselect_f__parameterized3' [f:/esp32/esp32/ip/esp32_PmodESP32_0_1/ipshared/66ea/hdl/axi_lite_ipif_v3_0_vh_rfs.vhd:1534]
INFO: [Synth 8-256] done synthesizing module 'pselect_f__parameterized3' (0#1) [f:/esp32/esp32/ip/esp32_PmodESP32_0_1/ipshared/66ea/hdl/axi_lite_ipif_v3_0_vh_rfs.vhd:1534]
INFO: [Synth 8-638] synthesizing module 'pselect_f__parameterized4' [f:/esp32/esp32/ip/esp32_PmodESP32_0_1/ipshared/66ea/hdl/axi_lite_ipif_v3_0_vh_rfs.vhd:1534]
INFO: [Synth 8-256] done synthesizing module 'pselect_f__parameterized4' (0#1) [f:/esp32/esp32/ip/esp32_PmodESP32_0_1/ipshared/66ea/hdl/axi_lite_ipif_v3_0_vh_rfs.vhd:1534]
INFO: [Synth 8-638] synthesizing module 'pselect_f__parameterized5' [f:/esp32/esp32/ip/esp32_PmodESP32_0_1/ipshared/66ea/hdl/axi_lite_ipif_v3_0_vh_rfs.vhd:1534]
INFO: [Synth 8-256] done synthesizing module 'pselect_f__parameterized5' (0#1) [f:/esp32/esp32/ip/esp32_PmodESP32_0_1/ipshared/66ea/hdl/axi_lite_ipif_v3_0_vh_rfs.vhd:1534]
INFO: [Synth 8-638] synthesizing module 'pselect_f__parameterized6' [f:/esp32/esp32/ip/esp32_PmodESP32_0_1/ipshared/66ea/hdl/axi_lite_ipif_v3_0_vh_rfs.vhd:1534]
INFO: [Synth 8-256] done synthesizing module 'pselect_f__parameterized6' (0#1) [f:/esp32/esp32/ip/esp32_PmodESP32_0_1/ipshared/66ea/hdl/axi_lite_ipif_v3_0_vh_rfs.vhd:1534]
INFO: [Synth 8-638] synthesizing module 'pselect_f__parameterized7' [f:/esp32/esp32/ip/esp32_PmodESP32_0_1/ipshared/66ea/hdl/axi_lite_ipif_v3_0_vh_rfs.vhd:1534]
INFO: [Synth 8-256] done synthesizing module 'pselect_f__parameterized7' (0#1) [f:/esp32/esp32/ip/esp32_PmodESP32_0_1/ipshared/66ea/hdl/axi_lite_ipif_v3_0_vh_rfs.vhd:1534]
INFO: [Synth 8-638] synthesizing module 'pselect_f__parameterized8' [f:/esp32/esp32/ip/esp32_PmodESP32_0_1/ipshared/66ea/hdl/axi_lite_ipif_v3_0_vh_rfs.vhd:1534]
INFO: [Synth 8-256] done synthesizing module 'pselect_f__parameterized8' (0#1) [f:/esp32/esp32/ip/esp32_PmodESP32_0_1/ipshared/66ea/hdl/axi_lite_ipif_v3_0_vh_rfs.vhd:1534]
INFO: [Synth 8-638] synthesizing module 'pselect_f__parameterized9' [f:/esp32/esp32/ip/esp32_PmodESP32_0_1/ipshared/66ea/hdl/axi_lite_ipif_v3_0_vh_rfs.vhd:1534]
INFO: [Synth 8-256] done synthesizing module 'pselect_f__parameterized9' (0#1) [f:/esp32/esp32/ip/esp32_PmodESP32_0_1/ipshared/66ea/hdl/axi_lite_ipif_v3_0_vh_rfs.vhd:1534]
INFO: [Synth 8-638] synthesizing module 'pselect_f__parameterized10' [f:/esp32/esp32/ip/esp32_PmodESP32_0_1/ipshared/66ea/hdl/axi_lite_ipif_v3_0_vh_rfs.vhd:1534]
INFO: [Synth 8-256] done synthesizing module 'pselect_f__parameterized10' (0#1) [f:/esp32/esp32/ip/esp32_PmodESP32_0_1/ipshared/66ea/hdl/axi_lite_ipif_v3_0_vh_rfs.vhd:1534]
INFO: [Synth 8-638] synthesizing module 'pselect_f__parameterized11' [f:/esp32/esp32/ip/esp32_PmodESP32_0_1/ipshared/66ea/hdl/axi_lite_ipif_v3_0_vh_rfs.vhd:1534]
INFO: [Synth 8-256] done synthesizing module 'pselect_f__parameterized11' (0#1) [f:/esp32/esp32/ip/esp32_PmodESP32_0_1/ipshared/66ea/hdl/axi_lite_ipif_v3_0_vh_rfs.vhd:1534]
INFO: [Synth 8-638] synthesizing module 'pselect_f__parameterized12' [f:/esp32/esp32/ip/esp32_PmodESP32_0_1/ipshared/66ea/hdl/axi_lite_ipif_v3_0_vh_rfs.vhd:1534]
INFO: [Synth 8-256] done synthesizing module 'pselect_f__parameterized12' (0#1) [f:/esp32/esp32/ip/esp32_PmodESP32_0_1/ipshared/66ea/hdl/axi_lite_ipif_v3_0_vh_rfs.vhd:1534]
INFO: [Synth 8-638] synthesizing module 'pselect_f__parameterized13' [f:/esp32/esp32/ip/esp32_PmodESP32_0_1/ipshared/66ea/hdl/axi_lite_ipif_v3_0_vh_rfs.vhd:1534]
INFO: [Synth 8-256] done synthesizing module 'pselect_f__parameterized13' (0#1) [f:/esp32/esp32/ip/esp32_PmodESP32_0_1/ipshared/66ea/hdl/axi_lite_ipif_v3_0_vh_rfs.vhd:1534]
INFO: [Synth 8-638] synthesizing module 'pselect_f__parameterized14' [f:/esp32/esp32/ip/esp32_PmodESP32_0_1/ipshared/66ea/hdl/axi_lite_ipif_v3_0_vh_rfs.vhd:1534]
INFO: [Synth 8-256] done synthesizing module 'pselect_f__parameterized14' (0#1) [f:/esp32/esp32/ip/esp32_PmodESP32_0_1/ipshared/66ea/hdl/axi_lite_ipif_v3_0_vh_rfs.vhd:1534]
INFO: [Synth 8-638] synthesizing module 'pselect_f__parameterized15' [f:/esp32/esp32/ip/esp32_PmodESP32_0_1/ipshared/66ea/hdl/axi_lite_ipif_v3_0_vh_rfs.vhd:1534]
INFO: [Synth 8-256] done synthesizing module 'pselect_f__parameterized15' (0#1) [f:/esp32/esp32/ip/esp32_PmodESP32_0_1/ipshared/66ea/hdl/axi_lite_ipif_v3_0_vh_rfs.vhd:1534]
INFO: [Synth 8-638] synthesizing module 'pselect_f__parameterized16' [f:/esp32/esp32/ip/esp32_PmodESP32_0_1/ipshared/66ea/hdl/axi_lite_ipif_v3_0_vh_rfs.vhd:1534]
INFO: [Synth 8-256] done synthesizing module 'pselect_f__parameterized16' (0#1) [f:/esp32/esp32/ip/esp32_PmodESP32_0_1/ipshared/66ea/hdl/axi_lite_ipif_v3_0_vh_rfs.vhd:1534]
INFO: [Synth 8-638] synthesizing module 'pselect_f__parameterized17' [f:/esp32/esp32/ip/esp32_PmodESP32_0_1/ipshared/66ea/hdl/axi_lite_ipif_v3_0_vh_rfs.vhd:1534]
INFO: [Synth 8-256] done synthesizing module 'pselect_f__parameterized17' (0#1) [f:/esp32/esp32/ip/esp32_PmodESP32_0_1/ipshared/66ea/hdl/axi_lite_ipif_v3_0_vh_rfs.vhd:1534]
INFO: [Synth 8-638] synthesizing module 'pselect_f__parameterized18' [f:/esp32/esp32/ip/esp32_PmodESP32_0_1/ipshared/66ea/hdl/axi_lite_ipif_v3_0_vh_rfs.vhd:1534]
INFO: [Synth 8-256] done synthesizing module 'pselect_f__parameterized18' (0#1) [f:/esp32/esp32/ip/esp32_PmodESP32_0_1/ipshared/66ea/hdl/axi_lite_ipif_v3_0_vh_rfs.vhd:1534]
INFO: [Synth 8-638] synthesizing module 'pselect_f__parameterized19' [f:/esp32/esp32/ip/esp32_PmodESP32_0_1/ipshared/66ea/hdl/axi_lite_ipif_v3_0_vh_rfs.vhd:1534]
INFO: [Synth 8-256] done synthesizing module 'pselect_f__parameterized19' (0#1) [f:/esp32/esp32/ip/esp32_PmodESP32_0_1/ipshared/66ea/hdl/axi_lite_ipif_v3_0_vh_rfs.vhd:1534]
INFO: [Synth 8-638] synthesizing module 'pselect_f__parameterized20' [f:/esp32/esp32/ip/esp32_PmodESP32_0_1/ipshared/66ea/hdl/axi_lite_ipif_v3_0_vh_rfs.vhd:1534]
INFO: [Synth 8-256] done synthesizing module 'pselect_f__parameterized20' (0#1) [f:/esp32/esp32/ip/esp32_PmodESP32_0_1/ipshared/66ea/hdl/axi_lite_ipif_v3_0_vh_rfs.vhd:1534]
INFO: [Synth 8-256] done synthesizing module 'address_decoder' (0#1) [f:/esp32/esp32/ip/esp32_PmodESP32_0_1/ipshared/66ea/hdl/axi_lite_ipif_v3_0_vh_rfs.vhd:1775]
INFO: [Synth 8-226] default block is never used [f:/esp32/esp32/ip/esp32_PmodESP32_0_1/ipshared/66ea/hdl/axi_lite_ipif_v3_0_vh_rfs.vhd:2550]
INFO: [Synth 8-256] done synthesizing module 'slave_attachment' (0#1) [f:/esp32/esp32/ip/esp32_PmodESP32_0_1/ipshared/66ea/hdl/axi_lite_ipif_v3_0_vh_rfs.vhd:2341]
INFO: [Synth 8-256] done synthesizing module 'axi_lite_ipif' (0#1) [f:/esp32/esp32/ip/esp32_PmodESP32_0_1/ipshared/66ea/hdl/axi_lite_ipif_v3_0_vh_rfs.vhd:2948]
INFO: [Synth 8-638] synthesizing module 'interrupt_control' [f:/esp32/esp32/ip/esp32_PmodESP32_0_1/ipshared/d8cc/hdl/interrupt_control_v3_1_vh_rfs.vhd:257]
INFO: [Synth 8-256] done synthesizing module 'interrupt_control' (0#1) [f:/esp32/esp32/ip/esp32_PmodESP32_0_1/ipshared/d8cc/hdl/interrupt_control_v3_1_vh_rfs.vhd:257]
INFO: [Synth 8-638] synthesizing module 'GPIO_Core' [f:/esp32/esp32/ip/esp32_PmodESP32_0_1/ipshared/0271/hdl/axi_gpio_v2_0_vh_rfs.vhd:182]
INFO: [Synth 8-226] default block is never used [f:/esp32/esp32/ip/esp32_PmodESP32_0_1/ipshared/0271/hdl/axi_gpio_v2_0_vh_rfs.vhd:833]
	Parameter DEST_SYNC_FF bound to: 4 - type: integer 
	Parameter INIT_SYNC_FF bound to: 0 - type: integer 
	Parameter SIM_ASSERT_CHK bound to: 0 - type: integer 
	Parameter SRC_INPUT_REG bound to: 0 - type: integer 
	Parameter WIDTH bound to: 2 - type: integer 
INFO: [Synth 8-3491] module 'xpm_cdc_array_single' declared at 'D:/Xilinx/2025.1/Vivado/data/ip/xpm/xpm_cdc/hdl/xpm_cdc.sv:903' bound to instance 'INPUT_DOUBLE_REGS4' of component 'xpm_cdc_array_single' [f:/esp32/esp32/ip/esp32_PmodESP32_0_1/ipshared/0271/hdl/axi_gpio_v2_0_vh_rfs.vhd:851]
INFO: [Synth 8-6157] synthesizing module 'xpm_cdc_array_single' [D:/Xilinx/2025.1/Vivado/data/ip/xpm/xpm_cdc/hdl/xpm_cdc.sv:903]
INFO: [Synth 8-6155] done synthesizing module 'xpm_cdc_array_single' (0#1) [D:/Xilinx/2025.1/Vivado/data/ip/xpm/xpm_cdc/hdl/xpm_cdc.sv:903]
	Parameter DEST_SYNC_FF bound to: 4 - type: integer 
	Parameter INIT_SYNC_FF bound to: 0 - type: integer 
	Parameter SIM_ASSERT_CHK bound to: 0 - type: integer 
	Parameter SRC_INPUT_REG bound to: 0 - type: integer 
	Parameter WIDTH bound to: 4 - type: integer 
INFO: [Synth 8-3491] module 'xpm_cdc_array_single' declared at 'D:/Xilinx/2025.1/Vivado/data/ip/xpm/xpm_cdc/hdl/xpm_cdc.sv:903' bound to instance 'INPUT_DOUBLE_REGS5' of component 'xpm_cdc_array_single' [f:/esp32/esp32/ip/esp32_PmodESP32_0_1/ipshared/0271/hdl/axi_gpio_v2_0_vh_rfs.vhd:880]
INFO: [Synth 8-6157] synthesizing module 'xpm_cdc_array_single__parameterized1' [D:/Xilinx/2025.1/Vivado/data/ip/xpm/xpm_cdc/hdl/xpm_cdc.sv:903]
INFO: [Synth 8-6155] done synthesizing module 'xpm_cdc_array_single__parameterized1' (0#1) [D:/Xilinx/2025.1/Vivado/data/ip/xpm/xpm_cdc/hdl/xpm_cdc.sv:903]
INFO: [Synth 8-256] done synthesizing module 'GPIO_Core' (0#1) [f:/esp32/esp32/ip/esp32_PmodESP32_0_1/ipshared/0271/hdl/axi_gpio_v2_0_vh_rfs.vhd:182]
INFO: [Synth 8-256] done synthesizing module 'axi_gpio' (0#1) [f:/esp32/esp32/ip/esp32_PmodESP32_0_1/ipshared/0271/hdl/axi_gpio_v2_0_vh_rfs.vhd:1341]
INFO: [Synth 8-256] done synthesizing module 'PmodESP32_axi_gpio_0_0' (0#1) [f:/esp32/esp32/ip/esp32_PmodESP32_0_1/src/PmodESP32_axi_gpio_0_0/synth/PmodESP32_axi_gpio_0_0.vhd:90]
INFO: [Synth 8-638] synthesizing module 'PmodESP32_axi_uartlite_0_0' [f:/esp32/esp32/ip/esp32_PmodESP32_0_1/src/PmodESP32_axi_uartlite_0_0/synth/PmodESP32_axi_uartlite_0_0.vhd:86]
	Parameter C_FAMILY bound to: artix7 - type: string 
	Parameter C_S_AXI_ACLK_FREQ_HZ bound to: 100000000 - type: integer 
	Parameter C_S_AXI_ADDR_WIDTH bound to: 4 - type: integer 
	Parameter C_S_AXI_DATA_WIDTH bound to: 32 - type: integer 
	Parameter C_BAUDRATE bound to: 115200 - type: integer 
	Parameter C_DATA_BITS bound to: 8 - type: integer 
	Parameter C_USE_PARITY bound to: 0 - type: integer 
	Parameter C_ODD_PARITY bound to: 0 - type: integer 
INFO: [Synth 8-3491] module 'axi_uartlite' declared at 'f:/esp32/esp32/ip/esp32_PmodESP32_0_1/ipshared/eab1/hdl/axi_uartlite_v2_0_vh_rfs.vhd:1951' bound to instance 'U0' of component 'axi_uartlite' [f:/esp32/esp32/ip/esp32_PmodESP32_0_1/src/PmodESP32_axi_uartlite_0_0/synth/PmodESP32_axi_uartlite_0_0.vhd:168]
INFO: [Synth 8-638] synthesizing module 'axi_uartlite' [f:/esp32/esp32/ip/esp32_PmodESP32_0_1/ipshared/eab1/hdl/axi_uartlite_v2_0_vh_rfs.vhd:2013]
INFO: [Synth 8-638] synthesizing module 'uartlite_core' [f:/esp32/esp32/ip/esp32_PmodESP32_0_1/ipshared/eab1/hdl/axi_uartlite_v2_0_vh_rfs.vhd:1479]
INFO: [Synth 8-638] synthesizing module 'baudrate' [f:/esp32/esp32/ip/esp32_PmodESP32_0_1/ipshared/eab1/hdl/axi_uartlite_v2_0_vh_rfs.vhd:1288]
INFO: [Synth 8-256] done synthesizing module 'baudrate' (0#1) [f:/esp32/esp32/ip/esp32_PmodESP32_0_1/ipshared/eab1/hdl/axi_uartlite_v2_0_vh_rfs.vhd:1288]
INFO: [Synth 8-638] synthesizing module 'uartlite_rx' [f:/esp32/esp32/ip/esp32_PmodESP32_0_1/ipshared/eab1/hdl/axi_uartlite_v2_0_vh_rfs.vhd:794]
	Parameter DEST_SYNC_FF bound to: 4 - type: integer 
	Parameter INIT_SYNC_FF bound to: 0 - type: integer 
	Parameter SIM_ASSERT_CHK bound to: 0 - type: integer 
	Parameter SRC_INPUT_REG bound to: 0 - type: integer 
INFO: [Synth 8-3491] module 'xpm_cdc_single' declared at 'D:/Xilinx/2025.1/Vivado/data/ip/xpm/xpm_cdc/hdl/xpm_cdc.sv:152' bound to instance 'INPUT_DOUBLE_REGS3' of component 'xpm_cdc_single' [f:/esp32/esp32/ip/esp32_PmodESP32_0_1/ipshared/eab1/hdl/axi_uartlite_v2_0_vh_rfs.vhd:854]
INFO: [Synth 8-6157] synthesizing module 'xpm_cdc_single' [D:/Xilinx/2025.1/Vivado/data/ip/xpm/xpm_cdc/hdl/xpm_cdc.sv:152]
INFO: [Synth 8-6155] done synthesizing module 'xpm_cdc_single' (0#1) [D:/Xilinx/2025.1/Vivado/data/ip/xpm/xpm_cdc/hdl/xpm_cdc.sv:152]
INFO: [Synth 8-638] synthesizing module 'srl_fifo' [f:/esp32/esp32/ip/esp32_PmodESP32_0_1/ipshared/eab1/hdl/axi_uartlite_v2_0_vh_rfs.vhd:68]
INFO: [Synth 8-256] done synthesizing module 'srl_fifo' (0#1) [f:/esp32/esp32/ip/esp32_PmodESP32_0_1/ipshared/eab1/hdl/axi_uartlite_v2_0_vh_rfs.vhd:68]
INFO: [Synth 8-256] done synthesizing module 'uartlite_rx' (0#1) [f:/esp32/esp32/ip/esp32_PmodESP32_0_1/ipshared/eab1/hdl/axi_uartlite_v2_0_vh_rfs.vhd:794]
INFO: [Synth 8-638] synthesizing module 'uartlite_tx' [f:/esp32/esp32/ip/esp32_PmodESP32_0_1/ipshared/eab1/hdl/axi_uartlite_v2_0_vh_rfs.vhd:306]
INFO: [Synth 8-256] done synthesizing module 'uartlite_tx' (0#1) [f:/esp32/esp32/ip/esp32_PmodESP32_0_1/ipshared/eab1/hdl/axi_uartlite_v2_0_vh_rfs.vhd:306]
INFO: [Synth 8-256] done synthesizing module 'uartlite_core' (0#1) [f:/esp32/esp32/ip/esp32_PmodESP32_0_1/ipshared/eab1/hdl/axi_uartlite_v2_0_vh_rfs.vhd:1479]
INFO: [Synth 8-638] synthesizing module 'axi_lite_ipif__parameterized0' [f:/esp32/esp32/ip/esp32_PmodESP32_0_1/ipshared/66ea/hdl/axi_lite_ipif_v3_0_vh_rfs.vhd:2948]
INFO: [Synth 8-638] synthesizing module 'slave_attachment__parameterized0' [f:/esp32/esp32/ip/esp32_PmodESP32_0_1/ipshared/66ea/hdl/axi_lite_ipif_v3_0_vh_rfs.vhd:2341]
INFO: [Synth 8-638] synthesizing module 'address_decoder__parameterized0' [f:/esp32/esp32/ip/esp32_PmodESP32_0_1/ipshared/66ea/hdl/axi_lite_ipif_v3_0_vh_rfs.vhd:1775]
INFO: [Synth 8-256] done synthesizing module 'address_decoder__parameterized0' (0#1) [f:/esp32/esp32/ip/esp32_PmodESP32_0_1/ipshared/66ea/hdl/axi_lite_ipif_v3_0_vh_rfs.vhd:1775]
INFO: [Synth 8-226] default block is never used [f:/esp32/esp32/ip/esp32_PmodESP32_0_1/ipshared/66ea/hdl/axi_lite_ipif_v3_0_vh_rfs.vhd:2550]
INFO: [Synth 8-256] done synthesizing module 'slave_attachment__parameterized0' (0#1) [f:/esp32/esp32/ip/esp32_PmodESP32_0_1/ipshared/66ea/hdl/axi_lite_ipif_v3_0_vh_rfs.vhd:2341]
INFO: [Synth 8-256] done synthesizing module 'axi_lite_ipif__parameterized0' (0#1) [f:/esp32/esp32/ip/esp32_PmodESP32_0_1/ipshared/66ea/hdl/axi_lite_ipif_v3_0_vh_rfs.vhd:2948]
INFO: [Synth 8-256] done synthesizing module 'axi_uartlite' (0#1) [f:/esp32/esp32/ip/esp32_PmodESP32_0_1/ipshared/eab1/hdl/axi_uartlite_v2_0_vh_rfs.vhd:2013]
INFO: [Synth 8-256] done synthesizing module 'PmodESP32_axi_uartlite_0_0' (0#1) [f:/esp32/esp32/ip/esp32_PmodESP32_0_1/src/PmodESP32_axi_uartlite_0_0/synth/PmodESP32_axi_uartlite_0_0.vhd:86]
INFO: [Synth 8-6157] synthesizing module 'PmodESP32_pmod_bridge_0_0' [f:/esp32/esp32/ip/esp32_PmodESP32_0_1/src/PmodESP32_pmod_bridge_0_0/synth/PmodESP32_pmod_bridge_0_0.v:53]
INFO: [Synth 8-6157] synthesizing module 'pmod_concat' [f:/esp32/esp32/ip/esp32_PmodESP32_0_1/ipshared/ff0e/src/pmod_concat.v:12]
INFO: [Synth 8-6155] done synthesizing module 'pmod_concat' (0#1) [f:/esp32/esp32/ip/esp32_PmodESP32_0_1/ipshared/ff0e/src/pmod_concat.v:12]
INFO: [Synth 8-6155] done synthesizing module 'PmodESP32_pmod_bridge_0_0' (0#1) [f:/esp32/esp32/ip/esp32_PmodESP32_0_1/src/PmodESP32_pmod_bridge_0_0/synth/PmodESP32_pmod_bridge_0_0.v:53]
INFO: [Synth 8-6155] done synthesizing module 'PmodESP32' (0#1) [f:/esp32/esp32/ipshared/e695/src/PmodESP32.v:12]
INFO: [Synth 8-6155] done synthesizing module 'esp32_PmodESP32_0_1' (0#1) [f:/esp32/esp32/ip/esp32_PmodESP32_0_1/synth/esp32_PmodESP32_0_1.v:53]
WARNING: [Synth 8-6014] Unused sequential element Dual.ALLOUT0_ND_G0.READ_REG_GEN[0].GPIO_DBus_i_reg was removed.  [f:/esp32/esp32/ip/esp32_PmodESP32_0_1/ipshared/0271/hdl/axi_gpio_v2_0_vh_rfs.vhd:617]
WARNING: [Synth 8-6014] Unused sequential element Dual.ALLOUT0_ND_G0.READ_REG_GEN[1].GPIO_DBus_i_reg was removed.  [f:/esp32/esp32/ip/esp32_PmodESP32_0_1/ipshared/0271/hdl/axi_gpio_v2_0_vh_rfs.vhd:617]
WARNING: [Synth 8-6014] Unused sequential element Dual.ALLOUT0_ND_G2.READ_REG2_GEN[0].GPIO2_DBus_i_reg was removed.  [f:/esp32/esp32/ip/esp32_PmodESP32_0_1/ipshared/0271/hdl/axi_gpio_v2_0_vh_rfs.vhd:748]
WARNING: [Synth 8-6014] Unused sequential element Dual.ALLOUT0_ND_G2.READ_REG2_GEN[1].GPIO2_DBus_i_reg was removed.  [f:/esp32/esp32/ip/esp32_PmodESP32_0_1/ipshared/0271/hdl/axi_gpio_v2_0_vh_rfs.vhd:748]
WARNING: [Synth 8-6014] Unused sequential element Dual.ALLOUT0_ND_G2.READ_REG2_GEN[2].GPIO2_DBus_i_reg was removed.  [f:/esp32/esp32/ip/esp32_PmodESP32_0_1/ipshared/0271/hdl/axi_gpio_v2_0_vh_rfs.vhd:748]
WARNING: [Synth 8-6014] Unused sequential element Dual.ALLOUT0_ND_G2.READ_REG2_GEN[3].GPIO2_DBus_i_reg was removed.  [f:/esp32/esp32/ip/esp32_PmodESP32_0_1/ipshared/0271/hdl/axi_gpio_v2_0_vh_rfs.vhd:748]
WARNING: [Synth 8-6014] Unused sequential element is_read_reg was removed.  [f:/esp32/esp32/ip/esp32_PmodESP32_0_1/ipshared/66ea/hdl/axi_lite_ipif_v3_0_vh_rfs.vhd:2447]
WARNING: [Synth 8-6014] Unused sequential element is_write_reg was removed.  [f:/esp32/esp32/ip/esp32_PmodESP32_0_1/ipshared/66ea/hdl/axi_lite_ipif_v3_0_vh_rfs.vhd:2448]
WARNING: [Synth 8-3848] Net in_top_bus_I in module/entity pmod_concat does not have driver. [f:/esp32/esp32/ip/esp32_PmodESP32_0_1/ipshared/ff0e/src/pmod_concat.v:84]
WARNING: [Synth 8-3848] Net in_top_i2c_gpio_bus_I in module/entity pmod_concat does not have driver. [f:/esp32/esp32/ip/esp32_PmodESP32_0_1/ipshared/ff0e/src/pmod_concat.v:90]
WARNING: [Synth 8-3848] Net in_bottom_uart_gpio_bus_I in module/entity pmod_concat does not have driver. [f:/esp32/esp32/ip/esp32_PmodESP32_0_1/ipshared/ff0e/src/pmod_concat.v:97]
WARNING: [Synth 8-3848] Net in_bottom_i2c_gpio_bus_I in module/entity pmod_concat does not have driver. [f:/esp32/esp32/ip/esp32_PmodESP32_0_1/ipshared/ff0e/src/pmod_concat.v:100]
WARNING: [Synth 8-3848] Net in0_I in module/entity pmod_concat does not have driver. [f:/esp32/esp32/ip/esp32_PmodESP32_0_1/ipshared/ff0e/src/pmod_concat.v:104]
WARNING: [Synth 8-3848] Net in1_I in module/entity pmod_concat does not have driver. [f:/esp32/esp32/ip/esp32_PmodESP32_0_1/ipshared/ff0e/src/pmod_concat.v:105]
WARNING: [Synth 8-3848] Net in3_I in module/entity pmod_concat does not have driver. [f:/esp32/esp32/ip/esp32_PmodESP32_0_1/ipshared/ff0e/src/pmod_concat.v:107]
WARNING: [Synth 8-3848] Net in4_I in module/entity pmod_concat does not have driver. [f:/esp32/esp32/ip/esp32_PmodESP32_0_1/ipshared/ff0e/src/pmod_concat.v:108]
WARNING: [Synth 8-3848] Net in5_I in module/entity pmod_concat does not have driver. [f:/esp32/esp32/ip/esp32_PmodESP32_0_1/ipshared/ff0e/src/pmod_concat.v:109]
WARNING: [Synth 8-3848] Net in6_I in module/entity pmod_concat does not have driver. [f:/esp32/esp32/ip/esp32_PmodESP32_0_1/ipshared/ff0e/src/pmod_concat.v:110]
WARNING: [Synth 8-3848] Net in7_I in module/entity pmod_concat does not have driver. [f:/esp32/esp32/ip/esp32_PmodESP32_0_1/ipshared/ff0e/src/pmod_concat.v:111]
WARNING: [Synth 8-3848] Net out2_O in module/entity pmod_concat does not have driver. [f:/esp32/esp32/ip/esp32_PmodESP32_0_1/ipshared/ff0e/src/pmod_concat.v:139]
WARNING: [Synth 8-7129] Port in_top_bus_I[3] in module pmod_concat is either unconnected or has no load
WARNING: [Synth 8-7129] Port in_top_bus_I[2] in module pmod_concat is either unconnected or has no load
WARNING: [Synth 8-7129] Port in_top_bus_I[1] in module pmod_concat is either unconnected or has no load
WARNING: [Synth 8-7129] Port in_top_bus_I[0] in module pmod_concat is either unconnected or has no load
WARNING: [Synth 8-7129] Port in_top_i2c_gpio_bus_I[1] in module pmod_concat is either unconnected or has no load
WARNING: [Synth 8-7129] Port in_top_i2c_gpio_bus_I[0] in module pmod_concat is either unconnected or has no load
WARNING: [Synth 8-7129] Port in_bottom_uart_gpio_bus_I[1] in module pmod_concat is either unconnected or has no load
WARNING: [Synth 8-7129] Port in_bottom_uart_gpio_bus_I[0] in module pmod_concat is either unconnected or has no load
WARNING: [Synth 8-7129] Port in_bottom_i2c_gpio_bus_I[1] in module pmod_concat is either unconnected or has no load
WARNING: [Synth 8-7129] Port in_bottom_i2c_gpio_bus_I[0] in module pmod_concat is either unconnected or has no load
WARNING: [Synth 8-7129] Port in0_I in module pmod_concat is either unconnected or has no load
WARNING: [Synth 8-7129] Port in1_I in module pmod_concat is either unconnected or has no load
WARNING: [Synth 8-7129] Port in3_I in module pmod_concat is either unconnected or has no load
WARNING: [Synth 8-7129] Port in4_I in module pmod_concat is either unconnected or has no load
WARNING: [Synth 8-7129] Port in5_I in module pmod_concat is either unconnected or has no load
WARNING: [Synth 8-7129] Port in6_I in module pmod_concat is either unconnected or has no load
WARNING: [Synth 8-7129] Port in7_I in module pmod_concat is either unconnected or has no load
WARNING: [Synth 8-7129] Port out2_O in module pmod_concat is either unconnected or has no load
WARNING: [Synth 8-7129] Port in_top_bus_O[3] in module pmod_concat is either unconnected or has no load
WARNING: [Synth 8-7129] Port in_top_bus_O[2] in module pmod_concat is either unconnected or has no load
WARNING: [Synth 8-7129] Port in_top_bus_O[1] in module pmod_concat is either unconnected or has no load
WARNING: [Synth 8-7129] Port in_top_bus_O[0] in module pmod_concat is either unconnected or has no load
WARNING: [Synth 8-7129] Port in_top_bus_T[3] in module pmod_concat is either unconnected or has no load
WARNING: [Synth 8-7129] Port in_top_bus_T[2] in module pmod_concat is either unconnected or has no load
WARNING: [Synth 8-7129] Port in_top_bus_T[1] in module pmod_concat is either unconnected or has no load
WARNING: [Synth 8-7129] Port in_top_bus_T[0] in module pmod_concat is either unconnected or has no load
WARNING: [Synth 8-7129] Port in_top_i2c_gpio_bus_O[1] in module pmod_concat is either unconnected or has no load
WARNING: [Synth 8-7129] Port in_top_i2c_gpio_bus_O[0] in module pmod_concat is either unconnected or has no load
WARNING: [Synth 8-7129] Port in_top_i2c_gpio_bus_T[1] in module pmod_concat is either unconnected or has no load
WARNING: [Synth 8-7129] Port in_top_i2c_gpio_bus_T[0] in module pmod_concat is either unconnected or has no load
WARNING: [Synth 8-7129] Port in_bottom_uart_gpio_bus_O[1] in module pmod_concat is either unconnected or has no load
WARNING: [Synth 8-7129] Port in_bottom_uart_gpio_bus_O[0] in module pmod_concat is either unconnected or has no load
WARNING: [Synth 8-7129] Port in_bottom_uart_gpio_bus_T[1] in module pmod_concat is either unconnected or has no load
WARNING: [Synth 8-7129] Port in_bottom_uart_gpio_bus_T[0] in module pmod_concat is either unconnected or has no load
WARNING: [Synth 8-7129] Port in_bottom_i2c_gpio_bus_O[1] in module pmod_concat is either unconnected or has no load
WARNING: [Synth 8-7129] Port in_bottom_i2c_gpio_bus_O[0] in module pmod_concat is either unconnected or has no load
WARNING: [Synth 8-7129] Port in_bottom_i2c_gpio_bus_T[1] in module pmod_concat is either unconnected or has no load
WARNING: [Synth 8-7129] Port in_bottom_i2c_gpio_bus_T[0] in module pmod_concat is either unconnected or has no load
WARNING: [Synth 8-7129] Port in0_O in module pmod_concat is either unconnected or has no load
WARNING: [Synth 8-7129] Port in2_O in module pmod_concat is either unconnected or has no load
WARNING: [Synth 8-7129] Port in3_O in module pmod_concat is either unconnected or has no load
WARNING: [Synth 8-7129] Port in4_O in module pmod_concat is either unconnected or has no load
WARNING: [Synth 8-7129] Port in5_O in module pmod_concat is either unconnected or has no load
WARNING: [Synth 8-7129] Port in6_O in module pmod_concat is either unconnected or has no load
WARNING: [Synth 8-7129] Port in7_O in module pmod_concat is either unconnected or has no load
WARNING: [Synth 8-7129] Port in0_T in module pmod_concat is either unconnected or has no load
WARNING: [Synth 8-7129] Port in1_T in module pmod_concat is either unconnected or has no load
WARNING: [Synth 8-7129] Port in2_T in module pmod_concat is either unconnected or has no load
WARNING: [Synth 8-7129] Port in3_T in module pmod_concat is either unconnected or has no load
WARNING: [Synth 8-7129] Port in4_T in module pmod_concat is either unconnected or has no load
WARNING: [Synth 8-7129] Port in5_T in module pmod_concat is either unconnected or has no load
WARNING: [Synth 8-7129] Port in6_T in module pmod_concat is either unconnected or has no load
WARNING: [Synth 8-7129] Port in7_T in module pmod_concat is either unconnected or has no load
WARNING: [Synth 8-7129] Port out1_I in module pmod_concat is either unconnected or has no load
WARNING: [Synth 8-7129] Port Address_In_Erly[2] in module address_decoder__parameterized0 is either unconnected or has no load
WARNING: [Synth 8-7129] Port Address_In_Erly[3] in module address_decoder__parameterized0 is either unconnected or has no load
WARNING: [Synth 8-7129] Port Bus_RNW in module address_decoder__parameterized0 is either unconnected or has no load
WARNING: [Synth 8-7129] Port S_AXI_WSTRB[3] in module slave_attachment__parameterized0 is either unconnected or has no load
WARNING: [Synth 8-7129] Port S_AXI_WSTRB[2] in module slave_attachment__parameterized0 is either unconnected or has no load
WARNING: [Synth 8-7129] Port S_AXI_WSTRB[1] in module slave_attachment__parameterized0 is either unconnected or has no load
WARNING: [Synth 8-7129] Port S_AXI_WSTRB[0] in module slave_attachment__parameterized0 is either unconnected or has no load
WARNING: [Synth 8-7129] Port src_clk in module xpm_cdc_single is either unconnected or has no load
WARNING: [Synth 8-7129] Port bus2ip_cs in module uartlite_core is either unconnected or has no load
WARNING: [Synth 8-7129] Port src_clk in module xpm_cdc_array_single__parameterized1 is either unconnected or has no load
WARNING: [Synth 8-7129] Port src_clk in module xpm_cdc_array_single is either unconnected or has no load
WARNING: [Synth 8-7129] Port ABus_Reg[1] in module GPIO_Core is either unconnected or has no load
WARNING: [Synth 8-7129] Port ABus_Reg[2] in module GPIO_Core is either unconnected or has no load
WARNING: [Synth 8-7129] Port ABus_Reg[3] in module GPIO_Core is either unconnected or has no load
WARNING: [Synth 8-7129] Port ABus_Reg[4] in module GPIO_Core is either unconnected or has no load
WARNING: [Synth 8-7129] Port ABus_Reg[7] in module GPIO_Core is either unconnected or has no load
WARNING: [Synth 8-7129] Port ABus_Reg[8] in module GPIO_Core is either unconnected or has no load
WARNING: [Synth 8-7129] Port BE_Reg[0] in module GPIO_Core is either unconnected or has no load
WARNING: [Synth 8-7129] Port BE_Reg[1] in module GPIO_Core is either unconnected or has no load
WARNING: [Synth 8-7129] Port BE_Reg[2] in module GPIO_Core is either unconnected or has no load
WARNING: [Synth 8-7129] Port BE_Reg[3] in module GPIO_Core is either unconnected or has no load
WARNING: [Synth 8-7129] Port bus2ip_data[1] in module interrupt_control is either unconnected or has no load
WARNING: [Synth 8-7129] Port bus2ip_data[2] in module interrupt_control is either unconnected or has no load
WARNING: [Synth 8-7129] Port bus2ip_data[3] in module interrupt_control is either unconnected or has no load
WARNING: [Synth 8-7129] Port bus2ip_data[4] in module interrupt_control is either unconnected or has no load
WARNING: [Synth 8-7129] Port bus2ip_data[5] in module interrupt_control is either unconnected or has no load
WARNING: [Synth 8-7129] Port bus2ip_data[6] in module interrupt_control is either unconnected or has no load
WARNING: [Synth 8-7129] Port bus2ip_data[7] in module interrupt_control is either unconnected or has no load
WARNING: [Synth 8-7129] Port bus2ip_data[8] in module interrupt_control is either unconnected or has no load
WARNING: [Synth 8-7129] Port bus2ip_data[9] in module interrupt_control is either unconnected or has no load
WARNING: [Synth 8-7129] Port bus2ip_data[10] in module interrupt_control is either unconnected or has no load
WARNING: [Synth 8-7129] Port bus2ip_data[11] in module interrupt_control is either unconnected or has no load
WARNING: [Synth 8-7129] Port bus2ip_data[12] in module interrupt_control is either unconnected or has no load
WARNING: [Synth 8-7129] Port bus2ip_data[13] in module interrupt_control is either unconnected or has no load
WARNING: [Synth 8-7129] Port bus2ip_data[14] in module interrupt_control is either unconnected or has no load
WARNING: [Synth 8-7129] Port bus2ip_data[15] in module interrupt_control is either unconnected or has no load
WARNING: [Synth 8-7129] Port bus2ip_data[16] in module interrupt_control is either unconnected or has no load
WARNING: [Synth 8-7129] Port bus2ip_data[17] in module interrupt_control is either unconnected or has no load
WARNING: [Synth 8-7129] Port bus2ip_data[18] in module interrupt_control is either unconnected or has no load
WARNING: [Synth 8-7129] Port bus2ip_data[19] in module interrupt_control is either unconnected or has no load
WARNING: [Synth 8-7129] Port bus2ip_data[20] in module interrupt_control is either unconnected or has no load
WARNING: [Synth 8-7129] Port bus2ip_data[21] in module interrupt_control is either unconnected or has no load
WARNING: [Synth 8-7129] Port bus2ip_data[22] in module interrupt_control is either unconnected or has no load
WARNING: [Synth 8-7129] Port bus2ip_data[23] in module interrupt_control is either unconnected or has no load
WARNING: [Synth 8-7129] Port bus2ip_data[24] in module interrupt_control is either unconnected or has no load
WARNING: [Synth 8-7129] Port bus2ip_data[25] in module interrupt_control is either unconnected or has no load
INFO: [Common 17-14] Message 'Synth 8-7129' appears 100 times and further instances of the messages will be disabled. Use the Tcl command set_msg_config to change the current settings.
---------------------------------------------------------------------------------
Finished RTL Elaboration : Time (s): cpu = 00:00:14 ; elapsed = 00:01:20 . Memory (MB): peak = 1383.742 ; gain = 622.102
---------------------------------------------------------------------------------
---------------------------------------------------------------------------------
Start Handling Custom Attributes
---------------------------------------------------------------------------------
---------------------------------------------------------------------------------
Finished Handling Custom Attributes : Time (s): cpu = 00:00:14 ; elapsed = 00:01:20 . Memory (MB): peak = 1383.742 ; gain = 622.102
---------------------------------------------------------------------------------
---------------------------------------------------------------------------------
Finished RTL Optimization Phase 1 : Time (s): cpu = 00:00:14 ; elapsed = 00:01:20 . Memory (MB): peak = 1383.742 ; gain = 622.102
---------------------------------------------------------------------------------
Netlist sorting complete. Time (s): cpu = 00:00:00 ; elapsed = 00:00:00.073 . Memory (MB): peak = 1383.742 ; gain = 0.000
INFO: [Project 1-570] Preparing netlist for logic optimization

Processing XDC Constraints
Initializing timing engine
Parsing XDC File [f:/esp32/esp32/ip/esp32_PmodESP32_0_1/src/PmodESP32_ooc.xdc] for cell 'inst'
Finished Parsing XDC File [f:/esp32/esp32/ip/esp32_PmodESP32_0_1/src/PmodESP32_ooc.xdc] for cell 'inst'
Parsing XDC File [f:/esp32/esp32/ip/esp32_PmodESP32_0_1/src/PmodESP32_axi_gpio_0_0/PmodESP32_axi_gpio_0_0_board.xdc] for cell 'inst/axi_gpio_0/U0'
Finished Parsing XDC File [f:/esp32/esp32/ip/esp32_PmodESP32_0_1/src/PmodESP32_axi_gpio_0_0/PmodESP32_axi_gpio_0_0_board.xdc] for cell 'inst/axi_gpio_0/U0'
Parsing XDC File [f:/esp32/esp32/ip/esp32_PmodESP32_0_1/src/PmodESP32_axi_uartlite_0_0/PmodESP32_axi_uartlite_0_0_board.xdc] for cell 'inst/axi_uartlite_0/U0'
Finished Parsing XDC File [f:/esp32/esp32/ip/esp32_PmodESP32_0_1/src/PmodESP32_axi_uartlite_0_0/PmodESP32_axi_uartlite_0_0_board.xdc] for cell 'inst/axi_uartlite_0/U0'
Parsing XDC File [f:/esp32/esp32/ip/esp32_PmodESP32_0_1/src/PmodESP32_pmod_bridge_0_0/PmodESP32_pmod_bridge_0_0_board.xdc] for cell 'inst/pmod_bridge_0/inst'
Finished Parsing XDC File [f:/esp32/esp32/ip/esp32_PmodESP32_0_1/src/PmodESP32_pmod_bridge_0_0/PmodESP32_pmod_bridge_0_0_board.xdc] for cell 'inst/pmod_bridge_0/inst'
Parsing XDC File [f:/esp32/esp32/ip/esp32_PmodESP32_0_1/esp32_PmodESP32_0_1_board.xdc] for cell 'inst'
Finished Parsing XDC File [f:/esp32/esp32/ip/esp32_PmodESP32_0_1/esp32_PmodESP32_0_1_board.xdc] for cell 'inst'
Parsing XDC File [F:/esp32/esp32.runs/esp32_PmodESP32_0_1_synth_1/dont_touch.xdc]
Finished Parsing XDC File [F:/esp32/esp32.runs/esp32_PmodESP32_0_1_synth_1/dont_touch.xdc]
INFO: [Project 1-236] Implementation specific constraints were found while reading constraint file [F:/esp32/esp32.runs/esp32_PmodESP32_0_1_synth_1/dont_touch.xdc]. These constraints will be ignored for synthesis but will be used in implementation. Impacted constraints are listed in the file [.Xil/esp32_PmodESP32_0_1_propImpl.xdc].
Resolution: To avoid this warning, move constraints listed in [.Xil/esp32_PmodESP32_0_1_propImpl.xdc] to another XDC file and exclude this new file from synthesis with the used_in_synthesis property (File Properties dialog in GUI) and re-run elaboration/synthesis.
INFO: [Project 1-236] Implementation specific constraints were found while reading constraint file [D:/Xilinx/2025.1/Vivado/data/ip/xpm/xpm_cdc/tcl/xpm_cdc_array_single.tcl]. These constraints will be ignored for synthesis but will be used in implementation. Impacted constraints are listed in the file [.Xil/esp32_PmodESP32_0_1_propImpl.xdc].
Resolution: To avoid this warning, move constraints listed in [.Xil/esp32_PmodESP32_0_1_propImpl.xdc] to another XDC file and exclude this new file from synthesis with the used_in_synthesis property (File Properties dialog in GUI) and re-run elaboration/synthesis.
INFO: [Project 1-236] Implementation specific constraints were found while reading constraint file [D:/Xilinx/2025.1/Vivado/data/ip/xpm/xpm_cdc/tcl/xpm_cdc_single.tcl]. These constraints will be ignored for synthesis but will be used in implementation. Impacted constraints are listed in the file [.Xil/esp32_PmodESP32_0_1_propImpl.xdc].
Resolution: To avoid this warning, move constraints listed in [.Xil/esp32_PmodESP32_0_1_propImpl.xdc] to another XDC file and exclude this new file from synthesis with the used_in_synthesis property (File Properties dialog in GUI) and re-run elaboration/synthesis.
INFO: [Project 1-1714] 3 XPM XDC files have been applied to the design.
Completed Processing XDC Constraints

Netlist sorting complete. Time (s): cpu = 00:00:00 ; elapsed = 00:00:00.001 . Memory (MB): peak = 1426.754 ; gain = 0.000
INFO: [Project 1-111] Unisim Transformation Summary:
No Unisim elements were transformed.

Constraint Validation Runtime : Time (s): cpu = 00:00:00 ; elapsed = 00:00:00.053 . Memory (MB): peak = 1433.438 ; gain = 6.684
INFO: [Designutils 20-5008] Incremental synthesis strategy off
---------------------------------------------------------------------------------
Finished Constraint Validation : Time (s): cpu = 00:00:29 ; elapsed = 00:02:21 . Memory (MB): peak = 1433.438 ; gain = 671.797
---------------------------------------------------------------------------------
---------------------------------------------------------------------------------
Start Loading Part and Timing Information
---------------------------------------------------------------------------------
Loading part: xc7a100tcsg324-1
---------------------------------------------------------------------------------
Finished Loading Part and Timing Information : Time (s): cpu = 00:00:29 ; elapsed = 00:02:21 . Memory (MB): peak = 1433.438 ; gain = 671.797
---------------------------------------------------------------------------------
---------------------------------------------------------------------------------
Start Applying 'set_property' XDC Constraints
---------------------------------------------------------------------------------
---------------------------------------------------------------------------------
Finished applying 'set_property' XDC Constraints : Time (s): cpu = 00:00:29 ; elapsed = 00:02:21 . Memory (MB): peak = 1433.438 ; gain = 671.797
---------------------------------------------------------------------------------
INFO: [Synth 8-802] inferred FSM for state register 'state_reg' in module 'slave_attachment'
INFO: [Synth 8-802] inferred FSM for state register 'state_reg' in module 'slave_attachment__parameterized0'
---------------------------------------------------------------------------------------------------
                   State |                     New Encoding |                Previous Encoding 
---------------------------------------------------------------------------------------------------
                 iSTATE2 |                             0001 |                               00
                  iSTATE |                             0010 |                               01
                 iSTATE0 |                             0100 |                               10
                 iSTATE1 |                             1000 |                               11
---------------------------------------------------------------------------------------------------
INFO: [Synth 8-3354] encoded FSM with state register 'state_reg' using encoding 'one-hot' in module 'slave_attachment'
---------------------------------------------------------------------------------------------------
                   State |                     New Encoding |                Previous Encoding 
---------------------------------------------------------------------------------------------------
                 sm_idle |                             0010 |                               00
                 sm_read |                             1000 |                               01
                sm_write |                             0100 |                               10
                 sm_resp |                             0001 |                               11
---------------------------------------------------------------------------------------------------
INFO: [Synth 8-3354] encoded FSM with state register 'state_reg' using encoding 'one-hot' in module 'slave_attachment__parameterized0'
---------------------------------------------------------------------------------
Finished RTL Optimization Phase 2 : Time (s): cpu = 00:00:31 ; elapsed = 00:02:24 . Memory (MB): peak = 1433.438 ; gain = 671.797
---------------------------------------------------------------------------------
---------------------------------------------------------------------------------
Start RTL Component Statistics 
---------------------------------------------------------------------------------
Detailed RTL Component Info : 
+---Adders : 
	   2 Input    6 Bit       Adders := 1     
	   2 Input    5 Bit       Adders := 4     
	   2 Input    4 Bit       Adders := 1     
	   2 Input    3 Bit       Adders := 1     
+---XORs : 
	   2 Input      4 Bit         XORs := 1     
	   2 Input      2 Bit         XORs := 1     
	   2 Input      1 Bit         XORs := 2     
+---Registers : 
	               32 Bit    Registers := 3     
	               16 Bit    Registers := 2     
	                9 Bit    Registers := 1     
	                6 Bit    Registers := 1     
	                5 Bit    Registers := 2     
	                4 Bit    Registers := 11    
	                3 Bit    Registers := 1     
	                2 Bit    Registers := 14    
	                1 Bit    Registers := 117   
+---Muxes : 
	   2 Input   32 Bit        Muxes := 4     
	   2 Input    9 Bit        Muxes := 1     
	   3 Input    8 Bit        Muxes := 1     
	   4 Input    4 Bit        Muxes := 2     
	   2 Input    4 Bit        Muxes := 14    
	   2 Input    3 Bit        Muxes := 1     
	   2 Input    2 Bit        Muxes := 9     
	   3 Input    2 Bit        Muxes := 1     
	   4 Input    2 Bit        Muxes := 3     
	   2 Input    1 Bit        Muxes := 76    
	   4 Input    1 Bit        Muxes := 3     
---------------------------------------------------------------------------------
Finished RTL Component Statistics 
---------------------------------------------------------------------------------
---------------------------------------------------------------------------------
Start Part Resource Summary
---------------------------------------------------------------------------------
Part Resources:
DSPs: 240 (col length:80)
BRAMs: 270 (col length: RAMB18 80 RAMB36 40)
---------------------------------------------------------------------------------
Finished Part Resource Summary
---------------------------------------------------------------------------------
---------------------------------------------------------------------------------
Start Cross Boundary and Area Optimization
---------------------------------------------------------------------------------
WARNING: [Synth 8-7080] Parallel synthesis criteria is not met
---------------------------------------------------------------------------------
Finished Cross Boundary and Area Optimization : Time (s): cpu = 00:00:36 ; elapsed = 00:02:41 . Memory (MB): peak = 1447.488 ; gain = 685.848
---------------------------------------------------------------------------------
---------------------------------------------------------------------------------
Start Applying XDC Timing Constraints
---------------------------------------------------------------------------------
---------------------------------------------------------------------------------
Finished Applying XDC Timing Constraints : Time (s): cpu = 00:00:44 ; elapsed = 00:03:10 . Memory (MB): peak = 1582.070 ; gain = 820.430
---------------------------------------------------------------------------------
---------------------------------------------------------------------------------
Start Timing Optimization
---------------------------------------------------------------------------------
---------------------------------------------------------------------------------
Finished Timing Optimization : Time (s): cpu = 00:00:45 ; elapsed = 00:03:11 . Memory (MB): peak = 1614.625 ; gain = 852.984
---------------------------------------------------------------------------------
---------------------------------------------------------------------------------
Start Technology Mapping
---------------------------------------------------------------------------------
---------------------------------------------------------------------------------
Finished Technology Mapping : Time (s): cpu = 00:00:46 ; elapsed = 00:03:12 . Memory (MB): peak = 1614.625 ; gain = 852.984
---------------------------------------------------------------------------------
---------------------------------------------------------------------------------
Start IO Insertion
---------------------------------------------------------------------------------
---------------------------------------------------------------------------------
Start Flattening Before IO Insertion
---------------------------------------------------------------------------------
---------------------------------------------------------------------------------
Finished Flattening Before IO Insertion
---------------------------------------------------------------------------------
---------------------------------------------------------------------------------
Start Final Netlist Cleanup
---------------------------------------------------------------------------------
---------------------------------------------------------------------------------
Finished Final Netlist Cleanup
---------------------------------------------------------------------------------
---------------------------------------------------------------------------------
Finished IO Insertion : Time (s): cpu = 00:00:54 ; elapsed = 00:04:12 . Memory (MB): peak = 1827.621 ; gain = 1065.980
---------------------------------------------------------------------------------
---------------------------------------------------------------------------------
Start Renaming Generated Instances
---------------------------------------------------------------------------------
---------------------------------------------------------------------------------
Finished Renaming Generated Instances : Time (s): cpu = 00:00:54 ; elapsed = 00:04:13 . Memory (MB): peak = 1827.621 ; gain = 1065.980
---------------------------------------------------------------------------------
---------------------------------------------------------------------------------
Start Rebuilding User Hierarchy
---------------------------------------------------------------------------------
---------------------------------------------------------------------------------
Finished Rebuilding User Hierarchy : Time (s): cpu = 00:00:54 ; elapsed = 00:04:13 . Memory (MB): peak = 1827.621 ; gain = 1065.980
---------------------------------------------------------------------------------
---------------------------------------------------------------------------------
Start Renaming Generated Ports
---------------------------------------------------------------------------------
---------------------------------------------------------------------------------
Finished Renaming Generated Ports : Time (s): cpu = 00:00:54 ; elapsed = 00:04:13 . Memory (MB): peak = 1827.621 ; gain = 1065.980
---------------------------------------------------------------------------------
---------------------------------------------------------------------------------
Start Handling Custom Attributes
---------------------------------------------------------------------------------
---------------------------------------------------------------------------------
Finished Handling Custom Attributes : Time (s): cpu = 00:00:54 ; elapsed = 00:04:13 . Memory (MB): peak = 1827.621 ; gain = 1065.980
---------------------------------------------------------------------------------
---------------------------------------------------------------------------------
Start Renaming Generated Nets
---------------------------------------------------------------------------------
---------------------------------------------------------------------------------
Finished Renaming Generated Nets : Time (s): cpu = 00:00:54 ; elapsed = 00:04:13 . Memory (MB): peak = 1827.621 ; gain = 1065.980
---------------------------------------------------------------------------------
---------------------------------------------------------------------------------
Start ROM, RAM, DSP, Shift Register and Retiming Reporting
---------------------------------------------------------------------------------

Static Shift Register Report:
+-------------+--------------------------------------------------+--------+-------+--------------+--------------------+-------------------+--------+---------+
|Module Name  | RTL Name                                         | Length | Width | Reset Signal | Pull out first Reg | Pull out last Reg | SRL16E | SRLC32E | 
+-------------+--------------------------------------------------+--------+-------+--------------+--------------------+-------------------+--------+---------+
|axi_uartlite | UARTLITE_CORE_I/UARTLITE_RX_I/data_shift_reg[15] | 16     | 1     | YES          | NO                 | YES               | 1      | 0       | 
|axi_uartlite | UARTLITE_CORE_I/UARTLITE_TX_I/data_shift_reg[15] | 15     | 1     | YES          | NO                 | YES               | 1      | 0       | 
+-------------+--------------------------------------------------+--------+-------+--------------+--------------------+-------------------+--------+---------+


Dynamic Shift Register Report:
+------------+--------------+--------+------------+--------+---------+--------+--------+--------+
|Module Name | RTL Name     | Length | Data Width | SRL16E | SRLC32E | Mux F7 | Mux F8 | Mux F9 | 
+------------+--------------+--------+------------+--------+---------+--------+--------+--------+
|dsrl        | data_reg[15] | 8      | 8          | 8      | 0       | 0      | 0      | 0      | 
+------------+--------------+--------+------------+--------+---------+--------+--------+--------+

---------------------------------------------------------------------------------
Finished ROM, RAM, DSP, Shift Register and Retiming Reporting
---------------------------------------------------------------------------------
---------------------------------------------------------------------------------
Start Writing Synthesis Report
---------------------------------------------------------------------------------

Report BlackBoxes: 
+-+--------------+----------+
| |BlackBox name |Instances |
+-+--------------+----------+
+-+--------------+----------+

Report Cell Usage: 
+------+-------+------+
|      |Cell   |Count |
+------+-------+------+
|1     |LUT1   |     4|
|2     |LUT2   |    23|
|3     |LUT3   |    29|
|4     |LUT4   |    52|
|5     |LUT5   |    63|
|6     |LUT6   |    49|
|7     |MUXF7  |     1|
|8     |SRL16E |    18|
|9     |FDRE   |   221|
|10    |FDSE   |    29|
+------+-------+------+
---------------------------------------------------------------------------------
Finished Writing Synthesis Report : Time (s): cpu = 00:00:54 ; elapsed = 00:04:13 . Memory (MB): peak = 1827.621 ; gain = 1065.980
---------------------------------------------------------------------------------
Synthesis finished with 0 errors, 0 critical warnings and 117 warnings.
Synthesis Optimization Runtime : Time (s): cpu = 00:00:36 ; elapsed = 00:03:56 . Memory (MB): peak = 1827.621 ; gain = 1016.285
Synthesis Optimization Complete : Time (s): cpu = 00:00:54 ; elapsed = 00:04:16 . Memory (MB): peak = 1827.621 ; gain = 1065.980
INFO: [Project 1-571] Translating synthesized netlist
Netlist sorting complete. Time (s): cpu = 00:00:00 ; elapsed = 00:00:00.017 . Memory (MB): peak = 1836.785 ; gain = 0.000
INFO: [Netlist 29-17] Analyzing 1 Unisim elements for replacement
INFO: [Netlist 29-28] Unisim Transformation completed in 0 CPU seconds
INFO: [Project 1-570] Preparing netlist for logic optimization
INFO: [Opt 31-138] Pushed 0 inverter(s) to 0 load pin(s).
Netlist sorting complete. Time (s): cpu = 00:00:00 ; elapsed = 00:00:00 . Memory (MB): peak = 1840.465 ; gain = 0.000
INFO: [Project 1-111] Unisim Transformation Summary:
No Unisim elements were transformed.

Synth Design complete | Checksum: 96af9795
INFO: [Common 17-83] Releasing license: Synthesis
127 Infos, 121 Warnings, 0 Critical Warnings and 0 Errors encountered.
synth_design completed successfully
synth_design: Time (s): cpu = 00:01:00 ; elapsed = 00:05:06 . Memory (MB): peak = 1840.465 ; gain = 1279.594
Write ShapeDB Complete: Time (s): cpu = 00:00:00 ; elapsed = 00:00:00.006 . Memory (MB): peak = 1840.465 ; gain = 0.000
INFO: [Common 17-1381] The checkpoint 'F:/esp32/esp32.runs/esp32_PmodESP32_0_1_synth_1/esp32_PmodESP32_0_1.dcp' has been generated.
INFO: [Coretcl 2-1648] Added synthesis output to IP cache for IP esp32_PmodESP32_0_1, cache-ID = 501d73cc9484826d
INFO: [Coretcl 2-1174] Renamed 27 cell refs.
Write ShapeDB Complete: Time (s): cpu = 00:00:00 ; elapsed = 00:00:00.233 . Memory (MB): peak = 1840.465 ; gain = 0.000
INFO: [Common 17-1381] The checkpoint 'F:/esp32/esp32.runs/esp32_PmodESP32_0_1_synth_1/esp32_PmodESP32_0_1.dcp' has been generated.
INFO: [Vivado 12-24828] Executing command : report_utilization -file esp32_PmodESP32_0_1_utilization_synth.rpt -pb esp32_PmodESP32_0_1_utilization_synth.pb
INFO: [Common 17-206] Exiting Vivado at Sat Jan  3 20:15:46 2026...
