
*** Running vivado
    with args -log esp32_system_wrapper.vdi -applog -m64 -product Vivado -messageDb vivado.pb -mode batch -source esp32_system_wrapper.tcl -notrace



****** Vivado v2025.1 (64-bit)
  **** SW Build 6140274 on Thu May 22 00:12:29 MDT 2025
  **** IP Build 6138677 on Thu May 22 03:10:11 MDT 2025
  **** SharedData Build 6139179 on Tue May 20 17:58:58 MDT 2025
  **** Start of session at: Tue Jan  6 13:50:36 2026
    ** Copyright 1986-2022 Xilinx, Inc. All Rights Reserved.
    ** Copyright 2022-2025 Advanced Micro Devices, Inc. All Rights Reserved.

source esp32_system_wrapper.tcl -notrace
create_project: Time (s): cpu = 00:00:10 ; elapsed = 00:00:06 . Memory (MB): peak = 528.672 ; gain = 248.168
INFO: [IP_Flow 19-234] Refreshing IP repositories
INFO: [IP_Flow 19-1700] Loaded user IP repository 'f:/vivado-library'.
INFO: [IP_Flow 19-2313] Loaded Vivado IP repository 'D:/Xilinx/2025.1/Vivado/data/ip'.
add_files: Time (s): cpu = 00:00:05 ; elapsed = 00:00:05 . Memory (MB): peak = 623.723 ; gain = 89.117
Command: link_design -top esp32_system_wrapper -part xc7a100tcsg324-1
Design is defaulting to srcset: sources_1
Design is defaulting to constrset: constrs_1
INFO: [Device 21-403] Loading part xc7a100tcsg324-1
INFO: [Project 1-5699] Read binary netlist with skipMacroContent - 1
INFO: [Project 1-454] Reading design checkpoint 'f:/Project AHE/esp32_system/ip/esp32_system_PmodESP32_0_0/esp32_system_PmodESP32_0_0.dcp' for cell 'esp32_system_i/PmodESP32_0'
INFO: [Project 1-454] Reading design checkpoint 'f:/Project AHE/esp32_system/ip/esp32_system_PmodOLEDrgb_0_0/esp32_system_PmodOLEDrgb_0_0.dcp' for cell 'esp32_system_i/PmodOLEDrgb_0'
INFO: [Project 1-454] Reading design checkpoint 'f:/Project AHE/esp32_system/ip/esp32_system_axi_iic_0_0/esp32_system_axi_iic_0_0.dcp' for cell 'esp32_system_i/axi_iic_0'
INFO: [Project 1-454] Reading design checkpoint 'f:/Project AHE/esp32_system/ip/esp32_system_axi_intc_0_0/esp32_system_axi_intc_0_0.dcp' for cell 'esp32_system_i/axi_intc_0'
INFO: [Project 1-454] Reading design checkpoint 'f:/Project AHE/esp32_system/ip/esp32_system_axi_smc_0/esp32_system_axi_smc_0.dcp' for cell 'esp32_system_i/axi_smc'
INFO: [Project 1-454] Reading design checkpoint 'f:/Project AHE/esp32_system/ip/esp32_system_axi_uartlite_1_0/esp32_system_axi_uartlite_1_0.dcp' for cell 'esp32_system_i/axi_uartlite_1'
INFO: [Project 1-454] Reading design checkpoint 'f:/Project AHE/esp32_system/ip/esp32_system_clk_wiz_1_0/esp32_system_clk_wiz_1_0.dcp' for cell 'esp32_system_i/clk_wiz_1'
INFO: [Project 1-454] Reading design checkpoint 'f:/Project AHE/esp32_system/ip/esp32_system_mdm_1_0/esp32_system_mdm_1_0.dcp' for cell 'esp32_system_i/mdm_1'
INFO: [Project 1-454] Reading design checkpoint 'f:/Project AHE/esp32_system/ip/esp32_system_microblaze_0_0/esp32_system_microblaze_0_0.dcp' for cell 'esp32_system_i/microblaze_0'
INFO: [Project 1-454] Reading design checkpoint 'f:/Project AHE/esp32_system/ip/esp32_system_reset_inv_0_0/esp32_system_reset_inv_0_0.dcp' for cell 'esp32_system_i/reset_inv_0'
INFO: [Project 1-454] Reading design checkpoint 'f:/Project AHE/esp32_system/ip/esp32_system_rst_clk_wiz_1_100M_0/esp32_system_rst_clk_wiz_1_100M_0.dcp' for cell 'esp32_system_i/rst_clk_wiz_1_100M'
INFO: [Project 1-454] Reading design checkpoint 'f:/Project AHE/esp32_system/ip/esp32_system_dlmb_bram_if_cntlr_0/esp32_system_dlmb_bram_if_cntlr_0.dcp' for cell 'esp32_system_i/microblaze_0_local_memory/dlmb_bram_if_cntlr'
INFO: [Project 1-454] Reading design checkpoint 'f:/Project AHE/esp32_system/ip/esp32_system_dlmb_v10_0/esp32_system_dlmb_v10_0.dcp' for cell 'esp32_system_i/microblaze_0_local_memory/dlmb_v10'
INFO: [Project 1-454] Reading design checkpoint 'f:/Project AHE/esp32_system/ip/esp32_system_ilmb_bram_if_cntlr_0/esp32_system_ilmb_bram_if_cntlr_0.dcp' for cell 'esp32_system_i/microblaze_0_local_memory/ilmb_bram_if_cntlr'
INFO: [Project 1-454] Reading design checkpoint 'f:/Project AHE/esp32_system/ip/esp32_system_ilmb_v10_0/esp32_system_ilmb_v10_0.dcp' for cell 'esp32_system_i/microblaze_0_local_memory/ilmb_v10'
INFO: [Project 1-454] Reading design checkpoint 'f:/Project AHE/esp32_system/ip/esp32_system_lmb_bram_0/esp32_system_lmb_bram_0.dcp' for cell 'esp32_system_i/microblaze_0_local_memory/lmb_bram'
Netlist sorting complete. Time (s): cpu = 00:00:01 ; elapsed = 00:00:00.314 . Memory (MB): peak = 905.695 ; gain = 0.000
INFO: [Netlist 29-17] Analyzing 340 Unisim elements for replacement
INFO: [Netlist 29-28] Unisim Transformation completed in 0 CPU seconds
INFO: [Project 1-479] Netlist was created with Vivado 2025.1
INFO: [Project 1-570] Preparing netlist for logic optimization
Parsing XDC File [f:/Project AHE/esp32_system/ip/esp32_system_microblaze_0_0/esp32_system_microblaze_0_0.xdc] for cell 'esp32_system_i/microblaze_0/U0'
WARNING: [Vivado_Tcl 4-921] Waiver ID 'CDC-26' -to list should not be empty. [f:/Project AHE/esp32_system/ip/esp32_system_microblaze_0_0/esp32_system_microblaze_0_0.xdc:3]
WARNING: [Vivado_Tcl 4-921] Waiver ID 'CDC-1' -to list should not be empty. [f:/Project AHE/esp32_system/ip/esp32_system_microblaze_0_0/esp32_system_microblaze_0_0.xdc:27]
WARNING: [Vivado_Tcl 4-921] Waiver ID 'CDC-1' -to list should not be empty. [f:/Project AHE/esp32_system/ip/esp32_system_microblaze_0_0/esp32_system_microblaze_0_0.xdc:37]
WARNING: [Vivado_Tcl 4-921] Waiver ID 'CDC-1' -to list should not be empty. [f:/Project AHE/esp32_system/ip/esp32_system_microblaze_0_0/esp32_system_microblaze_0_0.xdc:61]
WARNING: [Vivado_Tcl 4-921] Waiver ID 'CDC-1' -to list should not be empty. [f:/Project AHE/esp32_system/ip/esp32_system_microblaze_0_0/esp32_system_microblaze_0_0.xdc:69]
WARNING: [Vivado_Tcl 4-921] Waiver ID 'CDC-1' -to list should not be empty. [f:/Project AHE/esp32_system/ip/esp32_system_microblaze_0_0/esp32_system_microblaze_0_0.xdc:77]
WARNING: [Vivado_Tcl 4-921] Waiver ID 'CDC-7' -to list should not be empty. [f:/Project AHE/esp32_system/ip/esp32_system_microblaze_0_0/esp32_system_microblaze_0_0.xdc:95]
WARNING: [Vivado_Tcl 4-919] Waiver ID 'CDC-11' -from list should not be empty. [f:/Project AHE/esp32_system/ip/esp32_system_microblaze_0_0/esp32_system_microblaze_0_0.xdc:103]
WARNING: [Vivado_Tcl 4-921] Waiver ID 'CDC-15' -to list should not be empty. [f:/Project AHE/esp32_system/ip/esp32_system_microblaze_0_0/esp32_system_microblaze_0_0.xdc:113]
WARNING: [Vivado_Tcl 4-921] Waiver ID 'CDC-15' -to list should not be empty. [f:/Project AHE/esp32_system/ip/esp32_system_microblaze_0_0/esp32_system_microblaze_0_0.xdc:138]
WARNING: [Vivado_Tcl 4-921] Waiver ID 'CDC-15' -to list should not be empty. [f:/Project AHE/esp32_system/ip/esp32_system_microblaze_0_0/esp32_system_microblaze_0_0.xdc:140]
WARNING: [Vivado_Tcl 4-919] Waiver ID 'CDC-1' -from list should not be empty. [f:/Project AHE/esp32_system/ip/esp32_system_microblaze_0_0/esp32_system_microblaze_0_0.xdc:146]
Finished Parsing XDC File [f:/Project AHE/esp32_system/ip/esp32_system_microblaze_0_0/esp32_system_microblaze_0_0.xdc] for cell 'esp32_system_i/microblaze_0/U0'
Parsing XDC File [f:/Project AHE/esp32_system/ip/esp32_system_clk_wiz_1_0/esp32_system_clk_wiz_1_0_board.xdc] for cell 'esp32_system_i/clk_wiz_1/inst'
Finished Parsing XDC File [f:/Project AHE/esp32_system/ip/esp32_system_clk_wiz_1_0/esp32_system_clk_wiz_1_0_board.xdc] for cell 'esp32_system_i/clk_wiz_1/inst'
Parsing XDC File [f:/Project AHE/esp32_system/ip/esp32_system_clk_wiz_1_0/esp32_system_clk_wiz_1_0.xdc] for cell 'esp32_system_i/clk_wiz_1/inst'
INFO: [Timing 38-35] Done setting XDC timing constraints. [f:/Project AHE/esp32_system/ip/esp32_system_clk_wiz_1_0/esp32_system_clk_wiz_1_0.xdc:54]
INFO: [Timing 38-2] Deriving generated clocks [f:/Project AHE/esp32_system/ip/esp32_system_clk_wiz_1_0/esp32_system_clk_wiz_1_0.xdc:54]
get_clocks: Time (s): cpu = 00:00:06 ; elapsed = 00:00:06 . Memory (MB): peak = 1660.402 ; gain = 585.223
Finished Parsing XDC File [f:/Project AHE/esp32_system/ip/esp32_system_clk_wiz_1_0/esp32_system_clk_wiz_1_0.xdc] for cell 'esp32_system_i/clk_wiz_1/inst'
Parsing XDC File [f:/Project AHE/esp32_system/ip/esp32_system_rst_clk_wiz_1_100M_0/esp32_system_rst_clk_wiz_1_100M_0_board.xdc] for cell 'esp32_system_i/rst_clk_wiz_1_100M/U0'
Finished Parsing XDC File [f:/Project AHE/esp32_system/ip/esp32_system_rst_clk_wiz_1_100M_0/esp32_system_rst_clk_wiz_1_100M_0_board.xdc] for cell 'esp32_system_i/rst_clk_wiz_1_100M/U0'
Parsing XDC File [f:/Project AHE/esp32_system/ip/esp32_system_axi_uartlite_1_0/esp32_system_axi_uartlite_1_0_board.xdc] for cell 'esp32_system_i/axi_uartlite_1/U0'
Finished Parsing XDC File [f:/Project AHE/esp32_system/ip/esp32_system_axi_uartlite_1_0/esp32_system_axi_uartlite_1_0_board.xdc] for cell 'esp32_system_i/axi_uartlite_1/U0'
Parsing XDC File [f:/Project AHE/esp32_system/ip/esp32_system_axi_smc_0/bd_0/ip/ip_1/bd_7fbf_psr_aclk_0_board.xdc] for cell 'esp32_system_i/axi_smc/inst/clk_map/psr_aclk/U0'
Finished Parsing XDC File [f:/Project AHE/esp32_system/ip/esp32_system_axi_smc_0/bd_0/ip/ip_1/bd_7fbf_psr_aclk_0_board.xdc] for cell 'esp32_system_i/axi_smc/inst/clk_map/psr_aclk/U0'
Parsing XDC File [f:/Project AHE/esp32_system/ip/esp32_system_axi_smc_0/smartconnect.xdc] for cell 'esp32_system_i/axi_smc/inst'
Finished Parsing XDC File [f:/Project AHE/esp32_system/ip/esp32_system_axi_smc_0/smartconnect.xdc] for cell 'esp32_system_i/axi_smc/inst'
Parsing XDC File [f:/Project AHE/esp32_system/ip/esp32_system_axi_intc_0_0/esp32_system_axi_intc_0_0.xdc] for cell 'esp32_system_i/axi_intc_0/U0'
Finished Parsing XDC File [f:/Project AHE/esp32_system/ip/esp32_system_axi_intc_0_0/esp32_system_axi_intc_0_0.xdc] for cell 'esp32_system_i/axi_intc_0/U0'
Parsing XDC File [f:/Project AHE/esp32_system/ip/esp32_system_PmodESP32_0_0/src/PmodESP32_axi_gpio_0_0/PmodESP32_axi_gpio_0_0_board.xdc] for cell 'esp32_system_i/PmodESP32_0/inst/axi_gpio_0/U0'
Finished Parsing XDC File [f:/Project AHE/esp32_system/ip/esp32_system_PmodESP32_0_0/src/PmodESP32_axi_gpio_0_0/PmodESP32_axi_gpio_0_0_board.xdc] for cell 'esp32_system_i/PmodESP32_0/inst/axi_gpio_0/U0'
Parsing XDC File [f:/Project AHE/esp32_system/ip/esp32_system_PmodESP32_0_0/src/PmodESP32_axi_uartlite_0_0/PmodESP32_axi_uartlite_0_0_board.xdc] for cell 'esp32_system_i/PmodESP32_0/inst/axi_uartlite_0/U0'
Finished Parsing XDC File [f:/Project AHE/esp32_system/ip/esp32_system_PmodESP32_0_0/src/PmodESP32_axi_uartlite_0_0/PmodESP32_axi_uartlite_0_0_board.xdc] for cell 'esp32_system_i/PmodESP32_0/inst/axi_uartlite_0/U0'
Parsing XDC File [f:/Project AHE/esp32_system/ip/esp32_system_PmodESP32_0_0/src/PmodESP32_pmod_bridge_0_0/PmodESP32_pmod_bridge_0_0_board.xdc] for cell 'esp32_system_i/PmodESP32_0/inst/pmod_bridge_0/inst'
Finished Parsing XDC File [f:/Project AHE/esp32_system/ip/esp32_system_PmodESP32_0_0/src/PmodESP32_pmod_bridge_0_0/PmodESP32_pmod_bridge_0_0_board.xdc] for cell 'esp32_system_i/PmodESP32_0/inst/pmod_bridge_0/inst'
Parsing XDC File [f:/Project AHE/esp32_system/ip/esp32_system_PmodESP32_0_0/esp32_system_PmodESP32_0_0_board.xdc] for cell 'esp32_system_i/PmodESP32_0/inst'
Finished Parsing XDC File [f:/Project AHE/esp32_system/ip/esp32_system_PmodESP32_0_0/esp32_system_PmodESP32_0_0_board.xdc] for cell 'esp32_system_i/PmodESP32_0/inst'
Parsing XDC File [f:/Project AHE/esp32_system/ip/esp32_system_PmodOLEDrgb_0_0/ip/PmodOLEDrgb_pmod_bridge_0_0/PmodOLEDrgb_pmod_bridge_0_0_board.xdc] for cell 'esp32_system_i/PmodOLEDrgb_0/inst/pmod_bridge_0/inst'
Finished Parsing XDC File [f:/Project AHE/esp32_system/ip/esp32_system_PmodOLEDrgb_0_0/ip/PmodOLEDrgb_pmod_bridge_0_0/PmodOLEDrgb_pmod_bridge_0_0_board.xdc] for cell 'esp32_system_i/PmodOLEDrgb_0/inst/pmod_bridge_0/inst'
Parsing XDC File [f:/Project AHE/esp32_system/ip/esp32_system_PmodOLEDrgb_0_0/ip/PmodOLEDrgb_axi_gpio_0_1/PmodOLEDrgb_axi_gpio_0_1_board.xdc] for cell 'esp32_system_i/PmodOLEDrgb_0/inst/axi_gpio_0/U0'
Finished Parsing XDC File [f:/Project AHE/esp32_system/ip/esp32_system_PmodOLEDrgb_0_0/ip/PmodOLEDrgb_axi_gpio_0_1/PmodOLEDrgb_axi_gpio_0_1_board.xdc] for cell 'esp32_system_i/PmodOLEDrgb_0/inst/axi_gpio_0/U0'
Parsing XDC File [f:/Project AHE/esp32_system/ip/esp32_system_PmodOLEDrgb_0_0/ip/PmodOLEDrgb_axi_quad_spi_0_0/PmodOLEDrgb_axi_quad_spi_0_0_board.xdc] for cell 'esp32_system_i/PmodOLEDrgb_0/inst/axi_quad_spi_0/U0'
Finished Parsing XDC File [f:/Project AHE/esp32_system/ip/esp32_system_PmodOLEDrgb_0_0/ip/PmodOLEDrgb_axi_quad_spi_0_0/PmodOLEDrgb_axi_quad_spi_0_0_board.xdc] for cell 'esp32_system_i/PmodOLEDrgb_0/inst/axi_quad_spi_0/U0'
Parsing XDC File [f:/Project AHE/esp32_system/ip/esp32_system_PmodOLEDrgb_0_0/ip/PmodOLEDrgb_axi_quad_spi_0_0/PmodOLEDrgb_axi_quad_spi_0_0.xdc] for cell 'esp32_system_i/PmodOLEDrgb_0/inst/axi_quad_spi_0/U0'
Finished Parsing XDC File [f:/Project AHE/esp32_system/ip/esp32_system_PmodOLEDrgb_0_0/ip/PmodOLEDrgb_axi_quad_spi_0_0/PmodOLEDrgb_axi_quad_spi_0_0.xdc] for cell 'esp32_system_i/PmodOLEDrgb_0/inst/axi_quad_spi_0/U0'
Parsing XDC File [f:/Project AHE/esp32_system/ip/esp32_system_PmodOLEDrgb_0_0/esp32_system_PmodOLEDrgb_0_0_board.xdc] for cell 'esp32_system_i/PmodOLEDrgb_0/inst'
Finished Parsing XDC File [f:/Project AHE/esp32_system/ip/esp32_system_PmodOLEDrgb_0_0/esp32_system_PmodOLEDrgb_0_0_board.xdc] for cell 'esp32_system_i/PmodOLEDrgb_0/inst'
Parsing XDC File [f:/Project AHE/esp32_system/ip/esp32_system_axi_iic_0_0/esp32_system_axi_iic_0_0_board.xdc] for cell 'esp32_system_i/axi_iic_0/U0'
Finished Parsing XDC File [f:/Project AHE/esp32_system/ip/esp32_system_axi_iic_0_0/esp32_system_axi_iic_0_0_board.xdc] for cell 'esp32_system_i/axi_iic_0/U0'
Parsing XDC File [F:/esp32/pins.xdc]
Finished Parsing XDC File [F:/esp32/pins.xdc]
Parsing XDC File [f:/Project AHE/esp32_system/ip/esp32_system_mdm_1_0/esp32_system_mdm_1_0.xdc] for cell 'esp32_system_i/mdm_1/U0'
INFO: [Timing 38-2] Deriving generated clocks [f:/Project AHE/esp32_system/ip/esp32_system_mdm_1_0/esp32_system_mdm_1_0.xdc:4]
WARNING: [Vivado_Tcl 4-921] Waiver ID 'CDC-1' -to list should not be empty. [f:/Project AHE/esp32_system/ip/esp32_system_mdm_1_0/esp32_system_mdm_1_0.xdc:26]
WARNING: [Vivado_Tcl 4-921] Waiver ID 'CDC-1' -to list should not be empty. [f:/Project AHE/esp32_system/ip/esp32_system_mdm_1_0/esp32_system_mdm_1_0.xdc:36]
WARNING: [Vivado_Tcl 4-921] Waiver ID 'CDC-1' -to list should not be empty. [f:/Project AHE/esp32_system/ip/esp32_system_mdm_1_0/esp32_system_mdm_1_0.xdc:62]
WARNING: [Vivado_Tcl 4-921] Waiver ID 'CDC-1' -to list should not be empty. [f:/Project AHE/esp32_system/ip/esp32_system_mdm_1_0/esp32_system_mdm_1_0.xdc:64]
WARNING: [Vivado_Tcl 4-935] Waiver ID 'CDC-1' is a duplicate and will not be added again. [f:/Project AHE/esp32_system/ip/esp32_system_mdm_1_0/esp32_system_mdm_1_0.xdc:68]
WARNING: [Vivado_Tcl 4-921] Waiver ID 'CDC-1' -to list should not be empty. [f:/Project AHE/esp32_system/ip/esp32_system_mdm_1_0/esp32_system_mdm_1_0.xdc:82]
WARNING: [Vivado_Tcl 4-921] Waiver ID 'CDC-7' -to list should not be empty. [f:/Project AHE/esp32_system/ip/esp32_system_mdm_1_0/esp32_system_mdm_1_0.xdc:98]
WARNING: [Vivado_Tcl 4-919] Waiver ID 'CDC-13' -from list should not be empty. [f:/Project AHE/esp32_system/ip/esp32_system_mdm_1_0/esp32_system_mdm_1_0.xdc:116]
WARNING: [Vivado_Tcl 4-921] Waiver ID 'CDC-15' -to list should not be empty. [f:/Project AHE/esp32_system/ip/esp32_system_mdm_1_0/esp32_system_mdm_1_0.xdc:130]
WARNING: [Vivado_Tcl 4-921] Waiver ID 'CDC-15' -to list should not be empty. [f:/Project AHE/esp32_system/ip/esp32_system_mdm_1_0/esp32_system_mdm_1_0.xdc:132]
WARNING: [Vivado_Tcl 4-921] Waiver ID 'CDC-15' -to list should not be empty. [f:/Project AHE/esp32_system/ip/esp32_system_mdm_1_0/esp32_system_mdm_1_0.xdc:138]
Finished Parsing XDC File [f:/Project AHE/esp32_system/ip/esp32_system_mdm_1_0/esp32_system_mdm_1_0.xdc] for cell 'esp32_system_i/mdm_1/U0'
Parsing XDC File [f:/Project AHE/esp32_system/ip/esp32_system_axi_intc_0_0/esp32_system_axi_intc_0_0_clocks.xdc] for cell 'esp32_system_i/axi_intc_0/U0'
Finished Parsing XDC File [f:/Project AHE/esp32_system/ip/esp32_system_axi_intc_0_0/esp32_system_axi_intc_0_0_clocks.xdc] for cell 'esp32_system_i/axi_intc_0/U0'
Parsing XDC File [f:/Project AHE/esp32_system/ip/esp32_system_PmodOLEDrgb_0_0/ip/PmodOLEDrgb_axi_quad_spi_0_0/PmodOLEDrgb_axi_quad_spi_0_0_clocks.xdc] for cell 'esp32_system_i/PmodOLEDrgb_0/inst/axi_quad_spi_0/U0'
Finished Parsing XDC File [f:/Project AHE/esp32_system/ip/esp32_system_PmodOLEDrgb_0_0/ip/PmodOLEDrgb_axi_quad_spi_0_0/PmodOLEDrgb_axi_quad_spi_0_0_clocks.xdc] for cell 'esp32_system_i/PmodOLEDrgb_0/inst/axi_quad_spi_0/U0'
WARNING: [XPM_CDC_GRAY: TCL-1000] The source and destination clocks are the same. 
     Instance: esp32_system_i/PmodOLEDrgb_0/inst/axi_quad_spi_0/U0/NO_DUAL_QUAD_MODE.QSPI_NORMAL/QSPI_LEGACY_MD_GEN.QSPI_CORE_INTERFACE_I/FIFO_EXISTS.TX_FIFO_II/gnuram_async_fifo.xpm_fifo_base_inst/gen_cdc_pntr.rd_pntr_cdc_inst 
  This will add unnecessary latency to the design. Please check the design for the following: 
 1) Manually instantiated XPM_CDC modules: AMD recommends that you remove these modules. 
 2) AMD IP that contains XPM_CDC modules: Verify the connections to the IP to determine whether you can safely ignore this message.
 [D:/Xilinx/2025.1/Vivado/data/ip/xpm/xpm_cdc/tcl/xpm_cdc_gray.tcl:16]
WARNING: [XPM_CDC_GRAY: TCL-1000] The source and destination clocks are the same. 
     Instance: esp32_system_i/PmodOLEDrgb_0/inst/axi_quad_spi_0/U0/NO_DUAL_QUAD_MODE.QSPI_NORMAL/QSPI_LEGACY_MD_GEN.QSPI_CORE_INTERFACE_I/FIFO_EXISTS.RX_FIFO_II/gnuram_async_fifo.xpm_fifo_base_inst/gen_cdc_pntr.wr_pntr_cdc_inst 
  This will add unnecessary latency to the design. Please check the design for the following: 
 1) Manually instantiated XPM_CDC modules: AMD recommends that you remove these modules. 
 2) AMD IP that contains XPM_CDC modules: Verify the connections to the IP to determine whether you can safely ignore this message.
 [D:/Xilinx/2025.1/Vivado/data/ip/xpm/xpm_cdc/tcl/xpm_cdc_gray.tcl:16]
WARNING: [XPM_CDC_GRAY: TCL-1000] The source and destination clocks are the same. 
     Instance: esp32_system_i/PmodOLEDrgb_0/inst/axi_quad_spi_0/U0/NO_DUAL_QUAD_MODE.QSPI_NORMAL/QSPI_LEGACY_MD_GEN.QSPI_CORE_INTERFACE_I/FIFO_EXISTS.RX_FIFO_II/gnuram_async_fifo.xpm_fifo_base_inst/gen_cdc_pntr.rd_pntr_cdc_inst 
  This will add unnecessary latency to the design. Please check the design for the following: 
 1) Manually instantiated XPM_CDC modules: AMD recommends that you remove these modules. 
 2) AMD IP that contains XPM_CDC modules: Verify the connections to the IP to determine whether you can safely ignore this message.
 [D:/Xilinx/2025.1/Vivado/data/ip/xpm/xpm_cdc/tcl/xpm_cdc_gray.tcl:16]
WARNING: [XPM_CDC_GRAY: TCL-1000] The source and destination clocks are the same. 
     Instance: esp32_system_i/PmodOLEDrgb_0/inst/axi_quad_spi_0/U0/NO_DUAL_QUAD_MODE.QSPI_NORMAL/QSPI_LEGACY_MD_GEN.QSPI_CORE_INTERFACE_I/FIFO_EXISTS.TX_FIFO_II/gnuram_async_fifo.xpm_fifo_base_inst/gen_cdc_pntr.wr_pntr_cdc_inst 
  This will add unnecessary latency to the design. Please check the design for the following: 
 1) Manually instantiated XPM_CDC modules: AMD recommends that you remove these modules. 
 2) AMD IP that contains XPM_CDC modules: Verify the connections to the IP to determine whether you can safely ignore this message.
 [D:/Xilinx/2025.1/Vivado/data/ip/xpm/xpm_cdc/tcl/xpm_cdc_gray.tcl:16]
WARNING: [XPM_CDC_GRAY: TCL-1000] The source and destination clocks are the same. 
     Instance: esp32_system_i/PmodOLEDrgb_0/inst/axi_quad_spi_0/U0/NO_DUAL_QUAD_MODE.QSPI_NORMAL/QSPI_LEGACY_MD_GEN.QSPI_CORE_INTERFACE_I/FIFO_EXISTS.TX_FIFO_II/gnuram_async_fifo.xpm_fifo_base_inst/gen_cdc_pntr.wr_pntr_cdc_dc_inst 
  This will add unnecessary latency to the design. Please check the design for the following: 
 1) Manually instantiated XPM_CDC modules: AMD recommends that you remove these modules. 
 2) AMD IP that contains XPM_CDC modules: Verify the connections to the IP to determine whether you can safely ignore this message.
 [D:/Xilinx/2025.1/Vivado/data/ip/xpm/xpm_cdc/tcl/xpm_cdc_gray.tcl:16]
WARNING: [XPM_CDC_GRAY: TCL-1000] The source and destination clocks are the same. 
     Instance: esp32_system_i/PmodOLEDrgb_0/inst/axi_quad_spi_0/U0/NO_DUAL_QUAD_MODE.QSPI_NORMAL/QSPI_LEGACY_MD_GEN.QSPI_CORE_INTERFACE_I/FIFO_EXISTS.RX_FIFO_II/gnuram_async_fifo.xpm_fifo_base_inst/gen_cdc_pntr.wr_pntr_cdc_dc_inst 
  This will add unnecessary latency to the design. Please check the design for the following: 
 1) Manually instantiated XPM_CDC modules: AMD recommends that you remove these modules. 
 2) AMD IP that contains XPM_CDC modules: Verify the connections to the IP to determine whether you can safely ignore this message.
 [D:/Xilinx/2025.1/Vivado/data/ip/xpm/xpm_cdc/tcl/xpm_cdc_gray.tcl:16]
WARNING: [XPM_CDC_GRAY: TCL-1000] The source and destination clocks are the same. 
     Instance: esp32_system_i/PmodOLEDrgb_0/inst/axi_quad_spi_0/U0/NO_DUAL_QUAD_MODE.QSPI_NORMAL/QSPI_LEGACY_MD_GEN.QSPI_CORE_INTERFACE_I/FIFO_EXISTS.TX_FIFO_II/gnuram_async_fifo.xpm_fifo_base_inst/gen_cdc_pntr.rd_pntr_cdc_dc_inst 
  This will add unnecessary latency to the design. Please check the design for the following: 
 1) Manually instantiated XPM_CDC modules: AMD recommends that you remove these modules. 
 2) AMD IP that contains XPM_CDC modules: Verify the connections to the IP to determine whether you can safely ignore this message.
 [D:/Xilinx/2025.1/Vivado/data/ip/xpm/xpm_cdc/tcl/xpm_cdc_gray.tcl:16]
WARNING: [XPM_CDC_GRAY: TCL-1000] The source and destination clocks are the same. 
     Instance: esp32_system_i/PmodOLEDrgb_0/inst/axi_quad_spi_0/U0/NO_DUAL_QUAD_MODE.QSPI_NORMAL/QSPI_LEGACY_MD_GEN.QSPI_CORE_INTERFACE_I/FIFO_EXISTS.RX_FIFO_II/gnuram_async_fifo.xpm_fifo_base_inst/gen_cdc_pntr.rd_pntr_cdc_dc_inst 
  This will add unnecessary latency to the design. Please check the design for the following: 
 1) Manually instantiated XPM_CDC modules: AMD recommends that you remove these modules. 
 2) AMD IP that contains XPM_CDC modules: Verify the connections to the IP to determine whether you can safely ignore this message.
 [D:/Xilinx/2025.1/Vivado/data/ip/xpm/xpm_cdc/tcl/xpm_cdc_gray.tcl:16]
INFO: [Project 1-1714] 156 XPM XDC files have been applied to the design.
INFO: [Opt 31-138] Pushed 0 inverter(s) to 0 load pin(s).
Generating merged BMM file for the design top 'esp32_system_wrapper'...
INFO: [Memdata 28-144] Successfully populated the BRAM INIT strings from the following elf files: f:/Project AHE/esp32_system/ip/esp32_system_microblaze_0_0/data/mb_bootloop_le.elf 
Netlist sorting complete. Time (s): cpu = 00:00:00 ; elapsed = 00:00:00.006 . Memory (MB): peak = 1660.402 ; gain = 0.000
INFO: [Project 1-111] Unisim Transformation Summary:
  A total of 120 instances were transformed.
  IOBUF => IOBUF (IBUF, OBUFT): 18 instances
  LUT6_2 => LUT6_2 (LUT5, LUT6): 80 instances
  RAM32M => RAM32M (RAMD32(x6), RAMS32(x2)): 18 instances
  RAM32X1D => RAM32X1D (RAMD32(x2)): 4 instances

32 Infos, 31 Warnings, 0 Critical Warnings and 0 Errors encountered.
link_design completed successfully
link_design: Time (s): cpu = 00:00:13 ; elapsed = 00:00:15 . Memory (MB): peak = 1660.402 ; gain = 1036.680
Command: opt_design
Attempting to get a license for feature 'Implementation' and/or device 'xc7a100t'
INFO: [Common 17-349] Got license for feature 'Implementation' and/or device 'xc7a100t'
Running DRC as a precondition to command opt_design

Starting DRC Task
INFO: [DRC 23-27] Running DRC with 2 threads
INFO: [Project 1-461] DRC finished with 0 Errors
INFO: [Project 1-462] Please refer to the DRC report (report_drc) for more information.

Time (s): cpu = 00:00:02 ; elapsed = 00:00:01 . Memory (MB): peak = 1660.402 ; gain = 0.000

Starting Cache Timing Information Task
INFO: [Timing 38-35] Done setting XDC timing constraints.
Ending Cache Timing Information Task | Checksum: 2e546772a

Time (s): cpu = 00:00:01 ; elapsed = 00:00:00.424 . Memory (MB): peak = 1660.402 ; gain = 0.000

Starting Logic Optimization Task

Phase 1 Initialization

Phase 1.1 Core Generation And Design Setup
Phase 1.1 Core Generation And Design Setup | Checksum: 2e546772a

Time (s): cpu = 00:00:00 ; elapsed = 00:00:00.025 . Memory (MB): peak = 2070.051 ; gain = 0.000

Phase 1.2 Setup Constraints And Sort Netlist
Phase 1.2 Setup Constraints And Sort Netlist | Checksum: 2e546772a

Time (s): cpu = 00:00:00 ; elapsed = 00:00:00.041 . Memory (MB): peak = 2070.051 ; gain = 0.000
Phase 1 Initialization | Checksum: 2e546772a

Time (s): cpu = 00:00:00 ; elapsed = 00:00:00.042 . Memory (MB): peak = 2070.051 ; gain = 0.000

Phase 2 Timer Update And Timing Data Collection

Phase 2.1 Timer Update
Phase 2.1 Timer Update | Checksum: 2e546772a

Time (s): cpu = 00:00:00 ; elapsed = 00:00:00.292 . Memory (MB): peak = 2070.051 ; gain = 0.000

Phase 2.2 Timing Data Collection
Phase 2.2 Timing Data Collection | Checksum: 2e546772a

Time (s): cpu = 00:00:00 ; elapsed = 00:00:00.328 . Memory (MB): peak = 2070.051 ; gain = 0.000
Phase 2 Timer Update And Timing Data Collection | Checksum: 2e546772a

Time (s): cpu = 00:00:00 ; elapsed = 00:00:00.330 . Memory (MB): peak = 2070.051 ; gain = 0.000

Phase 3 Retarget
INFO: [Opt 31-1851] Number of loadless carry chains removed were: 0
INFO: [Opt 31-1834] Total Chains To Be Transformed Were: 0 AND Number of Transformed insts Created are: 0
INFO: [Opt 31-1566] Pulled 5 inverters resulting in an inversion of 26 pins
INFO: [Opt 31-138] Pushed 7 inverter(s) to 11 load pin(s).
INFO: [Opt 31-49] Retargeted 0 cell(s).
Phase 3 Retarget | Checksum: 2b38500b3

Time (s): cpu = 00:00:00 ; elapsed = 00:00:00.665 . Memory (MB): peak = 2070.051 ; gain = 0.000
Retarget | Checksum: 2b38500b3
INFO: [Opt 31-389] Phase Retarget created 94 cells and removed 126 cells
INFO: [Opt 31-1021] In phase Retarget, 196 netlist objects are constrained preventing optimization. Please run opt_design with -debug_log to get more detail. 

Phase 4 Constant propagation
INFO: [Opt 31-138] Pushed 0 inverter(s) to 0 load pin(s).
Phase 4 Constant propagation | Checksum: 21be66e2a

Time (s): cpu = 00:00:00 ; elapsed = 00:00:00.719 . Memory (MB): peak = 2070.051 ; gain = 0.000
Constant propagation | Checksum: 21be66e2a
INFO: [Opt 31-389] Phase Constant propagation created 5 cells and removed 52 cells
INFO: [Opt 31-1021] In phase Constant propagation, 181 netlist objects are constrained preventing optimization. Please run opt_design with -debug_log to get more detail. 

Phase 5 Sweep
INFO: [Constraints 18-11670] Building netlist checker database with flags, 0x8
Done building netlist checker database: Time (s): cpu = 00:00:00 ; elapsed = 00:00:00.005 . Memory (MB): peak = 2070.051 ; gain = 0.000
INFO: [Constraints 18-11670] Building netlist checker database with flags, 0x8
Done building netlist checker database: Time (s): cpu = 00:00:00 ; elapsed = 00:00:00.004 . Memory (MB): peak = 2070.051 ; gain = 0.000
Phase 5 Sweep | Checksum: 1f34f2c34

Time (s): cpu = 00:00:01 ; elapsed = 00:00:02 . Memory (MB): peak = 2070.051 ; gain = 0.000
Sweep | Checksum: 1f34f2c34
INFO: [Opt 31-389] Phase Sweep created 0 cells and removed 341 cells
INFO: [Opt 31-1021] In phase Sweep, 231 netlist objects are constrained preventing optimization. Please run opt_design with -debug_log to get more detail. 

Phase 6 BUFG optimization
INFO: [Opt 31-194] Inserted BUFG esp32_system_i/mdm_1/U0/Use_E2.BSCAN_I/Dbg_Update_0_BUFG_inst to drive 40 load(s) on clock net esp32_system_i/mdm_1/U0/Use_E2.BSCAN_I/Dbg_Update_0_BUFG
INFO: [Opt 31-193] Inserted 1 BUFG(s) on clock nets
Phase 6 BUFG optimization | Checksum: 2d3a34ef4

Time (s): cpu = 00:00:01 ; elapsed = 00:00:02 . Memory (MB): peak = 2070.051 ; gain = 0.000
BUFG optimization | Checksum: 2d3a34ef4
INFO: [Opt 31-662] Phase BUFG optimization created 1 cells of which 1 are BUFGs and removed 0 cells.

Phase 7 Shift Register Optimization
INFO: [Opt 31-1064] SRL Remap converted 0 SRLs to 0 registers and converted 0 registers of register chains to 0 SRLs
Phase 7 Shift Register Optimization | Checksum: 2d3a34ef4

Time (s): cpu = 00:00:01 ; elapsed = 00:00:02 . Memory (MB): peak = 2070.051 ; gain = 0.000
Shift Register Optimization | Checksum: 2d3a34ef4
INFO: [Opt 31-389] Phase Shift Register Optimization created 0 cells and removed 0 cells

Phase 8 Post Processing Netlist
Phase 8 Post Processing Netlist | Checksum: 281d747c0

Time (s): cpu = 00:00:01 ; elapsed = 00:00:02 . Memory (MB): peak = 2070.051 ; gain = 0.000
Post Processing Netlist | Checksum: 281d747c0
INFO: [Opt 31-389] Phase Post Processing Netlist created 0 cells and removed 0 cells
INFO: [Opt 31-1021] In phase Post Processing Netlist, 221 netlist objects are constrained preventing optimization. Please run opt_design with -debug_log to get more detail. 

Phase 9 Finalization

Phase 9.1 Finalizing Design Cores and Updating Shapes
Phase 9.1 Finalizing Design Cores and Updating Shapes | Checksum: 29c335efe

Time (s): cpu = 00:00:02 ; elapsed = 00:00:02 . Memory (MB): peak = 2070.051 ; gain = 0.000

Phase 9.2 Verifying Netlist Connectivity

Starting Connectivity Check Task

Time (s): cpu = 00:00:00 ; elapsed = 00:00:00.017 . Memory (MB): peak = 2070.051 ; gain = 0.000
Phase 9.2 Verifying Netlist Connectivity | Checksum: 29c335efe

Time (s): cpu = 00:00:02 ; elapsed = 00:00:02 . Memory (MB): peak = 2070.051 ; gain = 0.000
Phase 9 Finalization | Checksum: 29c335efe

Time (s): cpu = 00:00:02 ; elapsed = 00:00:02 . Memory (MB): peak = 2070.051 ; gain = 0.000
Opt_design Change Summary
=========================


-------------------------------------------------------------------------------------------------------------------------
|  Phase                        |  #Cells created  |  #Cells Removed  |  #Constrained objects preventing optimizations  |
-------------------------------------------------------------------------------------------------------------------------
|  Retarget                     |              94  |             126  |                                            196  |
|  Constant propagation         |               5  |              52  |                                            181  |
|  Sweep                        |               0  |             341  |                                            231  |
|  BUFG optimization            |               1  |               0  |                                              0  |
|  Shift Register Optimization  |               0  |               0  |                                              0  |
|  Post Processing Netlist      |               0  |               0  |                                            221  |
-------------------------------------------------------------------------------------------------------------------------


Ending Logic Optimization Task | Checksum: 29c335efe

Time (s): cpu = 00:00:02 ; elapsed = 00:00:02 . Memory (MB): peak = 2070.051 ; gain = 0.000

Starting Power Optimization Task
INFO: [Pwropt 34-132] Skipping clock gating for clocks with a period < 2.00 ns.
INFO: [Timing 38-35] Done setting XDC timing constraints.
INFO: [Pwropt 34-10] Applying ODC optimizations ...
Running Vector-less Activity Propagation...

Finished Running Vector-less Activity Propagation


Starting PowerOpt Patch Enables Task
INFO: [Pwropt 34-162] WRITE_MODE attribute of 0 BRAM(s) out of a total of 16 has been updated to save power. Run report_power_opt to get a complete listing of the BRAMs updated.
INFO: [Pwropt 34-201] Structural ODC has moved 0 WE to EN ports
Number of BRAM Ports augmented: 0 newly gated: 0 Total Ports: 32
Ending PowerOpt Patch Enables Task | Checksum: 29c335efe

Time (s): cpu = 00:00:00 ; elapsed = 00:00:00.068 . Memory (MB): peak = 2201.676 ; gain = 0.000
Ending Power Optimization Task | Checksum: 29c335efe

Time (s): cpu = 00:00:03 ; elapsed = 00:00:02 . Memory (MB): peak = 2201.676 ; gain = 131.625

Starting Final Cleanup Task
Ending Final Cleanup Task | Checksum: 29c335efe

Time (s): cpu = 00:00:00 ; elapsed = 00:00:00.001 . Memory (MB): peak = 2201.676 ; gain = 0.000

Starting Netlist Obfuscation Task
Netlist sorting complete. Time (s): cpu = 00:00:00 ; elapsed = 00:00:00.006 . Memory (MB): peak = 2201.676 ; gain = 0.000
Ending Netlist Obfuscation Task | Checksum: 29c335efe

Time (s): cpu = 00:00:00 ; elapsed = 00:00:00.008 . Memory (MB): peak = 2201.676 ; gain = 0.000
INFO: [Common 17-83] Releasing license: Implementation
64 Infos, 31 Warnings, 0 Critical Warnings and 0 Errors encountered.
opt_design completed successfully
opt_design: Time (s): cpu = 00:00:11 ; elapsed = 00:00:09 . Memory (MB): peak = 2201.676 ; gain = 541.273
INFO: [Vivado 12-24828] Executing command : report_drc -file esp32_system_wrapper_drc_opted.rpt -pb esp32_system_wrapper_drc_opted.pb -rpx esp32_system_wrapper_drc_opted.rpx
Command: report_drc -file esp32_system_wrapper_drc_opted.rpt -pb esp32_system_wrapper_drc_opted.pb -rpx esp32_system_wrapper_drc_opted.rpx
INFO: [IP_Flow 19-1839] IP Catalog is up to date.
INFO: [DRC 23-27] Running DRC with 2 threads
INFO: [Vivado_Tcl 2-168] The results of DRC are in file F:/esp32/esp32.runs/impl_1/esp32_system_wrapper_drc_opted.rpt.
report_drc completed successfully
INFO: [Timing 38-35] Done setting XDC timing constraints.
INFO: [Timing 38-480] Writing timing data to binary archive.
Wrote PlaceDB: Time (s): cpu = 00:00:00 ; elapsed = 00:00:00.004 . Memory (MB): peak = 2201.676 ; gain = 0.000
Wrote PulsedLatchDB: Time (s): cpu = 00:00:00 ; elapsed = 00:00:00.002 . Memory (MB): peak = 2201.676 ; gain = 0.000
Writing XDEF routing.
Write ShapeDB Complete: Time (s): cpu = 00:00:00 ; elapsed = 00:00:00.024 . Memory (MB): peak = 2201.676 ; gain = 0.000
Writing XDEF routing logical nets.
Writing XDEF routing special nets.
Wrote RouteStorage: Time (s): cpu = 00:00:00 ; elapsed = 00:00:00.038 . Memory (MB): peak = 2201.676 ; gain = 0.000
Wrote Netlist Cache: Time (s): cpu = 00:00:00 ; elapsed = 00:00:00 . Memory (MB): peak = 2201.676 ; gain = 0.000
Wrote Device Cache: Time (s): cpu = 00:00:00 ; elapsed = 00:00:00.007 . Memory (MB): peak = 2201.676 ; gain = 0.000
Write Physdb Complete: Time (s): cpu = 00:00:00 ; elapsed = 00:00:00.067 . Memory (MB): peak = 2201.676 ; gain = 0.000
INFO: [Common 17-1381] The checkpoint 'F:/esp32/esp32.runs/impl_1/esp32_system_wrapper_opt.dcp' has been generated.
Command: place_design
Attempting to get a license for feature 'Implementation' and/or device 'xc7a100t'
INFO: [Common 17-349] Got license for feature 'Implementation' and/or device 'xc7a100t'
INFO: [Common 17-83] Releasing license: Implementation
INFO: [DRC 23-27] Running DRC with 2 threads
INFO: [Vivado_Tcl 4-198] DRC finished with 0 Errors
INFO: [Vivado_Tcl 4-199] Please refer to the DRC report (report_drc) for more information.
Running DRC as a precondition to command place_design
INFO: [DRC 23-27] Running DRC with 2 threads
INFO: [Vivado_Tcl 4-198] DRC finished with 0 Errors
INFO: [Vivado_Tcl 4-199] Please refer to the DRC report (report_drc) for more information.
INFO: [Place 30-611] Multithreading enabled for place_design using a maximum of 2 CPUs

Starting Placer Task

Phase 1 Placer Initialization

Phase 1.1 Placer Initialization Netlist Sorting
Netlist sorting complete. Time (s): cpu = 00:00:00 ; elapsed = 00:00:00.007 . Memory (MB): peak = 2201.676 ; gain = 0.000
Phase 1.1 Placer Initialization Netlist Sorting | Checksum: 2038c9028

Time (s): cpu = 00:00:00 ; elapsed = 00:00:00.017 . Memory (MB): peak = 2201.676 ; gain = 0.000
Netlist sorting complete. Time (s): cpu = 00:00:00 ; elapsed = 00:00:00.006 . Memory (MB): peak = 2201.676 ; gain = 0.000

Phase 1.2 IO Placement/ Clock Placement/ Build Placer Device
Phase 1.2 IO Placement/ Clock Placement/ Build Placer Device | Checksum: 1c733cc4d

Time (s): cpu = 00:00:00 ; elapsed = 00:00:00.493 . Memory (MB): peak = 2201.676 ; gain = 0.000

Phase 1.3 Build Placer Netlist Model
Phase 1.3 Build Placer Netlist Model | Checksum: 1c23943c2

Time (s): cpu = 00:00:02 ; elapsed = 00:00:02 . Memory (MB): peak = 2201.676 ; gain = 0.000

Phase 1.4 Constrain Clocks/Macros
Phase 1.4 Constrain Clocks/Macros | Checksum: 1c23943c2

Time (s): cpu = 00:00:02 ; elapsed = 00:00:02 . Memory (MB): peak = 2201.676 ; gain = 0.000
Phase 1 Placer Initialization | Checksum: 1c23943c2

Time (s): cpu = 00:00:02 ; elapsed = 00:00:02 . Memory (MB): peak = 2201.676 ; gain = 0.000

Phase 2 Global Placement

Phase 2.1 Floorplanning
Phase 2.1 Floorplanning | Checksum: 1b7639e11

Time (s): cpu = 00:00:03 ; elapsed = 00:00:02 . Memory (MB): peak = 2201.676 ; gain = 0.000

Phase 2.2 Update Timing before SLR Path Opt
Phase 2.2 Update Timing before SLR Path Opt | Checksum: 2677a68b0

Time (s): cpu = 00:00:03 ; elapsed = 00:00:02 . Memory (MB): peak = 2201.676 ; gain = 0.000

Phase 2.3 Post-Processing in Floorplanning
Phase 2.3 Post-Processing in Floorplanning | Checksum: 2677a68b0

Time (s): cpu = 00:00:03 ; elapsed = 00:00:02 . Memory (MB): peak = 2201.676 ; gain = 0.000

Phase 2.4 Global Place Phase1
Phase 2.4 Global Place Phase1 | Checksum: 22478e530

Time (s): cpu = 00:00:07 ; elapsed = 00:00:05 . Memory (MB): peak = 2201.676 ; gain = 0.000

Phase 2.5 Global Place Phase2

Phase 2.5.1 UpdateTiming Before Physical Synthesis
Phase 2.5.1 UpdateTiming Before Physical Synthesis | Checksum: 22478e530

Time (s): cpu = 00:00:07 ; elapsed = 00:00:05 . Memory (MB): peak = 2201.676 ; gain = 0.000

Phase 2.5.2 Physical Synthesis In Placer
INFO: [Physopt 32-1035] Found 0 LUTNM shape to break, 282 LUT instances to create LUTNM shape
INFO: [Physopt 32-1044] Break lutnm for timing: one critical 0, two critical 0, total 0, new lutff created 0
INFO: [Physopt 32-1138] End 1 Pass. Optimized 122 nets or LUTs. Breaked 0 LUT, combined 122 existing LUTs and moved 0 existing LUT
INFO: [Physopt 32-65] No nets found for high-fanout optimization.
INFO: [Physopt 32-232] Optimized 0 net. Created 0 new instance.
INFO: [Physopt 32-775] End 1 Pass. Optimized 0 net or cell. Created 0 new cell, deleted 0 existing cell and moved 0 existing cell
INFO: [Physopt 32-670] No setup violation found.  DSP Register Optimization was not performed.
INFO: [Physopt 32-670] No setup violation found.  Shift Register to Pipeline Optimization was not performed.
INFO: [Physopt 32-670] No setup violation found.  Shift Register Optimization was not performed.
INFO: [Physopt 32-670] No setup violation found.  BRAM Register Optimization was not performed.
INFO: [Physopt 32-670] No setup violation found.  URAM Register Optimization was not performed.
INFO: [Physopt 32-949] No candidate nets found for dynamic/static region interface net replication
INFO: [Physopt 32-775] End 1 Pass. Optimized 0 net or cell. Created 0 new cell, deleted 0 existing cell and moved 0 existing cell
Netlist sorting complete. Time (s): cpu = 00:00:00 ; elapsed = 00:00:00.007 . Memory (MB): peak = 2201.676 ; gain = 0.000

Summary of Physical Synthesis Optimizations
============================================


-----------------------------------------------------------------------------------------------------------------------------------------------------------
|  Optimization                                     |  Added Cells  |  Removed Cells  |  Optimized Cells/Nets  |  Dont Touch  |  Iterations  |  Elapsed   |
-----------------------------------------------------------------------------------------------------------------------------------------------------------
|  LUT Combining                                    |            0  |            122  |                   122  |           0  |           1  |  00:00:00  |
|  Retime                                           |            0  |              0  |                     0  |           0  |           1  |  00:00:00  |
|  Very High Fanout                                 |            0  |              0  |                     0  |           0  |           1  |  00:00:00  |
|  DSP Register                                     |            0  |              0  |                     0  |           0  |           0  |  00:00:00  |
|  Shift Register to Pipeline                       |            0  |              0  |                     0  |           0  |           0  |  00:00:00  |
|  Shift Register                                   |            0  |              0  |                     0  |           0  |           0  |  00:00:00  |
|  BRAM Register                                    |            0  |              0  |                     0  |           0  |           0  |  00:00:00  |
|  URAM Register                                    |            0  |              0  |                     0  |           0  |           0  |  00:00:00  |
|  Dynamic/Static Region Interface Net Replication  |            0  |              0  |                     0  |           0  |           1  |  00:00:00  |
|  Total                                            |            0  |            122  |                   122  |           0  |           4  |  00:00:00  |
-----------------------------------------------------------------------------------------------------------------------------------------------------------


Phase 2.5.2 Physical Synthesis In Placer | Checksum: 2110f8503

Time (s): cpu = 00:00:08 ; elapsed = 00:00:06 . Memory (MB): peak = 2201.676 ; gain = 0.000
Phase 2.5 Global Place Phase2 | Checksum: 2915a1c95

Time (s): cpu = 00:00:09 ; elapsed = 00:00:06 . Memory (MB): peak = 2201.676 ; gain = 0.000
Phase 2 Global Placement | Checksum: 2915a1c95

Time (s): cpu = 00:00:09 ; elapsed = 00:00:06 . Memory (MB): peak = 2201.676 ; gain = 0.000

Phase 3 Detail Placement

Phase 3.1 Commit Multi Column Macros
Phase 3.1 Commit Multi Column Macros | Checksum: 2331f77eb

Time (s): cpu = 00:00:09 ; elapsed = 00:00:07 . Memory (MB): peak = 2201.676 ; gain = 0.000

Phase 3.2 Commit Most Macros & LUTRAMs
Phase 3.2 Commit Most Macros & LUTRAMs | Checksum: 190b1e2bf

Time (s): cpu = 00:00:10 ; elapsed = 00:00:07 . Memory (MB): peak = 2201.676 ; gain = 0.000

Phase 3.3 Area Swap Optimization
Phase 3.3 Area Swap Optimization | Checksum: 2310523c7

Time (s): cpu = 00:00:10 ; elapsed = 00:00:07 . Memory (MB): peak = 2201.676 ; gain = 0.000

Phase 3.4 Pipeline Register Optimization
Phase 3.4 Pipeline Register Optimization | Checksum: 23d4af19a

Time (s): cpu = 00:00:10 ; elapsed = 00:00:07 . Memory (MB): peak = 2201.676 ; gain = 0.000

Phase 3.5 Small Shape Detail Placement
Phase 3.5 Small Shape Detail Placement | Checksum: 1a6b4a42c

Time (s): cpu = 00:00:12 ; elapsed = 00:00:09 . Memory (MB): peak = 2201.676 ; gain = 0.000

Phase 3.6 Re-assign LUT pins
Phase 3.6 Re-assign LUT pins | Checksum: 1a12bc541

Time (s): cpu = 00:00:13 ; elapsed = 00:00:10 . Memory (MB): peak = 2201.676 ; gain = 0.000

Phase 3.7 Pipeline Register Optimization
Phase 3.7 Pipeline Register Optimization | Checksum: 262ee2c20

Time (s): cpu = 00:00:13 ; elapsed = 00:00:10 . Memory (MB): peak = 2201.676 ; gain = 0.000
Phase 3 Detail Placement | Checksum: 262ee2c20

Time (s): cpu = 00:00:13 ; elapsed = 00:00:10 . Memory (MB): peak = 2201.676 ; gain = 0.000

Phase 4 Post Placement Optimization and Clean-Up

Phase 4.1 Post Commit Optimization
INFO: [Timing 38-35] Done setting XDC timing constraints.

Phase 4.1.1 Post Placement Optimization
Post Placement Optimization Initialization | Checksum: 28fdf299a

Phase 4.1.1.1 BUFG Insertion

Starting Physical Synthesis Task

Phase 1 Physical Synthesis Initialization
INFO: [Physopt 32-721] Multithreading enabled for phys_opt_design using a maximum of 2 CPUs
INFO: [Physopt 32-619] Estimated Timing Summary | WNS=2.226 | TNS=0.000 |
Phase 1 Physical Synthesis Initialization | Checksum: 1d146f4fe

Time (s): cpu = 00:00:00 ; elapsed = 00:00:00.191 . Memory (MB): peak = 2201.676 ; gain = 0.000
INFO: [Place 46-56] BUFG insertion identified 0 candidate nets. Inserted BUFG: 0, Replicated BUFG Driver: 0, Skipped due to Placement/Routing Conflicts: 0, Skipped due to Timing Degradation: 0, Skipped due to netlist editing failed: 0.
Ending Physical Synthesis Task | Checksum: 239bf8553

Time (s): cpu = 00:00:00 ; elapsed = 00:00:00.233 . Memory (MB): peak = 2201.676 ; gain = 0.000
Phase 4.1.1.1 BUFG Insertion | Checksum: 28fdf299a

Time (s): cpu = 00:00:15 ; elapsed = 00:00:11 . Memory (MB): peak = 2201.676 ; gain = 0.000

Phase 4.1.1.2 Post Placement Timing Optimization
INFO: [Place 30-746] Post Placement Timing Summary WNS=2.226. For the most accurate timing information please run report_timing.
Phase 4.1.1.2 Post Placement Timing Optimization | Checksum: 2597dbe4e

Time (s): cpu = 00:00:15 ; elapsed = 00:00:11 . Memory (MB): peak = 2201.676 ; gain = 0.000

Time (s): cpu = 00:00:15 ; elapsed = 00:00:11 . Memory (MB): peak = 2201.676 ; gain = 0.000
Phase 4.1 Post Commit Optimization | Checksum: 2597dbe4e

Time (s): cpu = 00:00:15 ; elapsed = 00:00:11 . Memory (MB): peak = 2201.676 ; gain = 0.000

Phase 4.2 Post Placement Cleanup
Phase 4.2 Post Placement Cleanup | Checksum: 2597dbe4e

Time (s): cpu = 00:00:15 ; elapsed = 00:00:11 . Memory (MB): peak = 2201.676 ; gain = 0.000

Phase 4.3 Placer Reporting

Phase 4.3.1 Print Estimated Congestion
INFO: [Place 30-612] Post-Placement Estimated Congestion 
 ____________________________________________________
|           | Global Congestion | Short Congestion  |
| Direction | Region Size       | Region Size       |
|___________|___________________|___________________|
|      North|                1x1|                2x2|
|___________|___________________|___________________|
|      South|                1x1|                1x1|
|___________|___________________|___________________|
|       East|                1x1|                1x1|
|___________|___________________|___________________|
|       West|                1x1|                1x1|
|___________|___________________|___________________|

Phase 4.3.1 Print Estimated Congestion | Checksum: 2597dbe4e

Time (s): cpu = 00:00:15 ; elapsed = 00:00:11 . Memory (MB): peak = 2201.676 ; gain = 0.000
Phase 4.3 Placer Reporting | Checksum: 2597dbe4e

Time (s): cpu = 00:00:15 ; elapsed = 00:00:11 . Memory (MB): peak = 2201.676 ; gain = 0.000

Phase 4.4 Final Placement Cleanup
Netlist sorting complete. Time (s): cpu = 00:00:00 ; elapsed = 00:00:00.008 . Memory (MB): peak = 2201.676 ; gain = 0.000

Time (s): cpu = 00:00:15 ; elapsed = 00:00:11 . Memory (MB): peak = 2201.676 ; gain = 0.000
Phase 4 Post Placement Optimization and Clean-Up | Checksum: 28e0d8977

Time (s): cpu = 00:00:16 ; elapsed = 00:00:11 . Memory (MB): peak = 2201.676 ; gain = 0.000
Ending Placer Task | Checksum: 1d5a881a6

Time (s): cpu = 00:00:16 ; elapsed = 00:00:11 . Memory (MB): peak = 2201.676 ; gain = 0.000
99 Infos, 31 Warnings, 0 Critical Warnings and 0 Errors encountered.
place_design completed successfully
place_design: Time (s): cpu = 00:00:20 ; elapsed = 00:00:13 . Memory (MB): peak = 2201.676 ; gain = 0.000
INFO: [Vivado 12-24838] Running report commands "report_control_sets, report_io, report_utilization" in parallel.
Running report generation with 2 threads.
INFO: [Vivado 12-24828] Executing command : report_io -file esp32_system_wrapper_io_placed.rpt
report_io: Time (s): cpu = 00:00:00 ; elapsed = 00:00:00.074 . Memory (MB): peak = 2201.676 ; gain = 0.000
INFO: [Vivado 12-24828] Executing command : report_utilization -file esp32_system_wrapper_utilization_placed.rpt -pb esp32_system_wrapper_utilization_placed.pb
INFO: [Vivado 12-24828] Executing command : report_control_sets -verbose -file esp32_system_wrapper_control_sets_placed.rpt
report_control_sets: Time (s): cpu = 00:00:00 ; elapsed = 00:00:00.029 . Memory (MB): peak = 2201.676 ; gain = 0.000
INFO: [Timing 38-480] Writing timing data to binary archive.
Write ShapeDB Complete: Time (s): cpu = 00:00:00 ; elapsed = 00:00:00.032 . Memory (MB): peak = 2201.676 ; gain = 0.000
Wrote PlaceDB: Time (s): cpu = 00:00:01 ; elapsed = 00:00:00.493 . Memory (MB): peak = 2201.676 ; gain = 0.000
Wrote PulsedLatchDB: Time (s): cpu = 00:00:00 ; elapsed = 00:00:00 . Memory (MB): peak = 2201.676 ; gain = 0.000
Writing XDEF routing.
Writing XDEF routing logical nets.
Writing XDEF routing special nets.
Wrote RouteStorage: Time (s): cpu = 00:00:01 ; elapsed = 00:00:00.026 . Memory (MB): peak = 2201.676 ; gain = 0.000
Wrote Netlist Cache: Time (s): cpu = 00:00:00 ; elapsed = 00:00:00.009 . Memory (MB): peak = 2201.676 ; gain = 0.000
Wrote Device Cache: Time (s): cpu = 00:00:00 ; elapsed = 00:00:00.010 . Memory (MB): peak = 2201.676 ; gain = 0.000
Write Physdb Complete: Time (s): cpu = 00:00:02 ; elapsed = 00:00:00.549 . Memory (MB): peak = 2201.676 ; gain = 0.000
INFO: [Common 17-1381] The checkpoint 'F:/esp32/esp32.runs/impl_1/esp32_system_wrapper_placed.dcp' has been generated.
Command: phys_opt_design
Attempting to get a license for feature 'Implementation' and/or device 'xc7a100t'
INFO: [Common 17-349] Got license for feature 'Implementation' and/or device 'xc7a100t'

Starting Initial Update Timing Task

Time (s): cpu = 00:00:02 ; elapsed = 00:00:00.891 . Memory (MB): peak = 2201.676 ; gain = 0.000
INFO: [Vivado_Tcl 4-2279] Estimated Timing Summary | WNS= 2.226 | TNS= 0.000 | 
INFO: [Vivado_Tcl 4-383] Design worst setup slack (WNS) is greater than or equal to 0.000 ns. All physical synthesis setup optimizations will be skipped.
INFO: [Vivado_Tcl 4-232] No setup violation found. The netlist was not modified.
INFO: [Common 17-83] Releasing license: Implementation
110 Infos, 31 Warnings, 0 Critical Warnings and 0 Errors encountered.
phys_opt_design completed successfully
INFO: [Timing 38-480] Writing timing data to binary archive.
Write ShapeDB Complete: Time (s): cpu = 00:00:00 ; elapsed = 00:00:00.036 . Memory (MB): peak = 2201.676 ; gain = 0.000
Wrote PlaceDB: Time (s): cpu = 00:00:01 ; elapsed = 00:00:00.478 . Memory (MB): peak = 2201.676 ; gain = 0.000
Wrote PulsedLatchDB: Time (s): cpu = 00:00:00 ; elapsed = 00:00:00 . Memory (MB): peak = 2201.676 ; gain = 0.000
Writing XDEF routing.
Writing XDEF routing logical nets.
Writing XDEF routing special nets.
Wrote RouteStorage: Time (s): cpu = 00:00:01 ; elapsed = 00:00:00.023 . Memory (MB): peak = 2201.676 ; gain = 0.000
Wrote Netlist Cache: Time (s): cpu = 00:00:00 ; elapsed = 00:00:00.009 . Memory (MB): peak = 2201.676 ; gain = 0.000
Wrote Device Cache: Time (s): cpu = 00:00:00 ; elapsed = 00:00:00.006 . Memory (MB): peak = 2201.676 ; gain = 0.000
Write Physdb Complete: Time (s): cpu = 00:00:02 ; elapsed = 00:00:00.522 . Memory (MB): peak = 2201.676 ; gain = 0.000
INFO: [Common 17-1381] The checkpoint 'F:/esp32/esp32.runs/impl_1/esp32_system_wrapper_physopt.dcp' has been generated.
Command: route_design
Attempting to get a license for feature 'Implementation' and/or device 'xc7a100t'
INFO: [Common 17-349] Got license for feature 'Implementation' and/or device 'xc7a100t'


Starting Routing Task
INFO: [Route 35-254] Multithreading enabled for route_design using a maximum of 2 CPUs

Phase 1 Build RT Design
Checksum: PlaceDB: a56ca3dc ConstDB: 0 ShapeSum: 7e697e34 RouteDB: b1d25f96
Post Restoration Checksum: NetGraph: 280fc107 | NumContArr: d994cd54 | Constraints: c2a8fa9d | Timing: c2a8fa9d
Phase 1 Build RT Design | Checksum: 286f68395

Time (s): cpu = 00:00:34 ; elapsed = 00:00:30 . Memory (MB): peak = 2291.953 ; gain = 90.277

Phase 2 Router Initialization

Phase 2.1 Fix Topology Constraints
Phase 2.1 Fix Topology Constraints | Checksum: 286f68395

Time (s): cpu = 00:00:34 ; elapsed = 00:00:30 . Memory (MB): peak = 2291.953 ; gain = 90.277

Phase 2.2 Pre Route Cleanup
Phase 2.2 Pre Route Cleanup | Checksum: 286f68395

Time (s): cpu = 00:00:34 ; elapsed = 00:00:30 . Memory (MB): peak = 2291.953 ; gain = 90.277
 Number of Nodes with overlaps = 0

Phase 2.3 Update Timing
Phase 2.3 Update Timing | Checksum: 24dcd2559

Time (s): cpu = 00:00:37 ; elapsed = 00:00:33 . Memory (MB): peak = 2334.285 ; gain = 132.609
INFO: [Route 35-416] Intermediate Timing Summary | WNS=2.292  | TNS=0.000  | WHS=-0.251 | THS=-252.957|


Phase 2.4 Soft Constraint Pins - Fast Budgeting
Phase 2.4 Soft Constraint Pins - Fast Budgeting | Checksum: 2535012a4

Time (s): cpu = 00:00:38 ; elapsed = 00:00:36 . Memory (MB): peak = 2359.184 ; gain = 157.508

Router Utilization Summary
  Global Vertical Routing Utilization    = 0.00182791 %
  Global Horizontal Routing Utilization  = 0.00206024 %
  Routable Net Status*
  *Does not include unroutable nets such as driverless and loadless.
  Run report_route_status for detailed report.
  Number of Failed Nets               = 5489
    (Failed Nets is the sum of unrouted and partially routed nets)
  Number of Unrouted Nets             = 5489
  Number of Partially Routed Nets     = 0
  Number of Node Overlaps             = 0

Phase 2 Router Initialization | Checksum: 1f2cf84ad

Time (s): cpu = 00:00:39 ; elapsed = 00:00:37 . Memory (MB): peak = 2359.184 ; gain = 157.508

Phase 3 Global Routing
Phase 3 Global Routing | Checksum: 1f2cf84ad

Time (s): cpu = 00:00:39 ; elapsed = 00:00:37 . Memory (MB): peak = 2359.184 ; gain = 157.508

Phase 4 Initial Routing

Phase 4.1 Initial Net Routing Pass
Phase 4.1 Initial Net Routing Pass | Checksum: 17da52edc

Time (s): cpu = 00:00:42 ; elapsed = 00:00:40 . Memory (MB): peak = 2359.184 ; gain = 157.508
Phase 4 Initial Routing | Checksum: 17da52edc

Time (s): cpu = 00:00:42 ; elapsed = 00:00:40 . Memory (MB): peak = 2359.184 ; gain = 157.508

Phase 5 Rip-up And Reroute

Phase 5.1 Global Iteration 0
 Number of Nodes with overlaps = 475
 Number of Nodes with overlaps = 31
 Number of Nodes with overlaps = 4
 Number of Nodes with overlaps = 2
 Number of Nodes with overlaps = 0
INFO: [Route 35-416] Intermediate Timing Summary | WNS=1.961  | TNS=0.000  | WHS=N/A    | THS=N/A    |

Phase 5.1 Global Iteration 0 | Checksum: 232f6bf36

Time (s): cpu = 00:00:46 ; elapsed = 00:00:43 . Memory (MB): peak = 2359.184 ; gain = 157.508

Phase 5.2 Global Iteration 1
 Number of Nodes with overlaps = 1
 Number of Nodes with overlaps = 0
INFO: [Route 35-416] Intermediate Timing Summary | WNS=1.961  | TNS=0.000  | WHS=N/A    | THS=N/A    |

Phase 5.2 Global Iteration 1 | Checksum: 281502986

Time (s): cpu = 00:00:46 ; elapsed = 00:00:43 . Memory (MB): peak = 2359.184 ; gain = 157.508
Phase 5 Rip-up And Reroute | Checksum: 281502986

Time (s): cpu = 00:00:46 ; elapsed = 00:00:43 . Memory (MB): peak = 2359.184 ; gain = 157.508

Phase 6 Delay and Skew Optimization

Phase 6.1 Delay CleanUp
Phase 6.1 Delay CleanUp | Checksum: 281502986

Time (s): cpu = 00:00:46 ; elapsed = 00:00:43 . Memory (MB): peak = 2359.184 ; gain = 157.508

Phase 6.2 Clock Skew Optimization
Phase 6.2 Clock Skew Optimization | Checksum: 281502986

Time (s): cpu = 00:00:46 ; elapsed = 00:00:43 . Memory (MB): peak = 2359.184 ; gain = 157.508
Phase 6 Delay and Skew Optimization | Checksum: 281502986

Time (s): cpu = 00:00:46 ; elapsed = 00:00:43 . Memory (MB): peak = 2359.184 ; gain = 157.508

Phase 7 Post Hold Fix

Phase 7.1 Hold Fix Iter
INFO: [Route 35-416] Intermediate Timing Summary | WNS=1.980  | TNS=0.000  | WHS=0.027  | THS=0.000  |

Phase 7.1 Hold Fix Iter | Checksum: 2c680e99a

Time (s): cpu = 00:00:47 ; elapsed = 00:00:43 . Memory (MB): peak = 2359.184 ; gain = 157.508
Phase 7 Post Hold Fix | Checksum: 2c680e99a

Time (s): cpu = 00:00:47 ; elapsed = 00:00:43 . Memory (MB): peak = 2359.184 ; gain = 157.508

Phase 8 Route finalize

Router Utilization Summary
  Global Vertical Routing Utilization    = 0.833616 %
  Global Horizontal Routing Utilization  = 1.19338 %
  Routable Net Status*
  *Does not include unroutable nets such as driverless and loadless.
  Run report_route_status for detailed report.
  Number of Failed Nets               = 0
    (Failed Nets is the sum of unrouted and partially routed nets)
  Number of Unrouted Nets             = 0
  Number of Partially Routed Nets     = 0
  Number of Node Overlaps             = 0

Phase 8 Route finalize | Checksum: 2c680e99a

Time (s): cpu = 00:00:47 ; elapsed = 00:00:43 . Memory (MB): peak = 2359.184 ; gain = 157.508

Phase 9 Verifying routed nets

 Verification completed successfully
Phase 9 Verifying routed nets | Checksum: 2c680e99a

Time (s): cpu = 00:00:47 ; elapsed = 00:00:43 . Memory (MB): peak = 2359.184 ; gain = 157.508

Phase 10 Depositing Routes
Phase 10 Depositing Routes | Checksum: 22ba15953

Time (s): cpu = 00:00:47 ; elapsed = 00:00:44 . Memory (MB): peak = 2359.184 ; gain = 157.508

Phase 11 Post Process Routing
Phase 11 Post Process Routing | Checksum: 22ba15953

Time (s): cpu = 00:00:47 ; elapsed = 00:00:44 . Memory (MB): peak = 2359.184 ; gain = 157.508

Phase 12 Post Router Timing
INFO: [Route 35-57] Estimated Timing Summary | WNS=1.980  | TNS=0.000  | WHS=0.027  | THS=0.000  |

INFO: [Route 35-327] The final timing numbers are based on the router estimated timing analysis. For a complete and accurate timing signoff, please run report_timing_summary.
Phase 12 Post Router Timing | Checksum: 22ba15953

Time (s): cpu = 00:00:47 ; elapsed = 00:00:44 . Memory (MB): peak = 2359.184 ; gain = 157.508
Total Elapsed time in route_design: 43.685 secs

Phase 13 Post-Route Event Processing
Phase 13 Post-Route Event Processing | Checksum: 12fef2880

Time (s): cpu = 00:00:47 ; elapsed = 00:00:44 . Memory (MB): peak = 2359.184 ; gain = 157.508
INFO: [Route 35-16] Router Completed Successfully
Ending Routing Task | Checksum: 12fef2880

Time (s): cpu = 00:00:47 ; elapsed = 00:00:44 . Memory (MB): peak = 2359.184 ; gain = 157.508

Routing Is Done.
INFO: [Common 17-83] Releasing license: Implementation
122 Infos, 31 Warnings, 0 Critical Warnings and 0 Errors encountered.
route_design completed successfully
route_design: Time (s): cpu = 00:00:47 ; elapsed = 00:00:44 . Memory (MB): peak = 2359.184 ; gain = 157.508
INFO: [Vivado 12-24828] Executing command : report_drc -file esp32_system_wrapper_drc_routed.rpt -pb esp32_system_wrapper_drc_routed.pb -rpx esp32_system_wrapper_drc_routed.rpx
Command: report_drc -file esp32_system_wrapper_drc_routed.rpt -pb esp32_system_wrapper_drc_routed.pb -rpx esp32_system_wrapper_drc_routed.rpx
INFO: [IP_Flow 19-1839] IP Catalog is up to date.
INFO: [DRC 23-27] Running DRC with 2 threads
INFO: [Vivado_Tcl 2-168] The results of DRC are in file F:/esp32/esp32.runs/impl_1/esp32_system_wrapper_drc_routed.rpt.
report_drc completed successfully
INFO: [Vivado 12-24828] Executing command : report_methodology -file esp32_system_wrapper_methodology_drc_routed.rpt -pb esp32_system_wrapper_methodology_drc_routed.pb -rpx esp32_system_wrapper_methodology_drc_routed.rpx
Command: report_methodology -file esp32_system_wrapper_methodology_drc_routed.rpt -pb esp32_system_wrapper_methodology_drc_routed.pb -rpx esp32_system_wrapper_methodology_drc_routed.rpx
INFO: [Timing 38-35] Done setting XDC timing constraints.
INFO: [DRC 23-133] Running Methodology with 2 threads
INFO: [Vivado_Tcl 2-1520] The results of Report Methodology are in file F:/esp32/esp32.runs/impl_1/esp32_system_wrapper_methodology_drc_routed.rpt.
report_methodology completed successfully
report_methodology: Time (s): cpu = 00:00:12 ; elapsed = 00:00:07 . Memory (MB): peak = 2395.406 ; gain = 28.848
INFO: [Vivado 12-24828] Executing command : report_timing_summary -max_paths 10 -routable_nets -report_unconstrained -file esp32_system_wrapper_timing_summary_routed.rpt -pb esp32_system_wrapper_timing_summary_routed.pb -rpx esp32_system_wrapper_timing_summary_routed.rpx -warn_on_violation 
INFO: [Timing 38-35] Done setting XDC timing constraints.
INFO: [Timing 38-91] UpdateTimingParams: Speed grade: -1, Delay Type: min_max.
INFO: [Timing 38-191] Multithreading enabled for timing update using a maximum of 2 CPUs
INFO: [Vivado 12-24838] Running report commands "report_incremental_reuse, report_route_status" in parallel.
Running report generation with 2 threads.
INFO: [Vivado 12-24828] Executing command : report_incremental_reuse -file esp32_system_wrapper_incremental_reuse_routed.rpt
INFO: [Vivado_Tcl 4-1062] Incremental flow is disabled. No incremental reuse Info to report.
INFO: [Vivado 12-24828] Executing command : report_route_status -file esp32_system_wrapper_route_status.rpt -pb esp32_system_wrapper_route_status.pb
INFO: [Vivado 12-24828] Executing command : report_power -file esp32_system_wrapper_power_routed.rpt -pb esp32_system_wrapper_power_summary_routed.pb -rpx esp32_system_wrapper_power_routed.rpx
Command: report_power -file esp32_system_wrapper_power_routed.rpt -pb esp32_system_wrapper_power_summary_routed.pb -rpx esp32_system_wrapper_power_routed.rpx
Running Vector-less Activity Propagation...

Finished Running Vector-less Activity Propagation
WARNING: [Power 33-332] Found switching activity that implies high-fanout reset nets being asserted for excessive periods of time which may result in inaccurate power analysis.
Resolution: To review and fix problems, please run Power Constraints Advisor in the GUI from Tools > Power Constraints Advisor or run report_power with the -advisory option to generate a text report.
139 Infos, 32 Warnings, 0 Critical Warnings and 0 Errors encountered.
report_power completed successfully
INFO: [Vivado 12-24828] Executing command : report_clock_utilization -file esp32_system_wrapper_clock_utilization_routed.rpt
INFO: [Vivado 12-24828] Executing command : report_bus_skew -warn_on_violation -file esp32_system_wrapper_bus_skew_routed.rpt -pb esp32_system_wrapper_bus_skew_routed.pb -rpx esp32_system_wrapper_bus_skew_routed.rpx
INFO: [Timing 38-91] UpdateTimingParams: Speed grade: -1, Delay Type: min_max.
INFO: [Timing 38-191] Multithreading enabled for timing update using a maximum of 2 CPUs
generate_parallel_reports: Time (s): cpu = 00:00:24 ; elapsed = 00:00:13 . Memory (MB): peak = 2404.184 ; gain = 45.000
INFO: [Timing 38-480] Writing timing data to binary archive.
Write ShapeDB Complete: Time (s): cpu = 00:00:00 ; elapsed = 00:00:00.020 . Memory (MB): peak = 2414.430 ; gain = 9.953
Wrote PlaceDB: Time (s): cpu = 00:00:01 ; elapsed = 00:00:00.508 . Memory (MB): peak = 2437.305 ; gain = 32.824
Wrote PulsedLatchDB: Time (s): cpu = 00:00:00 ; elapsed = 00:00:00 . Memory (MB): peak = 2437.305 ; gain = 0.000
Writing XDEF routing.
Writing XDEF routing logical nets.
Writing XDEF routing special nets.
Wrote RouteStorage: Time (s): cpu = 00:00:01 ; elapsed = 00:00:00.088 . Memory (MB): peak = 2437.305 ; gain = 0.000
Wrote Netlist Cache: Time (s): cpu = 00:00:00 ; elapsed = 00:00:00.010 . Memory (MB): peak = 2437.305 ; gain = 0.000
Wrote Device Cache: Time (s): cpu = 00:00:00 ; elapsed = 00:00:00.010 . Memory (MB): peak = 2437.305 ; gain = 0.000
Write Physdb Complete: Time (s): cpu = 00:00:02 ; elapsed = 00:00:00.651 . Memory (MB): peak = 2437.305 ; gain = 32.824
INFO: [Common 17-1381] The checkpoint 'F:/esp32/esp32.runs/impl_1/esp32_system_wrapper_routed.dcp' has been generated.
INFO: [Memdata 28-167] Found XPM memory block esp32_system_i/PmodOLEDrgb_0/inst/axi_quad_spi_0/U0/NO_DUAL_QUAD_MODE.QSPI_NORMAL/QSPI_LEGACY_MD_GEN.QSPI_CORE_INTERFACE_I/FIFO_EXISTS.TX_FIFO_II/gnuram_async_fifo.xpm_fifo_base_inst/gen_sdpram.xpm_memory_base_inst with a P_MEMORY_PRIMITIVE property set to auto. A value of block is required. You will not be able to use the updatemem program to update the bitstream with new data for the esp32_system_i/PmodOLEDrgb_0/inst/axi_quad_spi_0/U0/NO_DUAL_QUAD_MODE.QSPI_NORMAL/QSPI_LEGACY_MD_GEN.QSPI_CORE_INTERFACE_I/FIFO_EXISTS.TX_FIFO_II/gnuram_async_fifo.xpm_fifo_base_inst/gen_sdpram.xpm_memory_base_inst block.
INFO: [Memdata 28-167] Found XPM memory block esp32_system_i/PmodOLEDrgb_0/inst/axi_quad_spi_0/U0/NO_DUAL_QUAD_MODE.QSPI_NORMAL/QSPI_LEGACY_MD_GEN.QSPI_CORE_INTERFACE_I/FIFO_EXISTS.RX_FIFO_II/gnuram_async_fifo.xpm_fifo_base_inst/gen_sdpram.xpm_memory_base_inst with a P_MEMORY_PRIMITIVE property set to auto. A value of block is required. You will not be able to use the updatemem program to update the bitstream with new data for the esp32_system_i/PmodOLEDrgb_0/inst/axi_quad_spi_0/U0/NO_DUAL_QUAD_MODE.QSPI_NORMAL/QSPI_LEGACY_MD_GEN.QSPI_CORE_INTERFACE_I/FIFO_EXISTS.RX_FIFO_II/gnuram_async_fifo.xpm_fifo_base_inst/gen_sdpram.xpm_memory_base_inst block.
Command: write_bitstream -force esp32_system_wrapper.bit
Attempting to get a license for feature 'Implementation' and/or device 'xc7a100t'
INFO: [Common 17-349] Got license for feature 'Implementation' and/or device 'xc7a100t'
Running DRC as a precondition to command write_bitstream
INFO: [IP_Flow 19-1839] IP Catalog is up to date.
INFO: [DRC 23-27] Running DRC with 2 threads
INFO: [Vivado 12-3199] DRC finished with 0 Errors
INFO: [Vivado 12-3200] Please refer to the DRC report (report_drc) for more information.
INFO: [Designutils 20-2272] Running write_bitstream with 2 threads.
Loading data files...
Loading site data...
Loading route data...
Processing options...
Creating bitmap...
Creating bitstream...
Writing bitstream ./esp32_system_wrapper.bit...
INFO: [Vivado 12-1842] Bitgen Completed Successfully.
INFO: [Common 17-83] Releasing license: Implementation
155 Infos, 32 Warnings, 0 Critical Warnings and 0 Errors encountered.
write_bitstream completed successfully
write_bitstream: Time (s): cpu = 00:00:20 ; elapsed = 00:00:14 . Memory (MB): peak = 2916.387 ; gain = 479.082
INFO: [Common 17-206] Exiting Vivado at Tue Jan  6 13:52:56 2026...
