#-----------------------------------------------------------
# Vivado v2025.1 (64-bit)
# SW Build 6140274 on Thu May 22 00:12:29 MDT 2025
# IP Build 6138677 on Thu May 22 03:10:11 MDT 2025
# SharedData Build 6139179 on Tue May 20 17:58:58 MDT 2025
# Start of session at: Fri Nov 14 15:38:16 2025
# Process ID         : 11892
# Current directory  : F:/AHE_Final_Labs/Lab_2/Exercise_1/counter_ip_project/counter_ip_project.runs/synth_1
# Command line       : vivado.exe -log counter_circuit_4_bit_wrapper.vds -product Vivado -mode batch -messageDb vivado.pb -notrace -source counter_circuit_4_bit_wrapper.tcl
# Log file           : F:/AHE_Final_Labs/Lab_2/Exercise_1/counter_ip_project/counter_ip_project.runs/synth_1/counter_circuit_4_bit_wrapper.vds
# Journal file       : F:/AHE_Final_Labs/Lab_2/Exercise_1/counter_ip_project/counter_ip_project.runs/synth_1\vivado.jou
# Running On         : RUHUL
# Platform           : Windows Server 2016 or Windows 10
# Operating System   : 26100
# Processor Detail   : 11th Gen Intel(R) Core(TM) i7-1165G7 @ 2.80GHz
# CPU Frequency      : 2803 MHz
# CPU Physical cores : 4
# CPU Logical cores  : 8
# Host memory        : 8344 MB
# Swap memory        : 13957 MB
# Total Virtual      : 22302 MB
# Available Virtual  : 6965 MB
#-----------------------------------------------------------
source counter_circuit_4_bit_wrapper.tcl -notrace
